[0.020s][info][gc] Using G1
[0.022s][info][gc,init] Version: 17.0.6+9-LTS-190 (release)
[0.022s][info][gc,init] CPUs: 4 total, 4 available
[0.022s][info][gc,init] Memory: 15351M
[0.022s][info][gc,init] Large Page Support: Disabled
[0.022s][info][gc,init] NUMA Support: Disabled
[0.022s][info][gc,init] Compressed Oops: Enabled (32-bit)
[0.022s][info][gc,init] Heap Region Size: 1M
[0.022s][info][gc,init] Heap Min Capacity: 512M
[0.022s][info][gc,init] Heap Initial Capacity: 512M
[0.022s][info][gc,init] Heap Max Capacity: 1G
[0.022s][info][gc,init] Pre-touch: Disabled
[0.022s][info][gc,init] Parallel Workers: 4
[0.022s][info][gc,init] Concurrent Workers: 1
[0.022s][info][gc,init] Concurrent Refinement Workers: 4
[0.022s][info][gc,init] Periodic GC: Disabled
[0.022s][info][gc,metaspace] CDS archive(s) mapped at: [0x0000000800000000-0x0000000800be3000-0x0000000800be3000), size 12464128, SharedBaseAddress: 0x0000000800000000, ArchiveRelocationMode: 0.
[0.022s][info][gc,metaspace] Compressed class space mapped at: 0x0000000800c00000-0x0000000840c00000, reserved size: 1073741824
[0.022s][info][gc,metaspace] Narrow klass base: 0x0000000800000000, Narrow klass shift: 0, Narrow klass range: 0x100000000
[0.267s][info][gc,start    ] GC(0) Pause Young (Normal) (G1 Evacuation Pause)
[0.267s][info][gc,task     ] GC(0) Using 4 workers of 4 for evacuation
[0.271s][info][gc,phases   ] GC(0)   Pre Evacuate Collection Set: 0.1ms
[0.271s][info][gc,phases   ] GC(0)   Merge Heap Roots: 0.0ms
[0.271s][info][gc,phases   ] GC(0)   Evacuate Collection Set: 3.8ms
[0.271s][info][gc,phases   ] GC(0)   Post Evacuate Collection Set: 0.2ms
[0.271s][info][gc,phases   ] GC(0)   Other: 0.3ms
[0.271s][info][gc,heap     ] GC(0) Eden regions: 25->0(26)
[0.271s][info][gc,heap     ] GC(0) Survivor regions: 0->4(4)
[0.271s][info][gc,heap     ] GC(0) Old regions: 0->0
[0.271s][info][gc,heap     ] GC(0) Archive regions: 2->2
[0.271s][info][gc,heap     ] GC(0) Humongous regions: 0->0
[0.271s][info][gc,metaspace] GC(0) Metaspace: 2024K(2240K)->2024K(2240K) NonClass: 1816K(1920K)->1816K(1920K) Class: 208K(320K)->208K(320K)
[0.271s][info][gc          ] GC(0) Pause Young (Normal) (G1 Evacuation Pause) 25M->4M(514M) 4.493ms
[0.271s][info][gc,cpu      ] GC(0) User=0.01s Sys=0.01s Real=0.01s
[0.581s][info][gc,start    ] GC(1) Pause Young (Normal) (G1 Evacuation Pause)
[0.581s][info][gc,task     ] GC(1) Using 4 workers of 4 for evacuation
[0.590s][info][gc,phases   ] GC(1)   Pre Evacuate Collection Set: 0.1ms
[0.590s][info][gc,phases   ] GC(1)   Merge Heap Roots: 0.0ms
[0.590s][info][gc,phases   ] GC(1)   Evacuate Collection Set: 8.5ms
[0.590s][info][gc,phases   ] GC(1)   Post Evacuate Collection Set: 0.4ms
[0.590s][info][gc,phases   ] GC(1)   Other: 0.1ms
[0.590s][info][gc,heap     ] GC(1) Eden regions: 26->0(77)
[0.590s][info][gc,heap     ] GC(1) Survivor regions: 4->2(4)
[0.590s][info][gc,heap     ] GC(1) Old regions: 0->4
[0.590s][info][gc,heap     ] GC(1) Archive regions: 2->2
[0.590s][info][gc,heap     ] GC(1) Humongous regions: 0->0
[0.590s][info][gc,metaspace] GC(1) Metaspace: 6372K(6656K)->6372K(6656K) NonClass: 5624K(5760K)->5624K(5760K) Class: 747K(896K)->747K(896K)
[0.590s][info][gc          ] GC(1) Pause Young (Normal) (G1 Evacuation Pause) 30M->6M(514M) 9.299ms
[0.590s][info][gc,cpu      ] GC(1) User=0.03s Sys=0.00s Real=0.01s
[1.312s][info][gc,start    ] GC(2) Pause Young (Normal) (G1 Evacuation Pause)
[1.312s][info][gc,task     ] GC(2) Using 4 workers of 4 for evacuation
[1.316s][info][gc,phases   ] GC(2)   Pre Evacuate Collection Set: 0.1ms
[1.316s][info][gc,phases   ] GC(2)   Merge Heap Roots: 0.0ms
[1.316s][info][gc,phases   ] GC(2)   Evacuate Collection Set: 4.4ms
[1.316s][info][gc,phases   ] GC(2)   Post Evacuate Collection Set: 0.3ms
[1.317s][info][gc,phases   ] GC(2)   Other: 0.1ms
[1.317s][info][gc,heap     ] GC(2) Eden regions: 77->0(131)
[1.317s][info][gc,heap     ] GC(2) Survivor regions: 2->6(10)
[1.317s][info][gc,heap     ] GC(2) Old regions: 4->4
[1.317s][info][gc,heap     ] GC(2) Archive regions: 2->2
[1.317s][info][gc,heap     ] GC(2) Humongous regions: 0->0
[1.317s][info][gc,metaspace] GC(2) Metaspace: 18087K(18368K)->18087K(18368K) NonClass: 15819K(16000K)->15819K(16000K) Class: 2267K(2368K)->2267K(2368K)
[1.317s][info][gc          ] GC(2) Pause Young (Normal) (G1 Evacuation Pause) 83M->10M(514M) 4.994ms
[1.317s][info][gc,cpu      ] GC(2) User=0.01s Sys=0.00s Real=0.01s
[1.676s][info][gc,start    ] GC(3) Pause Young (Concurrent Start) (Metadata GC Threshold)
[1.676s][info][gc,task     ] GC(3) Using 4 workers of 4 for evacuation
[1.681s][info][gc,phases   ] GC(3)   Pre Evacuate Collection Set: 0.1ms
[1.681s][info][gc,phases   ] GC(3)   Merge Heap Roots: 0.0ms
[1.681s][info][gc,phases   ] GC(3)   Evacuate Collection Set: 4.2ms
[1.681s][info][gc,phases   ] GC(3)   Post Evacuate Collection Set: 0.3ms
[1.681s][info][gc,phases   ] GC(3)   Other: 0.1ms
[1.681s][info][gc,heap     ] GC(3) Eden regions: 33->0(173)
[1.681s][info][gc,heap     ] GC(3) Survivor regions: 6->8(18)
[1.681s][info][gc,heap     ] GC(3) Old regions: 4->4
[1.681s][info][gc,heap     ] GC(3) Archive regions: 2->2
[1.681s][info][gc,heap     ] GC(3) Humongous regions: 0->0
[1.681s][info][gc,metaspace] GC(3) Metaspace: 21205K(21504K)->21205K(21504K) NonClass: 18546K(18688K)->18546K(18688K) Class: 2658K(2816K)->2658K(2816K)
[1.681s][info][gc          ] GC(3) Pause Young (Concurrent Start) (Metadata GC Threshold) 43M->12M(514M) 4.814ms
[1.681s][info][gc,cpu      ] GC(3) User=0.01s Sys=0.00s Real=0.00s
[1.681s][info][gc          ] GC(4) Concurrent Mark Cycle
[1.681s][info][gc,marking  ] GC(4) Concurrent Clear Claimed Marks
[1.681s][info][gc,marking  ] GC(4) Concurrent Clear Claimed Marks 0.021ms
[1.681s][info][gc,marking  ] GC(4) Concurrent Scan Root Regions
[1.686s][info][gc,marking  ] GC(4) Concurrent Scan Root Regions 4.664ms
[1.686s][info][gc,marking  ] GC(4) Concurrent Mark
[1.686s][info][gc,marking  ] GC(4) Concurrent Mark From Roots
[1.686s][info][gc,task     ] GC(4) Using 1 workers of 1 for marking
[1.692s][info][gc,marking  ] GC(4) Concurrent Mark From Roots 6.257ms
[1.692s][info][gc,marking  ] GC(4) Concurrent Preclean
[1.692s][info][gc,marking  ] GC(4) Concurrent Preclean 0.043ms
[1.692s][info][gc,start    ] GC(4) Pause Remark
[1.695s][info][gc          ] GC(4) Pause Remark 13M->13M(512M) 2.769ms
[1.695s][info][gc,cpu      ] GC(4) User=0.01s Sys=0.00s Real=0.00s
[1.695s][info][gc,marking  ] GC(4) Concurrent Mark 9.303ms
[1.695s][info][gc,marking  ] GC(4) Concurrent Rebuild Remembered Sets
[1.702s][info][gc,marking  ] GC(4) Concurrent Rebuild Remembered Sets 7.108ms
[1.703s][info][gc,start    ] GC(4) Pause Cleanup
[1.703s][info][gc          ] GC(4) Pause Cleanup 13M->13M(512M) 0.086ms
[1.703s][info][gc,cpu      ] GC(4) User=0.00s Sys=0.00s Real=0.00s
[1.703s][info][gc,marking  ] GC(4) Concurrent Cleanup for Next Mark
[1.708s][info][gc,marking  ] GC(4) Concurrent Cleanup for Next Mark 5.320ms
[1.708s][info][gc          ] GC(4) Concurrent Mark Cycle 27.297ms
[2.530s][info][gc,start    ] GC(5) Pause Young (Prepare Mixed) (G1 Evacuation Pause)
[2.530s][info][gc,task     ] GC(5) Using 4 workers of 4 for evacuation
[2.540s][info][gc,phases   ] GC(5)   Pre Evacuate Collection Set: 0.1ms
[2.540s][info][gc,phases   ] GC(5)   Merge Heap Roots: 0.1ms
[2.540s][info][gc,phases   ] GC(5)   Evacuate Collection Set: 9.2ms
[2.540s][info][gc,phases   ] GC(5)   Post Evacuate Collection Set: 0.5ms
[2.540s][info][gc,phases   ] GC(5)   Other: 0.1ms
[2.540s][info][gc,heap     ] GC(5) Eden regions: 183->0(12)
[2.540s][info][gc,heap     ] GC(5) Survivor regions: 8->13(24)
[2.540s][info][gc,heap     ] GC(5) Old regions: 4->4
[2.540s][info][gc,heap     ] GC(5) Archive regions: 2->2
[2.540s][info][gc,heap     ] GC(5) Humongous regions: 1->0
[2.540s][info][gc,metaspace] GC(5) Metaspace: 33530K(33984K)->33530K(33984K) NonClass: 29372K(29632K)->29372K(29632K) Class: 4158K(4352K)->4158K(4352K)
[2.540s][info][gc          ] GC(5) Pause Young (Prepare Mixed) (G1 Evacuation Pause) 196M->17M(512M) 10.011ms
[2.540s][info][gc,cpu      ] GC(5) User=0.02s Sys=0.01s Real=0.01s
[2.554s][info][gc,start    ] GC(6) Pause Young (Mixed) (G1 Evacuation Pause)
[2.554s][info][gc,task     ] GC(6) Using 4 workers of 4 for evacuation
[2.564s][info][gc,phases   ] GC(6)   Pre Evacuate Collection Set: 0.1ms
[2.564s][info][gc,phases   ] GC(6)   Merge Heap Roots: 0.0ms
[2.564s][info][gc,phases   ] GC(6)   Evacuate Collection Set: 10.2ms
[2.564s][info][gc,phases   ] GC(6)   Post Evacuate Collection Set: 0.3ms
[2.564s][info][gc,phases   ] GC(6)   Other: 0.1ms
[2.564s][info][gc,heap     ] GC(6) Eden regions: 12->0(304)
[2.564s][info][gc,heap     ] GC(6) Survivor regions: 13->3(4)
[2.564s][info][gc,heap     ] GC(6) Old regions: 4->16
[2.565s][info][gc,heap     ] GC(6) Archive regions: 2->2
[2.565s][info][gc,heap     ] GC(6) Humongous regions: 0->0
[2.565s][info][gc,metaspace] GC(6) Metaspace: 33610K(34048K)->33610K(34048K) NonClass: 29438K(29696K)->29438K(29696K) Class: 4171K(4352K)->4171K(4352K)
[2.565s][info][gc          ] GC(6) Pause Young (Mixed) (G1 Evacuation Pause) 29M->18M(512M) 10.717ms
[2.565s][info][gc,cpu      ] GC(6) User=0.04s Sys=0.00s Real=0.01s
[2.844s][info][gc,start    ] GC(7) Pause Young (Concurrent Start) (Metadata GC Threshold)
[2.844s][info][gc,task     ] GC(7) Using 4 workers of 4 for evacuation
[2.848s][info][gc,phases   ] GC(7)   Pre Evacuate Collection Set: 0.1ms
[2.848s][info][gc,phases   ] GC(7)   Merge Heap Roots: 0.1ms
[2.848s][info][gc,phases   ] GC(7)   Evacuate Collection Set: 3.8ms
[2.848s][info][gc,phases   ] GC(7)   Post Evacuate Collection Set: 0.3ms
[2.848s][info][gc,phases   ] GC(7)   Other: 0.1ms
[2.848s][info][gc,heap     ] GC(7) Eden regions: 104->0(303)
[2.848s][info][gc,heap     ] GC(7) Survivor regions: 3->4(39)
[2.848s][info][gc,heap     ] GC(7) Old regions: 16->16
[2.848s][info][gc,heap     ] GC(7) Archive regions: 2->2
[2.848s][info][gc,heap     ] GC(7) Humongous regions: 0->0
[2.848s][info][gc,metaspace] GC(7) Metaspace: 35902K(36288K)->35902K(36288K) NonClass: 31418K(31616K)->31418K(31616K) Class: 4484K(4672K)->4484K(4672K)
[2.848s][info][gc          ] GC(7) Pause Young (Concurrent Start) (Metadata GC Threshold) 122M->20M(512M) 4.505ms
[2.848s][info][gc,cpu      ] GC(7) User=0.02s Sys=0.00s Real=0.01s
[2.848s][info][gc          ] GC(8) Concurrent Mark Cycle
[2.848s][info][gc,marking  ] GC(8) Concurrent Clear Claimed Marks
[2.848s][info][gc,marking  ] GC(8) Concurrent Clear Claimed Marks 0.022ms
[2.848s][info][gc,marking  ] GC(8) Concurrent Scan Root Regions
[2.852s][info][gc,marking  ] GC(8) Concurrent Scan Root Regions 3.197ms
[2.852s][info][gc,marking  ] GC(8) Concurrent Mark
[2.852s][info][gc,marking  ] GC(8) Concurrent Mark From Roots
[2.852s][info][gc,task     ] GC(8) Using 1 workers of 1 for marking
[2.885s][info][gc,marking  ] GC(8) Concurrent Mark From Roots 33.570ms
[2.885s][info][gc,marking  ] GC(8) Concurrent Preclean
[2.885s][info][gc,marking  ] GC(8) Concurrent Preclean 0.092ms
[2.886s][info][gc,start    ] GC(8) Pause Remark
[2.889s][info][gc          ] GC(8) Pause Remark 23M->23M(512M) 3.311ms
[2.889s][info][gc,cpu      ] GC(8) User=0.01s Sys=0.00s Real=0.01s
[2.889s][info][gc,marking  ] GC(8) Concurrent Mark 37.513ms
[2.889s][info][gc,marking  ] GC(8) Concurrent Rebuild Remembered Sets
[2.902s][info][gc,marking  ] GC(8) Concurrent Rebuild Remembered Sets 12.652ms
[2.902s][info][gc,start    ] GC(8) Pause Cleanup
[2.902s][info][gc          ] GC(8) Pause Cleanup 25M->25M(512M) 0.069ms
[2.902s][info][gc,cpu      ] GC(8) User=0.00s Sys=0.00s Real=0.00s
[2.902s][info][gc,marking  ] GC(8) Concurrent Cleanup for Next Mark
[2.906s][info][gc,marking  ] GC(8) Concurrent Cleanup for Next Mark 4.164ms
[2.906s][info][gc          ] GC(8) Concurrent Mark Cycle 57.959ms
[11.985s][info][gc,start    ] GC(9) Pause Young (Concurrent Start) (G1 Evacuation Pause)
[11.985s][info][gc,task     ] GC(9) Using 4 workers of 4 for evacuation
[11.994s][info][gc,phases   ] GC(9)   Pre Evacuate Collection Set: 0.1ms
[11.994s][info][gc,phases   ] GC(9)   Merge Heap Roots: 0.1ms
[11.994s][info][gc,phases   ] GC(9)   Evacuate Collection Set: 8.4ms
[11.994s][info][gc,phases   ] GC(9)   Post Evacuate Collection Set: 0.8ms
[11.994s][info][gc,phases   ] GC(9)   Other: 0.2ms
[11.994s][info][gc,heap     ] GC(9) Eden regions: 303->0(297)
[11.994s][info][gc,heap     ] GC(9) Survivor regions: 4->10(39)
[11.994s][info][gc,heap     ] GC(9) Old regions: 16->16
[11.994s][info][gc,heap     ] GC(9) Archive regions: 2->2
[11.994s][info][gc,heap     ] GC(9) Humongous regions: 0->0
[11.994s][info][gc,metaspace] GC(9) Metaspace: 54069K(54656K)->54069K(54656K) NonClass: 47389K(47680K)->47389K(47680K) Class: 6679K(6976K)->6679K(6976K)
[11.995s][info][gc          ] GC(9) Pause Young (Concurrent Start) (G1 Evacuation Pause) 323M->26M(512M) 9.746ms
[11.995s][info][gc,cpu      ] GC(9) User=0.02s Sys=0.00s Real=0.01s
[11.995s][info][gc          ] GC(10) Concurrent Mark Cycle
[11.995s][info][gc,marking  ] GC(10) Concurrent Clear Claimed Marks
[11.995s][info][gc,marking  ] GC(10) Concurrent Clear Claimed Marks 0.045ms
[11.995s][info][gc,marking  ] GC(10) Concurrent Scan Root Regions
[12.003s][info][gc,marking  ] GC(10) Concurrent Scan Root Regions 8.002ms
[12.003s][info][gc,marking  ] GC(10) Concurrent Mark
[12.003s][info][gc,marking  ] GC(10) Concurrent Mark From Roots
[12.003s][info][gc,task     ] GC(10) Using 1 workers of 1 for marking
[12.022s][info][gc,marking  ] GC(10) Concurrent Mark From Roots 19.681ms
[12.022s][info][gc,marking  ] GC(10) Concurrent Preclean
[12.022s][info][gc,marking  ] GC(10) Concurrent Preclean 0.088ms
[12.023s][info][gc,start    ] GC(10) Pause Remark
[12.025s][info][gc          ] GC(10) Pause Remark 34M->34M(512M) 2.147ms
[12.025s][info][gc,cpu      ] GC(10) User=0.01s Sys=0.00s Real=0.00s
[12.025s][info][gc,marking  ] GC(10) Concurrent Mark 22.059ms
[12.025s][info][gc,marking  ] GC(10) Concurrent Rebuild Remembered Sets
[12.034s][info][gc,marking  ] GC(10) Concurrent Rebuild Remembered Sets 8.850ms
[12.034s][info][gc,start    ] GC(10) Pause Cleanup
[12.034s][info][gc          ] GC(10) Pause Cleanup 34M->34M(512M) 0.094ms
[12.034s][info][gc,cpu      ] GC(10) User=0.00s Sys=0.00s Real=0.00s
[12.034s][info][gc,marking  ] GC(10) Concurrent Cleanup for Next Mark
[12.035s][info][gc,marking  ] GC(10) Concurrent Cleanup for Next Mark 0.711ms
[12.035s][info][gc          ] GC(10) Concurrent Mark Cycle 40.001ms
[32.452s][info][gc,start    ] GC(11) Pause Young (Prepare Mixed) (G1 Evacuation Pause)
[32.452s][info][gc,task     ] GC(11) Using 4 workers of 4 for evacuation
[32.459s][info][gc,phases   ] GC(11)   Pre Evacuate Collection Set: 0.1ms
[32.459s][info][gc,phases   ] GC(11)   Merge Heap Roots: 0.1ms
[32.459s][info][gc,phases   ] GC(11)   Evacuate Collection Set: 6.3ms
[32.459s][info][gc,phases   ] GC(11)   Post Evacuate Collection Set: 1.0ms
[32.459s][info][gc,phases   ] GC(11)   Other: 0.1ms
[32.459s][info][gc,heap     ] GC(11) Eden regions: 297->0(13)
[32.459s][info][gc,heap     ] GC(11) Survivor regions: 10->12(39)
[32.459s][info][gc,heap     ] GC(11) Old regions: 16->16
[32.459s][info][gc,heap     ] GC(11) Archive regions: 2->2
[32.459s][info][gc,heap     ] GC(11) Humongous regions: 0->0
[32.459s][info][gc,metaspace] GC(11) Metaspace: 54555K(55168K)->54555K(55168K) NonClass: 47874K(48192K)->47874K(48192K) Class: 6680K(6976K)->6680K(6976K)
[32.459s][info][gc          ] GC(11) Pause Young (Prepare Mixed) (G1 Evacuation Pause) 323M->28M(512M) 7.619ms
[32.459s][info][gc,cpu      ] GC(11) User=0.02s Sys=0.01s Real=0.01s
[32.981s][info][gc,start    ] GC(12) Pause Young (Mixed) (G1 Evacuation Pause)
[32.981s][info][gc,task     ] GC(12) Using 4 workers of 4 for evacuation
[32.991s][info][gc,phases   ] GC(12)   Pre Evacuate Collection Set: 0.1ms
[32.991s][info][gc,phases   ] GC(12)   Merge Heap Roots: 0.1ms
[32.991s][info][gc,phases   ] GC(12)   Evacuate Collection Set: 9.7ms
[32.991s][info][gc,phases   ] GC(12)   Post Evacuate Collection Set: 0.4ms
[32.991s][info][gc,phases   ] GC(12)   Other: 0.1ms
[32.991s][info][gc,heap     ] GC(12) Eden regions: 13->0(304)
[32.991s][info][gc,heap     ] GC(12) Survivor regions: 12->3(4)
[32.991s][info][gc,heap     ] GC(12) Old regions: 16->25
[32.991s][info][gc,heap     ] GC(12) Archive regions: 2->2
[32.991s][info][gc,heap     ] GC(12) Humongous regions: 0->0
[32.991s][info][gc,metaspace] GC(12) Metaspace: 54563K(55168K)->54563K(55168K) NonClass: 47883K(48192K)->47883K(48192K) Class: 6680K(6976K)->6680K(6976K)
[32.991s][info][gc          ] GC(12) Pause Young (Mixed) (G1 Evacuation Pause) 41M->28M(512M) 10.400ms
[32.991s][info][gc,cpu      ] GC(12) User=0.03s Sys=0.01s Real=0.01s
