[0.027s][info][gc] Using G1
[0.029s][info][gc,init] Version: 17.0.6+9-LTS-190 (release)
[0.029s][info][gc,init] CPUs: 4 total, 4 available
[0.029s][info][gc,init] Memory: 15351M
[0.029s][info][gc,init] Large Page Support: Disabled
[0.029s][info][gc,init] NUMA Support: Disabled
[0.029s][info][gc,init] Compressed Oops: Enabled (32-bit)
[0.029s][info][gc,init] Heap Region Size: 1M
[0.029s][info][gc,init] Heap Min Capacity: 512M
[0.029s][info][gc,init] Heap Initial Capacity: 512M
[0.029s][info][gc,init] Heap Max Capacity: 1G
[0.029s][info][gc,init] Pre-touch: Disabled
[0.029s][info][gc,init] Parallel Workers: 4
[0.029s][info][gc,init] Concurrent Workers: 1
[0.029s][info][gc,init] Concurrent Refinement Workers: 4
[0.029s][info][gc,init] Periodic GC: Disabled
[0.029s][info][gc,metaspace] CDS archive(s) mapped at: [0x0000000800000000-0x0000000800be3000-0x0000000800be3000), size 12464128, SharedBaseAddress: 0x0000000800000000, ArchiveRelocationMode: 0.
[0.029s][info][gc,metaspace] Compressed class space mapped at: 0x0000000800c00000-0x0000000840c00000, reserved size: 1073741824
[0.029s][info][gc,metaspace] Narrow klass base: 0x0000000800000000, Narrow klass shift: 0, Narrow klass range: 0x100000000
[0.292s][info][gc,start    ] GC(0) Pause Young (Normal) (G1 Evacuation Pause)
[0.292s][info][gc,task     ] GC(0) Using 4 workers of 4 for evacuation
[0.296s][info][gc,phases   ] GC(0)   Pre Evacuate Collection Set: 0.1ms
[0.296s][info][gc,phases   ] GC(0)   Merge Heap Roots: 0.1ms
[0.296s][info][gc,phases   ] GC(0)   Evacuate Collection Set: 3.1ms
[0.296s][info][gc,phases   ] GC(0)   Post Evacuate Collection Set: 0.2ms
[0.296s][info][gc,phases   ] GC(0)   Other: 0.3ms
[0.296s][info][gc,heap     ] GC(0) Eden regions: 25->0(26)
[0.296s][info][gc,heap     ] GC(0) Survivor regions: 0->4(4)
[0.296s][info][gc,heap     ] GC(0) Old regions: 0->0
[0.296s][info][gc,heap     ] GC(0) Archive regions: 2->2
[0.296s][info][gc,heap     ] GC(0) Humongous regions: 0->0
[0.296s][info][gc,metaspace] GC(0) Metaspace: 2030K(2240K)->2030K(2240K) NonClass: 1822K(1920K)->1822K(1920K) Class: 208K(320K)->208K(320K)
[0.296s][info][gc          ] GC(0) Pause Young (Normal) (G1 Evacuation Pause) 25M->4M(514M) 3.758ms
[0.296s][info][gc,cpu      ] GC(0) User=0.01s Sys=0.01s Real=0.00s
[0.605s][info][gc,start    ] GC(1) Pause Young (Normal) (G1 Evacuation Pause)
[0.605s][info][gc,task     ] GC(1) Using 4 workers of 4 for evacuation
[0.610s][info][gc,phases   ] GC(1)   Pre Evacuate Collection Set: 0.1ms
[0.610s][info][gc,phases   ] GC(1)   Merge Heap Roots: 0.0ms
[0.610s][info][gc,phases   ] GC(1)   Evacuate Collection Set: 4.3ms
[0.610s][info][gc,phases   ] GC(1)   Post Evacuate Collection Set: 0.3ms
[0.610s][info][gc,phases   ] GC(1)   Other: 0.1ms
[0.610s][info][gc,heap     ] GC(1) Eden regions: 26->0(75)
[0.610s][info][gc,heap     ] GC(1) Survivor regions: 4->3(4)
[0.610s][info][gc,heap     ] GC(1) Old regions: 0->4
[0.610s][info][gc,heap     ] GC(1) Archive regions: 2->2
[0.610s][info][gc,heap     ] GC(1) Humongous regions: 0->0
[0.610s][info][gc,metaspace] GC(1) Metaspace: 6385K(6656K)->6385K(6656K) NonClass: 5637K(5760K)->5637K(5760K) Class: 747K(896K)->747K(896K)
[0.610s][info][gc          ] GC(1) Pause Young (Normal) (G1 Evacuation Pause) 30M->6M(514M) 4.856ms
[0.610s][info][gc,cpu      ] GC(1) User=0.01s Sys=0.01s Real=0.01s
[1.365s][info][gc,start    ] GC(2) Pause Young (Normal) (G1 Evacuation Pause)
[1.365s][info][gc,task     ] GC(2) Using 4 workers of 4 for evacuation
[1.380s][info][gc,phases   ] GC(2)   Pre Evacuate Collection Set: 0.1ms
[1.380s][info][gc,phases   ] GC(2)   Merge Heap Roots: 0.0ms
[1.380s][info][gc,phases   ] GC(2)   Evacuate Collection Set: 14.8ms
[1.380s][info][gc,phases   ] GC(2)   Post Evacuate Collection Set: 0.5ms
[1.380s][info][gc,phases   ] GC(2)   Other: 0.1ms
[1.380s][info][gc,heap     ] GC(2) Eden regions: 75->0(130)
[1.380s][info][gc,heap     ] GC(2) Survivor regions: 3->6(10)
[1.381s][info][gc,heap     ] GC(2) Old regions: 4->4
[1.381s][info][gc,heap     ] GC(2) Archive regions: 2->2
[1.381s][info][gc,heap     ] GC(2) Humongous regions: 0->0
[1.381s][info][gc,metaspace] GC(2) Metaspace: 17932K(18176K)->17932K(18176K) NonClass: 15677K(15808K)->15677K(15808K) Class: 2254K(2368K)->2254K(2368K)
[1.381s][info][gc          ] GC(2) Pause Young (Normal) (G1 Evacuation Pause) 81M->10M(514M) 15.535ms
[1.381s][info][gc,cpu      ] GC(2) User=0.03s Sys=0.00s Real=0.02s
[1.757s][info][gc,start    ] GC(3) Pause Young (Concurrent Start) (Metadata GC Threshold)
[1.757s][info][gc,task     ] GC(3) Using 4 workers of 4 for evacuation
[1.763s][info][gc,phases   ] GC(3)   Pre Evacuate Collection Set: 0.1ms
[1.763s][info][gc,phases   ] GC(3)   Merge Heap Roots: 0.0ms
[1.763s][info][gc,phases   ] GC(3)   Evacuate Collection Set: 5.1ms
[1.763s][info][gc,phases   ] GC(3)   Post Evacuate Collection Set: 0.3ms
[1.763s][info][gc,phases   ] GC(3)   Other: 0.1ms
[1.763s][info][gc,heap     ] GC(3) Eden regions: 35->0(203)
[1.763s][info][gc,heap     ] GC(3) Survivor regions: 6->8(17)
[1.763s][info][gc,heap     ] GC(3) Old regions: 4->4
[1.763s][info][gc,heap     ] GC(3) Archive regions: 2->2
[1.763s][info][gc,heap     ] GC(3) Humongous regions: 0->0
[1.763s][info][gc,metaspace] GC(3) Metaspace: 21197K(21504K)->21197K(21504K) NonClass: 18538K(18688K)->18538K(18688K) Class: 2659K(2816K)->2659K(2816K)
[1.763s][info][gc          ] GC(3) Pause Young (Concurrent Start) (Metadata GC Threshold) 45M->12M(514M) 5.764ms
[1.763s][info][gc,cpu      ] GC(3) User=0.02s Sys=0.00s Real=0.01s
[1.763s][info][gc          ] GC(4) Concurrent Mark Cycle
[1.763s][info][gc,marking  ] GC(4) Concurrent Clear Claimed Marks
[1.763s][info][gc,marking  ] GC(4) Concurrent Clear Claimed Marks 0.019ms
[1.763s][info][gc,marking  ] GC(4) Concurrent Scan Root Regions
[1.768s][info][gc,marking  ] GC(4) Concurrent Scan Root Regions 4.751ms
[1.768s][info][gc,marking  ] GC(4) Concurrent Mark
[1.768s][info][gc,marking  ] GC(4) Concurrent Mark From Roots
[1.768s][info][gc,task     ] GC(4) Using 1 workers of 1 for marking
[1.775s][info][gc,marking  ] GC(4) Concurrent Mark From Roots 6.952ms
[1.775s][info][gc,marking  ] GC(4) Concurrent Preclean
[1.775s][info][gc,marking  ] GC(4) Concurrent Preclean 0.045ms
[1.775s][info][gc,start    ] GC(4) Pause Remark
[1.777s][info][gc          ] GC(4) Pause Remark 12M->12M(512M) 2.416ms
[1.777s][info][gc,cpu      ] GC(4) User=0.00s Sys=0.00s Real=0.00s
[1.778s][info][gc,marking  ] GC(4) Concurrent Mark 9.966ms
[1.778s][info][gc,marking  ] GC(4) Concurrent Rebuild Remembered Sets
[1.780s][info][gc,marking  ] GC(4) Concurrent Rebuild Remembered Sets 2.651ms
[1.783s][info][gc,start    ] GC(4) Pause Cleanup
[1.783s][info][gc          ] GC(4) Pause Cleanup 13M->13M(512M) 0.128ms
[1.783s][info][gc,cpu      ] GC(4) User=0.00s Sys=0.00s Real=0.00s
[1.783s][info][gc,marking  ] GC(4) Concurrent Cleanup for Next Mark
[1.787s][info][gc,marking  ] GC(4) Concurrent Cleanup for Next Mark 3.901ms
[1.787s][info][gc          ] GC(4) Concurrent Mark Cycle 23.777ms
[2.648s][info][gc,start    ] GC(5) Pause Young (Prepare Mixed) (G1 Evacuation Pause)
[2.648s][info][gc,task     ] GC(5) Using 4 workers of 4 for evacuation
[2.659s][info][gc,phases   ] GC(5)   Pre Evacuate Collection Set: 0.1ms
[2.659s][info][gc,phases   ] GC(5)   Merge Heap Roots: 0.1ms
[2.659s][info][gc,phases   ] GC(5)   Evacuate Collection Set: 9.8ms
[2.659s][info][gc,phases   ] GC(5)   Post Evacuate Collection Set: 0.5ms
[2.659s][info][gc,phases   ] GC(5)   Other: 0.1ms
[2.659s][info][gc,heap     ] GC(5) Eden regions: 216->0(12)
[2.659s][info][gc,heap     ] GC(5) Survivor regions: 8->13(28)
[2.659s][info][gc,heap     ] GC(5) Old regions: 4->4
[2.659s][info][gc,heap     ] GC(5) Archive regions: 2->2
[2.659s][info][gc,heap     ] GC(5) Humongous regions: 1->0
[2.659s][info][gc,metaspace] GC(5) Metaspace: 33789K(34176K)->33789K(34176K) NonClass: 29588K(29760K)->29588K(29760K) Class: 4200K(4416K)->4200K(4416K)
[2.659s][info][gc          ] GC(5) Pause Young (Prepare Mixed) (G1 Evacuation Pause) 229M->17M(512M) 10.704ms
[2.659s][info][gc,cpu      ] GC(5) User=0.03s Sys=0.00s Real=0.02s
[2.669s][info][gc,start    ] GC(6) Pause Young (Mixed) (G1 Evacuation Pause)
[2.669s][info][gc,task     ] GC(6) Using 4 workers of 4 for evacuation
[2.680s][info][gc,phases   ] GC(6)   Pre Evacuate Collection Set: 0.1ms
[2.680s][info][gc,phases   ] GC(6)   Merge Heap Roots: 0.0ms
[2.680s][info][gc,phases   ] GC(6)   Evacuate Collection Set: 10.0ms
[2.680s][info][gc,phases   ] GC(6)   Post Evacuate Collection Set: 0.3ms
[2.680s][info][gc,phases   ] GC(6)   Other: 0.1ms
[2.680s][info][gc,heap     ] GC(6) Eden regions: 12->0(305)
[2.680s][info][gc,heap     ] GC(6) Survivor regions: 13->2(4)
[2.680s][info][gc,heap     ] GC(6) Old regions: 4->16
[2.680s][info][gc,heap     ] GC(6) Archive regions: 2->2
[2.680s][info][gc,heap     ] GC(6) Humongous regions: 0->0
[2.680s][info][gc,metaspace] GC(6) Metaspace: 33828K(34240K)->33828K(34240K) NonClass: 29620K(29824K)->29620K(29824K) Class: 4207K(4416K)->4207K(4416K)
[2.680s][info][gc          ] GC(6) Pause Young (Mixed) (G1 Evacuation Pause) 29M->18M(512M) 10.537ms
[2.680s][info][gc,cpu      ] GC(6) User=0.03s Sys=0.01s Real=0.02s
[2.872s][info][gc,start    ] GC(7) Pause Young (Concurrent Start) (Metadata GC Threshold)
[2.872s][info][gc,task     ] GC(7) Using 4 workers of 4 for evacuation
[2.876s][info][gc,phases   ] GC(7)   Pre Evacuate Collection Set: 0.1ms
[2.876s][info][gc,phases   ] GC(7)   Merge Heap Roots: 0.0ms
[2.876s][info][gc,phases   ] GC(7)   Evacuate Collection Set: 3.5ms
[2.876s][info][gc,phases   ] GC(7)   Post Evacuate Collection Set: 0.2ms
[2.876s][info][gc,phases   ] GC(7)   Other: 0.1ms
[2.876s][info][gc,heap     ] GC(7) Eden regions: 46->0(304)
[2.876s][info][gc,heap     ] GC(7) Survivor regions: 2->3(39)
[2.876s][info][gc,heap     ] GC(7) Old regions: 16->16
[2.876s][info][gc,heap     ] GC(7) Archive regions: 2->2
[2.876s][info][gc,heap     ] GC(7) Humongous regions: 0->0
[2.876s][info][gc,metaspace] GC(7) Metaspace: 35731K(36096K)->35731K(36096K) NonClass: 31263K(31424K)->31263K(31424K) Class: 4467K(4672K)->4467K(4672K)
[2.876s][info][gc          ] GC(7) Pause Young (Concurrent Start) (Metadata GC Threshold) 64M->19M(512M) 4.035ms
[2.876s][info][gc,cpu      ] GC(7) User=0.01s Sys=0.00s Real=0.00s
[2.876s][info][gc          ] GC(8) Concurrent Mark Cycle
[2.876s][info][gc,marking  ] GC(8) Concurrent Clear Claimed Marks
[2.876s][info][gc,marking  ] GC(8) Concurrent Clear Claimed Marks 0.023ms
[2.876s][info][gc,marking  ] GC(8) Concurrent Scan Root Regions
[2.879s][info][gc,marking  ] GC(8) Concurrent Scan Root Regions 3.137ms
[2.879s][info][gc,marking  ] GC(8) Concurrent Mark
[2.879s][info][gc,marking  ] GC(8) Concurrent Mark From Roots
[2.879s][info][gc,task     ] GC(8) Using 1 workers of 1 for marking
[2.905s][info][gc,marking  ] GC(8) Concurrent Mark From Roots 26.464ms
[2.905s][info][gc,marking  ] GC(8) Concurrent Preclean
[2.906s][info][gc,marking  ] GC(8) Concurrent Preclean 0.078ms
[2.906s][info][gc,start    ] GC(8) Pause Remark
[2.910s][info][gc          ] GC(8) Pause Remark 23M->23M(512M) 4.509ms
[2.910s][info][gc,cpu      ] GC(8) User=0.02s Sys=0.00s Real=0.01s
[2.910s][info][gc,marking  ] GC(8) Concurrent Mark 31.378ms
[2.910s][info][gc,marking  ] GC(8) Concurrent Rebuild Remembered Sets
[2.910s][info][gc,marking  ] GC(8) Concurrent Rebuild Remembered Sets 0.007ms
[2.910s][info][gc,start    ] GC(8) Pause Cleanup
[2.910s][info][gc          ] GC(8) Pause Cleanup 23M->23M(512M) 0.021ms
[2.910s][info][gc,cpu      ] GC(8) User=0.00s Sys=0.00s Real=0.00s
[2.911s][info][gc,marking  ] GC(8) Concurrent Cleanup for Next Mark
[2.915s][info][gc,marking  ] GC(8) Concurrent Cleanup for Next Mark 4.336ms
[2.915s][info][gc          ] GC(8) Concurrent Mark Cycle 39.274ms
[10.662s][info][gc,start    ] GC(9) Pause Young (Concurrent Start) (G1 Evacuation Pause)
[10.662s][info][gc,task     ] GC(9) Using 4 workers of 4 for evacuation
[10.671s][info][gc,phases   ] GC(9)   Pre Evacuate Collection Set: 0.1ms
[10.671s][info][gc,phases   ] GC(9)   Merge Heap Roots: 0.1ms
[10.671s][info][gc,phases   ] GC(9)   Evacuate Collection Set: 7.4ms
[10.671s][info][gc,phases   ] GC(9)   Post Evacuate Collection Set: 0.8ms
[10.671s][info][gc,phases   ] GC(9)   Other: 0.2ms
[10.671s][info][gc,heap     ] GC(9) Eden regions: 304->0(297)
[10.671s][info][gc,heap     ] GC(9) Survivor regions: 3->10(39)
[10.671s][info][gc,heap     ] GC(9) Old regions: 16->16
[10.671s][info][gc,heap     ] GC(9) Archive regions: 2->2
[10.671s][info][gc,heap     ] GC(9) Humongous regions: 0->0
[10.671s][info][gc,metaspace] GC(9) Metaspace: 56836K(57408K)->56836K(57408K) NonClass: 49800K(50112K)->49800K(50112K) Class: 7036K(7296K)->7036K(7296K)
[10.671s][info][gc          ] GC(9) Pause Young (Concurrent Start) (G1 Evacuation Pause) 323M->26M(512M) 8.726ms
[10.671s][info][gc,cpu      ] GC(9) User=0.03s Sys=0.01s Real=0.01s
[10.671s][info][gc          ] GC(10) Concurrent Mark Cycle
[10.671s][info][gc,marking  ] GC(10) Concurrent Clear Claimed Marks
[10.671s][info][gc,marking  ] GC(10) Concurrent Clear Claimed Marks 0.054ms
[10.671s][info][gc,marking  ] GC(10) Concurrent Scan Root Regions
[10.678s][info][gc,marking  ] GC(10) Concurrent Scan Root Regions 6.618ms
[10.678s][info][gc,marking  ] GC(10) Concurrent Mark
[10.678s][info][gc,marking  ] GC(10) Concurrent Mark From Roots
[10.678s][info][gc,task     ] GC(10) Using 1 workers of 1 for marking
[10.698s][info][gc,marking  ] GC(10) Concurrent Mark From Roots 20.150ms
[10.698s][info][gc,marking  ] GC(10) Concurrent Preclean
[10.698s][info][gc,marking  ] GC(10) Concurrent Preclean 0.090ms
[10.698s][info][gc,start    ] GC(10) Pause Remark
[10.700s][info][gc          ] GC(10) Pause Remark 31M->31M(512M) 2.289ms
[10.700s][info][gc,cpu      ] GC(10) User=0.00s Sys=0.00s Real=0.00s
[10.700s][info][gc,marking  ] GC(10) Concurrent Mark 22.677ms
[10.700s][info][gc,marking  ] GC(10) Concurrent Rebuild Remembered Sets
[10.709s][info][gc,marking  ] GC(10) Concurrent Rebuild Remembered Sets 9.051ms
[10.709s][info][gc,start    ] GC(10) Pause Cleanup
[10.710s][info][gc          ] GC(10) Pause Cleanup 31M->31M(512M) 0.060ms
[10.710s][info][gc,cpu      ] GC(10) User=0.00s Sys=0.00s Real=0.00s
[10.710s][info][gc,marking  ] GC(10) Concurrent Cleanup for Next Mark
[10.710s][info][gc,marking  ] GC(10) Concurrent Cleanup for Next Mark 0.681ms
[10.710s][info][gc          ] GC(10) Concurrent Mark Cycle 39.348ms
[31.081s][info][gc,start    ] GC(11) Pause Young (Prepare Mixed) (G1 Evacuation Pause)
[31.081s][info][gc,task     ] GC(11) Using 4 workers of 4 for evacuation
[31.088s][info][gc,phases   ] GC(11)   Pre Evacuate Collection Set: 0.1ms
[31.088s][info][gc,phases   ] GC(11)   Merge Heap Roots: 0.1ms
[31.088s][info][gc,phases   ] GC(11)   Evacuate Collection Set: 6.1ms
[31.088s][info][gc,phases   ] GC(11)   Post Evacuate Collection Set: 0.9ms
[31.088s][info][gc,phases   ] GC(11)   Other: 0.1ms
[31.088s][info][gc,heap     ] GC(11) Eden regions: 297->0(13)
[31.088s][info][gc,heap     ] GC(11) Survivor regions: 10->12(39)
[31.088s][info][gc,heap     ] GC(11) Old regions: 16->16
[31.088s][info][gc,heap     ] GC(11) Archive regions: 2->2
[31.088s][info][gc,heap     ] GC(11) Humongous regions: 0->0
[31.088s][info][gc,metaspace] GC(11) Metaspace: 57355K(57920K)->57355K(57920K) NonClass: 50318K(50624K)->50318K(50624K) Class: 7037K(7296K)->7037K(7296K)
[31.088s][info][gc          ] GC(11) Pause Young (Prepare Mixed) (G1 Evacuation Pause) 323M->28M(512M) 7.342ms
[31.088s][info][gc,cpu      ] GC(11) User=0.02s Sys=0.00s Real=0.00s
[32.108s][info][gc,start    ] GC(12) Pause Young (Mixed) (G1 Evacuation Pause)
[32.108s][info][gc,task     ] GC(12) Using 4 workers of 4 for evacuation
[32.115s][info][gc,phases   ] GC(12)   Pre Evacuate Collection Set: 0.1ms
[32.115s][info][gc,phases   ] GC(12)   Merge Heap Roots: 0.1ms
[32.115s][info][gc,phases   ] GC(12)   Evacuate Collection Set: 6.8ms
[32.115s][info][gc,phases   ] GC(12)   Post Evacuate Collection Set: 0.4ms
[32.115s][info][gc,phases   ] GC(12)   Other: 0.1ms
[32.115s][info][gc,heap     ] GC(12) Eden regions: 13->0(305)
[32.115s][info][gc,heap     ] GC(12) Survivor regions: 12->2(4)
[32.115s][info][gc,heap     ] GC(12) Old regions: 16->26
[32.115s][info][gc,heap     ] GC(12) Archive regions: 2->2
[32.115s][info][gc,heap     ] GC(12) Humongous regions: 0->0
[32.115s][info][gc,metaspace] GC(12) Metaspace: 57381K(57920K)->57381K(57920K) NonClass: 50344K(50624K)->50344K(50624K) Class: 7037K(7296K)->7037K(7296K)
[32.115s][info][gc          ] GC(12) Pause Young (Mixed) (G1 Evacuation Pause) 41M->28M(512M) 7.500ms
[32.115s][info][gc,cpu      ] GC(12) User=0.02s Sys=0.01s Real=0.01s
[53.083s][info][gc,start    ] GC(13) Pause Young (Normal) (G1 Evacuation Pause)
[53.083s][info][gc,task     ] GC(13) Using 4 workers of 4 for evacuation
[53.087s][info][gc,phases   ] GC(13)   Pre Evacuate Collection Set: 0.1ms
[53.087s][info][gc,phases   ] GC(13)   Merge Heap Roots: 0.1ms
[53.087s][info][gc,phases   ] GC(13)   Evacuate Collection Set: 2.7ms
[53.087s][info][gc,phases   ] GC(13)   Post Evacuate Collection Set: 1.1ms
[53.087s][info][gc,phases   ] GC(13)   Other: 0.1ms
[53.087s][info][gc,heap     ] GC(13) Eden regions: 305->0(303)
[53.087s][info][gc,heap     ] GC(13) Survivor regions: 2->4(39)
[53.087s][info][gc,heap     ] GC(13) Old regions: 26->26
[53.087s][info][gc,heap     ] GC(13) Archive regions: 2->2
[53.087s][info][gc,heap     ] GC(13) Humongous regions: 0->0
[53.088s][info][gc,metaspace] GC(13) Metaspace: 57699K(58240K)->57699K(58240K) NonClass: 50662K(50944K)->50662K(50944K) Class: 7037K(7296K)->7037K(7296K)
[53.088s][info][gc          ] GC(13) Pause Young (Normal) (G1 Evacuation Pause) 333M->29M(512M) 4.155ms
[53.088s][info][gc,cpu      ] GC(13) User=0.01s Sys=0.00s Real=0.00s
[74.516s][info][gc,start    ] GC(14) Pause Young (Normal) (G1 Evacuation Pause)
[74.516s][info][gc,task     ] GC(14) Using 4 workers of 4 for evacuation
[74.519s][info][gc,phases   ] GC(14)   Pre Evacuate Collection Set: 0.1ms
[74.519s][info][gc,phases   ] GC(14)   Merge Heap Roots: 0.1ms
[74.519s][info][gc,phases   ] GC(14)   Evacuate Collection Set: 2.5ms
[74.519s][info][gc,phases   ] GC(14)   Post Evacuate Collection Set: 0.7ms
[74.519s][info][gc,phases   ] GC(14)   Other: 0.1ms
[74.519s][info][gc,heap     ] GC(14) Eden regions: 303->0(301)
[74.519s][info][gc,heap     ] GC(14) Survivor regions: 4->6(39)
[74.519s][info][gc,heap     ] GC(14) Old regions: 26->26
[74.519s][info][gc,heap     ] GC(14) Archive regions: 2->2
[74.519s][info][gc,heap     ] GC(14) Humongous regions: 0->0
[74.519s][info][gc,metaspace] GC(14) Metaspace: 58264K(58816K)->58264K(58816K) NonClass: 51210K(51456K)->51210K(51456K) Class: 7053K(7360K)->7053K(7360K)
[74.519s][info][gc          ] GC(14) Pause Young (Normal) (G1 Evacuation Pause) 332M->31M(512M) 3.582ms
[74.519s][info][gc,cpu      ] GC(14) User=0.01s Sys=0.00s Real=0.01s
[96.393s][info][gc,start    ] GC(15) Pause Young (Normal) (G1 Evacuation Pause)
[96.393s][info][gc,task     ] GC(15) Using 4 workers of 4 for evacuation
[96.397s][info][gc,phases   ] GC(15)   Pre Evacuate Collection Set: 0.1ms
[96.397s][info][gc,phases   ] GC(15)   Merge Heap Roots: 0.1ms
[96.397s][info][gc,phases   ] GC(15)   Evacuate Collection Set: 2.9ms
[96.397s][info][gc,phases   ] GC(15)   Post Evacuate Collection Set: 0.8ms
[96.397s][info][gc,phases   ] GC(15)   Other: 0.1ms
[96.397s][info][gc,heap     ] GC(15) Eden regions: 301->0(300)
[96.397s][info][gc,heap     ] GC(15) Survivor regions: 6->7(39)
[96.397s][info][gc,heap     ] GC(15) Old regions: 26->26
[96.397s][info][gc,heap     ] GC(15) Archive regions: 2->2
[96.397s][info][gc,heap     ] GC(15) Humongous regions: 0->0
[96.397s][info][gc,metaspace] GC(15) Metaspace: 58332K(58944K)->58332K(58944K) NonClass: 51278K(51584K)->51278K(51584K) Class: 7053K(7360K)->7053K(7360K)
[96.397s][info][gc          ] GC(15) Pause Young (Normal) (G1 Evacuation Pause) 332M->32M(512M) 4.090ms
[96.397s][info][gc,cpu      ] GC(15) User=0.02s Sys=0.00s Real=0.00s
[117.304s][info][gc,start    ] GC(16) Pause Young (Normal) (G1 Evacuation Pause)
[117.304s][info][gc,task     ] GC(16) Using 4 workers of 4 for evacuation
[117.309s][info][gc,phases   ] GC(16)   Pre Evacuate Collection Set: 0.1ms
[117.309s][info][gc,phases   ] GC(16)   Merge Heap Roots: 0.1ms
[117.309s][info][gc,phases   ] GC(16)   Evacuate Collection Set: 3.8ms
[117.309s][info][gc,phases   ] GC(16)   Post Evacuate Collection Set: 0.7ms
[117.309s][info][gc,phases   ] GC(16)   Other: 0.1ms
[117.309s][info][gc,heap     ] GC(16) Eden regions: 300->0(298)
[117.309s][info][gc,heap     ] GC(16) Survivor regions: 7->9(39)
[117.309s][info][gc,heap     ] GC(16) Old regions: 26->26
[117.309s][info][gc,heap     ] GC(16) Archive regions: 2->2
[117.309s][info][gc,heap     ] GC(16) Humongous regions: 0->0
[117.309s][info][gc,metaspace] GC(16) Metaspace: 58598K(59200K)->58598K(59200K) NonClass: 51544K(51840K)->51544K(51840K) Class: 7053K(7360K)->7053K(7360K)
[117.309s][info][gc          ] GC(16) Pause Young (Normal) (G1 Evacuation Pause) 332M->35M(512M) 4.946ms
[117.309s][info][gc,cpu      ] GC(16) User=0.02s Sys=0.00s Real=0.00s
[138.775s][info][gc,start    ] GC(17) Pause Young (Normal) (G1 Evacuation Pause)
[138.775s][info][gc,task     ] GC(17) Using 4 workers of 4 for evacuation
[138.782s][info][gc,phases   ] GC(17)   Pre Evacuate Collection Set: 0.1ms
[138.782s][info][gc,phases   ] GC(17)   Merge Heap Roots: 0.1ms
[138.782s][info][gc,phases   ] GC(17)   Evacuate Collection Set: 5.8ms
[138.782s][info][gc,phases   ] GC(17)   Post Evacuate Collection Set: 0.8ms
[138.782s][info][gc,phases   ] GC(17)   Other: 0.1ms
[138.782s][info][gc,heap     ] GC(17) Eden regions: 298->0(296)
[138.782s][info][gc,heap     ] GC(17) Survivor regions: 9->11(39)
[138.782s][info][gc,heap     ] GC(17) Old regions: 26->26
[138.782s][info][gc,heap     ] GC(17) Archive regions: 2->2
[138.782s][info][gc,heap     ] GC(17) Humongous regions: 0->0
[138.782s][info][gc,metaspace] GC(17) Metaspace: 59898K(60544K)->59898K(60544K) NonClass: 52841K(53184K)->52841K(53184K) Class: 7056K(7360K)->7056K(7360K)
[138.782s][info][gc          ] GC(17) Pause Young (Normal) (G1 Evacuation Pause) 333M->36M(512M) 6.932ms
[138.782s][info][gc,cpu      ] GC(17) User=0.02s Sys=0.00s Real=0.01s
