[0.020s][info][gc] Using G1
[0.023s][info][gc,init] Version: 17.0.6+9-LTS-190 (release)
[0.023s][info][gc,init] CPUs: 4 total, 4 available
[0.023s][info][gc,init] Memory: 15351M
[0.023s][info][gc,init] Large Page Support: Disabled
[0.023s][info][gc,init] NUMA Support: Disabled
[0.023s][info][gc,init] Compressed Oops: Enabled (32-bit)
[0.023s][info][gc,init] Heap Region Size: 1M
[0.023s][info][gc,init] Heap Min Capacity: 512M
[0.023s][info][gc,init] Heap Initial Capacity: 512M
[0.023s][info][gc,init] Heap Max Capacity: 1G
[0.023s][info][gc,init] Pre-touch: Disabled
[0.023s][info][gc,init] Parallel Workers: 4
[0.023s][info][gc,init] Concurrent Workers: 1
[0.023s][info][gc,init] Concurrent Refinement Workers: 4
[0.023s][info][gc,init] Periodic GC: Disabled
[0.023s][info][gc,metaspace] CDS archive(s) mapped at: [0x0000000800000000-0x0000000800be3000-0x0000000800be3000), size 12464128, SharedBaseAddress: 0x0000000800000000, ArchiveRelocationMode: 0.
[0.023s][info][gc,metaspace] Compressed class space mapped at: 0x0000000800c00000-0x0000000840c00000, reserved size: 1073741824
[0.023s][info][gc,metaspace] Narrow klass base: 0x0000000800000000, Narrow klass shift: 0, Narrow klass range: 0x100000000
[0.271s][info][gc,start    ] GC(0) Pause Young (Normal) (G1 Evacuation Pause)
[0.271s][info][gc,task     ] GC(0) Using 4 workers of 4 for evacuation
[0.274s][info][gc,phases   ] GC(0)   Pre Evacuate Collection Set: 0.1ms
[0.274s][info][gc,phases   ] GC(0)   Merge Heap Roots: 0.0ms
[0.274s][info][gc,phases   ] GC(0)   Evacuate Collection Set: 2.1ms
[0.274s][info][gc,phases   ] GC(0)   Post Evacuate Collection Set: 0.2ms
[0.274s][info][gc,phases   ] GC(0)   Other: 0.3ms
[0.274s][info][gc,heap     ] GC(0) Eden regions: 25->0(27)
[0.274s][info][gc,heap     ] GC(0) Survivor regions: 0->4(4)
[0.274s][info][gc,heap     ] GC(0) Old regions: 0->0
[0.274s][info][gc,heap     ] GC(0) Archive regions: 2->2
[0.274s][info][gc,heap     ] GC(0) Humongous regions: 0->0
[0.274s][info][gc,metaspace] GC(0) Metaspace: 2024K(2240K)->2024K(2240K) NonClass: 1815K(1920K)->1815K(1920K) Class: 208K(320K)->208K(320K)
[0.274s][info][gc          ] GC(0) Pause Young (Normal) (G1 Evacuation Pause) 25M->4M(514M) 2.756ms
[0.274s][info][gc,cpu      ] GC(0) User=0.01s Sys=0.00s Real=0.00s
[0.642s][info][gc,start    ] GC(1) Pause Young (Normal) (G1 Evacuation Pause)
[0.642s][info][gc,task     ] GC(1) Using 4 workers of 4 for evacuation
[0.649s][info][gc,phases   ] GC(1)   Pre Evacuate Collection Set: 0.1ms
[0.649s][info][gc,phases   ] GC(1)   Merge Heap Roots: 0.0ms
[0.649s][info][gc,phases   ] GC(1)   Evacuate Collection Set: 6.0ms
[0.649s][info][gc,phases   ] GC(1)   Post Evacuate Collection Set: 0.3ms
[0.649s][info][gc,phases   ] GC(1)   Other: 0.1ms
[0.649s][info][gc,heap     ] GC(1) Eden regions: 27->0(78)
[0.649s][info][gc,heap     ] GC(1) Survivor regions: 4->3(4)
[0.649s][info][gc,heap     ] GC(1) Old regions: 0->4
[0.649s][info][gc,heap     ] GC(1) Archive regions: 2->2
[0.649s][info][gc,heap     ] GC(1) Humongous regions: 0->0
[0.649s][info][gc,metaspace] GC(1) Metaspace: 6678K(6976K)->6678K(6976K) NonClass: 5883K(6016K)->5883K(6016K) Class: 794K(960K)->794K(960K)
[0.649s][info][gc          ] GC(1) Pause Young (Normal) (G1 Evacuation Pause) 31M->7M(514M) 6.576ms
[0.649s][info][gc,cpu      ] GC(1) User=0.01s Sys=0.00s Real=0.01s
[1.454s][info][gc,start    ] GC(2) Pause Young (Normal) (G1 Evacuation Pause)
[1.454s][info][gc,task     ] GC(2) Using 4 workers of 4 for evacuation
[1.462s][info][gc,phases   ] GC(2)   Pre Evacuate Collection Set: 0.1ms
[1.462s][info][gc,phases   ] GC(2)   Merge Heap Roots: 0.0ms
[1.462s][info][gc,phases   ] GC(2)   Evacuate Collection Set: 7.3ms
[1.462s][info][gc,phases   ] GC(2)   Post Evacuate Collection Set: 0.4ms
[1.462s][info][gc,phases   ] GC(2)   Other: 0.1ms
[1.462s][info][gc,heap     ] GC(2) Eden regions: 78->0(132)
[1.462s][info][gc,heap     ] GC(2) Survivor regions: 3->7(11)
[1.462s][info][gc,heap     ] GC(2) Old regions: 4->4
[1.462s][info][gc,heap     ] GC(2) Archive regions: 2->2
[1.462s][info][gc,heap     ] GC(2) Humongous regions: 0->0
[1.462s][info][gc,metaspace] GC(2) Metaspace: 18242K(18560K)->18242K(18560K) NonClass: 15949K(16128K)->15949K(16128K) Class: 2293K(2432K)->2293K(2432K)
[1.462s][info][gc          ] GC(2) Pause Young (Normal) (G1 Evacuation Pause) 85M->11M(514M) 8.065ms
[1.462s][info][gc,cpu      ] GC(2) User=0.03s Sys=0.00s Real=0.01s
[1.783s][info][gc,start    ] GC(3) Pause Young (Concurrent Start) (Metadata GC Threshold)
[1.783s][info][gc,task     ] GC(3) Using 4 workers of 4 for evacuation
[1.791s][info][gc,phases   ] GC(3)   Pre Evacuate Collection Set: 0.1ms
[1.791s][info][gc,phases   ] GC(3)   Merge Heap Roots: 0.0ms
[1.791s][info][gc,phases   ] GC(3)   Evacuate Collection Set: 7.2ms
[1.791s][info][gc,phases   ] GC(3)   Post Evacuate Collection Set: 0.3ms
[1.791s][info][gc,phases   ] GC(3)   Other: 0.2ms
[1.791s][info][gc,heap     ] GC(3) Eden regions: 30->0(148)
[1.791s][info][gc,heap     ] GC(3) Survivor regions: 7->8(18)
[1.791s][info][gc,heap     ] GC(3) Old regions: 4->4
[1.791s][info][gc,heap     ] GC(3) Archive regions: 2->2
[1.791s][info][gc,heap     ] GC(3) Humongous regions: 0->0
[1.791s][info][gc,metaspace] GC(3) Metaspace: 21147K(21504K)->21147K(21504K) NonClass: 18494K(18688K)->18494K(18688K) Class: 2652K(2816K)->2652K(2816K)
[1.791s][info][gc          ] GC(3) Pause Young (Concurrent Start) (Metadata GC Threshold) 41M->12M(514M) 7.935ms
[1.791s][info][gc,cpu      ] GC(3) User=0.02s Sys=0.00s Real=0.01s
[1.791s][info][gc          ] GC(4) Concurrent Mark Cycle
[1.791s][info][gc,marking  ] GC(4) Concurrent Clear Claimed Marks
[1.791s][info][gc,marking  ] GC(4) Concurrent Clear Claimed Marks 0.022ms
[1.791s][info][gc,marking  ] GC(4) Concurrent Scan Root Regions
[1.795s][info][gc,marking  ] GC(4) Concurrent Scan Root Regions 3.745ms
[1.795s][info][gc,marking  ] GC(4) Concurrent Mark
[1.795s][info][gc,marking  ] GC(4) Concurrent Mark From Roots
[1.795s][info][gc,task     ] GC(4) Using 1 workers of 1 for marking
[1.801s][info][gc,marking  ] GC(4) Concurrent Mark From Roots 5.796ms
[1.801s][info][gc,marking  ] GC(4) Concurrent Preclean
[1.801s][info][gc,marking  ] GC(4) Concurrent Preclean 0.039ms
[1.801s][info][gc,start    ] GC(4) Pause Remark
[1.806s][info][gc          ] GC(4) Pause Remark 13M->13M(512M) 5.230ms
[1.806s][info][gc,cpu      ] GC(4) User=0.01s Sys=0.00s Real=0.00s
[1.807s][info][gc,marking  ] GC(4) Concurrent Mark 11.702ms
[1.807s][info][gc,marking  ] GC(4) Concurrent Rebuild Remembered Sets
[1.809s][info][gc,marking  ] GC(4) Concurrent Rebuild Remembered Sets 2.662ms
[1.809s][info][gc,start    ] GC(4) Pause Cleanup
[1.810s][info][gc          ] GC(4) Pause Cleanup 13M->13M(512M) 0.103ms
[1.810s][info][gc,cpu      ] GC(4) User=0.00s Sys=0.00s Real=0.00s
[1.810s][info][gc,marking  ] GC(4) Concurrent Cleanup for Next Mark
[1.814s][info][gc,marking  ] GC(4) Concurrent Cleanup for Next Mark 4.346ms
[1.814s][info][gc          ] GC(4) Concurrent Mark Cycle 22.910ms
[2.581s][info][gc,start    ] GC(5) Pause Young (Prepare Mixed) (G1 Evacuation Pause)
[2.581s][info][gc,task     ] GC(5) Using 4 workers of 4 for evacuation
[2.591s][info][gc,phases   ] GC(5)   Pre Evacuate Collection Set: 0.1ms
[2.591s][info][gc,phases   ] GC(5)   Merge Heap Roots: 0.1ms
[2.591s][info][gc,phases   ] GC(5)   Evacuate Collection Set: 9.0ms
[2.591s][info][gc,phases   ] GC(5)   Post Evacuate Collection Set: 0.6ms
[2.591s][info][gc,phases   ] GC(5)   Other: 0.1ms
[2.591s][info][gc,heap     ] GC(5) Eden regions: 157->0(13)
[2.591s][info][gc,heap     ] GC(5) Survivor regions: 8->12(21)
[2.591s][info][gc,heap     ] GC(5) Old regions: 4->4
[2.591s][info][gc,heap     ] GC(5) Archive regions: 2->2
[2.591s][info][gc,heap     ] GC(5) Humongous regions: 1->0
[2.591s][info][gc,metaspace] GC(5) Metaspace: 33224K(33664K)->33224K(33664K) NonClass: 29130K(29376K)->29130K(29376K) Class: 4094K(4288K)->4094K(4288K)
[2.591s][info][gc          ] GC(5) Pause Young (Prepare Mixed) (G1 Evacuation Pause) 170M->16M(512M) 9.890ms
[2.591s][info][gc,cpu      ] GC(5) User=0.03s Sys=0.01s Real=0.01s
[2.611s][info][gc,start    ] GC(6) Pause Young (Mixed) (G1 Evacuation Pause)
[2.611s][info][gc,task     ] GC(6) Using 4 workers of 4 for evacuation
[2.620s][info][gc,phases   ] GC(6)   Pre Evacuate Collection Set: 0.0ms
[2.620s][info][gc,phases   ] GC(6)   Merge Heap Roots: 0.0ms
[2.620s][info][gc,phases   ] GC(6)   Evacuate Collection Set: 9.0ms
[2.620s][info][gc,phases   ] GC(6)   Post Evacuate Collection Set: 0.3ms
[2.620s][info][gc,phases   ] GC(6)   Other: 0.1ms
[2.620s][info][gc,heap     ] GC(6) Eden regions: 13->0(305)
[2.621s][info][gc,heap     ] GC(6) Survivor regions: 12->2(4)
[2.621s][info][gc,heap     ] GC(6) Old regions: 4->16
[2.621s][info][gc,heap     ] GC(6) Archive regions: 2->2
[2.621s][info][gc,heap     ] GC(6) Humongous regions: 0->0
[2.621s][info][gc,metaspace] GC(6) Metaspace: 33417K(33920K)->33417K(33920K) NonClass: 29289K(29568K)->29289K(29568K) Class: 4128K(4352K)->4128K(4352K)
[2.621s][info][gc          ] GC(6) Pause Young (Mixed) (G1 Evacuation Pause) 29M->18M(512M) 9.597ms
[2.621s][info][gc,cpu      ] GC(6) User=0.04s Sys=0.00s Real=0.01s
[2.925s][info][gc,start    ] GC(7) Pause Young (Concurrent Start) (Metadata GC Threshold)
[2.925s][info][gc,task     ] GC(7) Using 4 workers of 4 for evacuation
[2.929s][info][gc,phases   ] GC(7)   Pre Evacuate Collection Set: 0.1ms
[2.929s][info][gc,phases   ] GC(7)   Merge Heap Roots: 0.1ms
[2.929s][info][gc,phases   ] GC(7)   Evacuate Collection Set: 3.5ms
[2.929s][info][gc,phases   ] GC(7)   Post Evacuate Collection Set: 0.3ms
[2.929s][info][gc,phases   ] GC(7)   Other: 0.1ms
[2.929s][info][gc,heap     ] GC(7) Eden regions: 126->0(303)
[2.929s][info][gc,heap     ] GC(7) Survivor regions: 2->4(39)
[2.929s][info][gc,heap     ] GC(7) Old regions: 16->16
[2.929s][info][gc,heap     ] GC(7) Archive regions: 2->2
[2.929s][info][gc,heap     ] GC(7) Humongous regions: 0->0
[2.929s][info][gc,metaspace] GC(7) Metaspace: 35663K(36096K)->35663K(36096K) NonClass: 31213K(31424K)->31213K(31424K) Class: 4450K(4672K)->4450K(4672K)
[2.929s][info][gc          ] GC(7) Pause Young (Concurrent Start) (Metadata GC Threshold) 144M->19M(512M) 4.152ms
[2.929s][info][gc,cpu      ] GC(7) User=0.01s Sys=0.00s Real=0.01s
[2.930s][info][gc          ] GC(8) Concurrent Mark Cycle
[2.930s][info][gc,marking  ] GC(8) Concurrent Clear Claimed Marks
[2.930s][info][gc,marking  ] GC(8) Concurrent Clear Claimed Marks 0.022ms
[2.930s][info][gc,marking  ] GC(8) Concurrent Scan Root Regions
[2.934s][info][gc,marking  ] GC(8) Concurrent Scan Root Regions 4.191ms
[2.934s][info][gc,marking  ] GC(8) Concurrent Mark
[2.934s][info][gc,marking  ] GC(8) Concurrent Mark From Roots
[2.934s][info][gc,task     ] GC(8) Using 1 workers of 1 for marking
[2.959s][info][gc,marking  ] GC(8) Concurrent Mark From Roots 24.764ms
[2.959s][info][gc,marking  ] GC(8) Concurrent Preclean
[2.959s][info][gc,marking  ] GC(8) Concurrent Preclean 0.085ms
[2.959s][info][gc,start    ] GC(8) Pause Remark
[2.962s][info][gc          ] GC(8) Pause Remark 22M->22M(512M) 2.802ms
[2.962s][info][gc,cpu      ] GC(8) User=0.01s Sys=0.00s Real=0.00s
[2.962s][info][gc,marking  ] GC(8) Concurrent Mark 28.060ms
[2.962s][info][gc,marking  ] GC(8) Concurrent Rebuild Remembered Sets
[2.975s][info][gc,marking  ] GC(8) Concurrent Rebuild Remembered Sets 13.375ms
[2.975s][info][gc,start    ] GC(8) Pause Cleanup
[2.976s][info][gc          ] GC(8) Pause Cleanup 23M->23M(512M) 0.081ms
[2.976s][info][gc,cpu      ] GC(8) User=0.00s Sys=0.00s Real=0.00s
[2.976s][info][gc,marking  ] GC(8) Concurrent Cleanup for Next Mark
[2.980s][info][gc,marking  ] GC(8) Concurrent Cleanup for Next Mark 4.606ms
[2.980s][info][gc          ] GC(8) Concurrent Mark Cycle 50.625ms
[51.236s][info][gc,start    ] GC(9) Pause Young (Concurrent Start) (Metadata GC Threshold)
[51.236s][info][gc,task     ] GC(9) Using 4 workers of 4 for evacuation
[51.246s][info][gc,phases   ] GC(9)   Pre Evacuate Collection Set: 0.1ms
[51.246s][info][gc,phases   ] GC(9)   Merge Heap Roots: 0.1ms
[51.246s][info][gc,phases   ] GC(9)   Evacuate Collection Set: 9.3ms
[51.246s][info][gc,phases   ] GC(9)   Post Evacuate Collection Set: 0.7ms
[51.246s][info][gc,phases   ] GC(9)   Other: 0.2ms
[51.246s][info][gc,heap     ] GC(9) Eden regions: 234->0(296)
[51.246s][info][gc,heap     ] GC(9) Survivor regions: 4->11(39)
[51.246s][info][gc,heap     ] GC(9) Old regions: 16->16
[51.246s][info][gc,heap     ] GC(9) Archive regions: 2->2
[51.246s][info][gc,heap     ] GC(9) Humongous regions: 0->0
[51.246s][info][gc,metaspace] GC(9) Metaspace: 60129K(60608K)->60129K(60608K) NonClass: 52795K(53056K)->52795K(53056K) Class: 7333K(7552K)->7333K(7552K)
[51.246s][info][gc          ] GC(9) Pause Young (Concurrent Start) (Metadata GC Threshold) 253M->26M(512M) 10.484ms
[51.246s][info][gc,cpu      ] GC(9) User=0.03s Sys=0.01s Real=0.00s
[51.246s][info][gc          ] GC(10) Concurrent Mark Cycle
[51.246s][info][gc,marking  ] GC(10) Concurrent Clear Claimed Marks
[51.246s][info][gc,marking  ] GC(10) Concurrent Clear Claimed Marks 0.037ms
[51.246s][info][gc,marking  ] GC(10) Concurrent Scan Root Regions
[51.256s][info][gc,marking  ] GC(10) Concurrent Scan Root Regions 9.276ms
[51.256s][info][gc,marking  ] GC(10) Concurrent Mark
[51.256s][info][gc,marking  ] GC(10) Concurrent Mark From Roots
[51.256s][info][gc,task     ] GC(10) Using 1 workers of 1 for marking
[51.280s][info][gc,marking  ] GC(10) Concurrent Mark From Roots 24.430ms
[51.280s][info][gc,marking  ] GC(10) Concurrent Preclean
[51.280s][info][gc,marking  ] GC(10) Concurrent Preclean 0.090ms
[51.280s][info][gc,start    ] GC(10) Pause Remark
[51.283s][info][gc          ] GC(10) Pause Remark 35M->35M(512M) 2.769ms
[51.283s][info][gc,cpu      ] GC(10) User=0.01s Sys=0.00s Real=0.00s
[51.283s][info][gc,marking  ] GC(10) Concurrent Mark 27.551ms
[51.283s][info][gc,marking  ] GC(10) Concurrent Rebuild Remembered Sets
[51.295s][info][gc,marking  ] GC(10) Concurrent Rebuild Remembered Sets 11.862ms
[51.295s][info][gc,start    ] GC(10) Pause Cleanup
[51.295s][info][gc          ] GC(10) Pause Cleanup 38M->38M(512M) 0.088ms
[51.295s][info][gc,cpu      ] GC(10) User=0.00s Sys=0.00s Real=0.00s
[51.296s][info][gc,marking  ] GC(10) Concurrent Cleanup for Next Mark
[51.296s][info][gc,marking  ] GC(10) Concurrent Cleanup for Next Mark 0.814ms
[51.296s][info][gc          ] GC(10) Concurrent Mark Cycle 50.193ms
