[0.024s][info][gc] Using G1
[0.027s][info][gc,init] Version: 17.0.6+9-LTS-190 (release)
[0.027s][info][gc,init] CPUs: 4 total, 4 available
[0.027s][info][gc,init] Memory: 15351M
[0.027s][info][gc,init] Large Page Support: Disabled
[0.027s][info][gc,init] NUMA Support: Disabled
[0.027s][info][gc,init] Compressed Oops: Enabled (32-bit)
[0.027s][info][gc,init] Heap Region Size: 1M
[0.027s][info][gc,init] Heap Min Capacity: 512M
[0.027s][info][gc,init] Heap Initial Capacity: 512M
[0.027s][info][gc,init] Heap Max Capacity: 1G
[0.027s][info][gc,init] Pre-touch: Disabled
[0.027s][info][gc,init] Parallel Workers: 4
[0.027s][info][gc,init] Concurrent Workers: 1
[0.027s][info][gc,init] Concurrent Refinement Workers: 4
[0.027s][info][gc,init] Periodic GC: Disabled
[0.027s][info][gc,metaspace] CDS archive(s) mapped at: [0x0000000800000000-0x0000000800be3000-0x0000000800be3000), size 12464128, SharedBaseAddress: 0x0000000800000000, ArchiveRelocationMode: 0.
[0.027s][info][gc,metaspace] Compressed class space mapped at: 0x0000000800c00000-0x0000000840c00000, reserved size: 1073741824
[0.027s][info][gc,metaspace] Narrow klass base: 0x0000000800000000, Narrow klass shift: 0, Narrow klass range: 0x100000000
[0.295s][info][gc,start    ] GC(0) Pause Young (Normal) (G1 Evacuation Pause)
[0.295s][info][gc,task     ] GC(0) Using 4 workers of 4 for evacuation
[0.299s][info][gc,phases   ] GC(0)   Pre Evacuate Collection Set: 0.1ms
[0.300s][info][gc,phases   ] GC(0)   Merge Heap Roots: 0.0ms
[0.300s][info][gc,phases   ] GC(0)   Evacuate Collection Set: 4.1ms
[0.300s][info][gc,phases   ] GC(0)   Post Evacuate Collection Set: 0.2ms
[0.300s][info][gc,phases   ] GC(0)   Other: 0.2ms
[0.300s][info][gc,heap     ] GC(0) Eden regions: 25->0(27)
[0.300s][info][gc,heap     ] GC(0) Survivor regions: 0->4(4)
[0.300s][info][gc,heap     ] GC(0) Old regions: 0->0
[0.300s][info][gc,heap     ] GC(0) Archive regions: 2->2
[0.300s][info][gc,heap     ] GC(0) Humongous regions: 0->0
[0.300s][info][gc,metaspace] GC(0) Metaspace: 2020K(2240K)->2020K(2240K) NonClass: 1812K(1920K)->1812K(1920K) Class: 208K(320K)->208K(320K)
[0.300s][info][gc          ] GC(0) Pause Young (Normal) (G1 Evacuation Pause) 25M->4M(514M) 4.763ms
[0.300s][info][gc,cpu      ] GC(0) User=0.01s Sys=0.00s Real=0.01s
[0.622s][info][gc,start    ] GC(1) Pause Young (Normal) (G1 Evacuation Pause)
[0.622s][info][gc,task     ] GC(1) Using 4 workers of 4 for evacuation
[0.626s][info][gc,phases   ] GC(1)   Pre Evacuate Collection Set: 0.1ms
[0.626s][info][gc,phases   ] GC(1)   Merge Heap Roots: 0.0ms
[0.626s][info][gc,phases   ] GC(1)   Evacuate Collection Set: 3.6ms
[0.626s][info][gc,phases   ] GC(1)   Post Evacuate Collection Set: 0.2ms
[0.626s][info][gc,phases   ] GC(1)   Other: 0.1ms
[0.626s][info][gc,heap     ] GC(1) Eden regions: 27->0(85)
[0.626s][info][gc,heap     ] GC(1) Survivor regions: 4->2(4)
[0.626s][info][gc,heap     ] GC(1) Old regions: 0->4
[0.626s][info][gc,heap     ] GC(1) Archive regions: 2->2
[0.626s][info][gc,heap     ] GC(1) Humongous regions: 0->0
[0.627s][info][gc,metaspace] GC(1) Metaspace: 6492K(6784K)->6492K(6784K) NonClass: 5724K(5888K)->5724K(5888K) Class: 768K(896K)->768K(896K)
[0.627s][info][gc          ] GC(1) Pause Young (Normal) (G1 Evacuation Pause) 31M->6M(514M) 4.112ms
[0.627s][info][gc,cpu      ] GC(1) User=0.01s Sys=0.01s Real=0.00s
[1.403s][info][gc,start    ] GC(2) Pause Young (Normal) (G1 Evacuation Pause)
[1.403s][info][gc,task     ] GC(2) Using 4 workers of 4 for evacuation
[1.409s][info][gc,phases   ] GC(2)   Pre Evacuate Collection Set: 0.1ms
[1.409s][info][gc,phases   ] GC(2)   Merge Heap Roots: 0.0ms
[1.409s][info][gc,phases   ] GC(2)   Evacuate Collection Set: 5.7ms
[1.409s][info][gc,phases   ] GC(2)   Post Evacuate Collection Set: 0.3ms
[1.409s][info][gc,phases   ] GC(2)   Other: 0.1ms
[1.409s][info][gc,heap     ] GC(2) Eden regions: 85->0(115)
[1.409s][info][gc,heap     ] GC(2) Survivor regions: 2->7(11)
[1.409s][info][gc,heap     ] GC(2) Old regions: 4->4
[1.409s][info][gc,heap     ] GC(2) Archive regions: 2->2
[1.409s][info][gc,heap     ] GC(2) Humongous regions: 0->0
[1.409s][info][gc,metaspace] GC(2) Metaspace: 18564K(18880K)->18564K(18880K) NonClass: 16232K(16384K)->16232K(16384K) Class: 2331K(2496K)->2331K(2496K)
[1.409s][info][gc          ] GC(2) Pause Young (Normal) (G1 Evacuation Pause) 91M->11M(514M) 6.372ms
[1.409s][info][gc,cpu      ] GC(2) User=0.02s Sys=0.00s Real=0.01s
[1.665s][info][gc,start    ] GC(3) Pause Young (Concurrent Start) (Metadata GC Threshold)
[1.665s][info][gc,task     ] GC(3) Using 4 workers of 4 for evacuation
[1.670s][info][gc,phases   ] GC(3)   Pre Evacuate Collection Set: 0.1ms
[1.670s][info][gc,phases   ] GC(3)   Merge Heap Roots: 0.0ms
[1.670s][info][gc,phases   ] GC(3)   Evacuate Collection Set: 5.2ms
[1.670s][info][gc,phases   ] GC(3)   Post Evacuate Collection Set: 0.3ms
[1.670s][info][gc,phases   ] GC(3)   Other: 0.1ms
[1.670s][info][gc,heap     ] GC(3) Eden regions: 24->0(145)
[1.670s][info][gc,heap     ] GC(3) Survivor regions: 7->8(16)
[1.670s][info][gc,heap     ] GC(3) Old regions: 4->4
[1.671s][info][gc,heap     ] GC(3) Archive regions: 2->2
[1.671s][info][gc,heap     ] GC(3) Humongous regions: 0->0
[1.671s][info][gc,metaspace] GC(3) Metaspace: 21083K(21504K)->21083K(21504K) NonClass: 18432K(18624K)->18432K(18624K) Class: 2651K(2880K)->2651K(2880K)
[1.671s][info][gc          ] GC(3) Pause Young (Concurrent Start) (Metadata GC Threshold) 34M->12M(514M) 5.877ms
[1.671s][info][gc,cpu      ] GC(3) User=0.02s Sys=0.00s Real=0.01s
[1.671s][info][gc          ] GC(4) Concurrent Mark Cycle
[1.671s][info][gc,marking  ] GC(4) Concurrent Clear Claimed Marks
[1.671s][info][gc,marking  ] GC(4) Concurrent Clear Claimed Marks 0.019ms
[1.671s][info][gc,marking  ] GC(4) Concurrent Scan Root Regions
[1.674s][info][gc,marking  ] GC(4) Concurrent Scan Root Regions 3.501ms
[1.674s][info][gc,marking  ] GC(4) Concurrent Mark
[1.674s][info][gc,marking  ] GC(4) Concurrent Mark From Roots
[1.674s][info][gc,task     ] GC(4) Using 1 workers of 1 for marking
[1.682s][info][gc,marking  ] GC(4) Concurrent Mark From Roots 8.206ms
[1.682s][info][gc,marking  ] GC(4) Concurrent Preclean
[1.683s][info][gc,marking  ] GC(4) Concurrent Preclean 0.216ms
[1.683s][info][gc,start    ] GC(4) Pause Remark
[1.685s][info][gc          ] GC(4) Pause Remark 13M->13M(512M) 2.512ms
[1.685s][info][gc,cpu      ] GC(4) User=0.00s Sys=0.00s Real=0.00s
[1.686s][info][gc,marking  ] GC(4) Concurrent Mark 11.344ms
[1.686s][info][gc,marking  ] GC(4) Concurrent Rebuild Remembered Sets
[1.691s][info][gc,marking  ] GC(4) Concurrent Rebuild Remembered Sets 5.766ms
[1.692s][info][gc,start    ] GC(4) Pause Cleanup
[1.692s][info][gc          ] GC(4) Pause Cleanup 14M->14M(512M) 0.150ms
[1.692s][info][gc,cpu      ] GC(4) User=0.00s Sys=0.00s Real=0.00s
[1.692s][info][gc,marking  ] GC(4) Concurrent Cleanup for Next Mark
[1.700s][info][gc,marking  ] GC(4) Concurrent Cleanup for Next Mark 8.019ms
[1.700s][info][gc          ] GC(4) Concurrent Mark Cycle 29.200ms
[2.454s][info][gc,start    ] GC(5) Pause Young (Prepare Mixed) (G1 Evacuation Pause)
[2.454s][info][gc,task     ] GC(5) Using 4 workers of 4 for evacuation
[2.466s][info][gc,phases   ] GC(5)   Pre Evacuate Collection Set: 0.0ms
[2.466s][info][gc,phases   ] GC(5)   Merge Heap Roots: 0.1ms
[2.466s][info][gc,phases   ] GC(5)   Evacuate Collection Set: 11.1ms
[2.466s][info][gc,phases   ] GC(5)   Post Evacuate Collection Set: 0.8ms
[2.466s][info][gc,phases   ] GC(5)   Other: 0.1ms
[2.466s][info][gc,heap     ] GC(5) Eden regions: 153->0(12)
[2.466s][info][gc,heap     ] GC(5) Survivor regions: 8->13(21)
[2.466s][info][gc,heap     ] GC(5) Old regions: 4->4
[2.466s][info][gc,heap     ] GC(5) Archive regions: 2->2
[2.466s][info][gc,heap     ] GC(5) Humongous regions: 1->0
[2.466s][info][gc,metaspace] GC(5) Metaspace: 33180K(33664K)->33180K(33664K) NonClass: 29094K(29376K)->29094K(29376K) Class: 4086K(4288K)->4086K(4288K)
[2.466s][info][gc          ] GC(5) Pause Young (Prepare Mixed) (G1 Evacuation Pause) 166M->17M(512M) 12.185ms
[2.466s][info][gc,cpu      ] GC(5) User=0.05s Sys=0.00s Real=0.01s
[2.485s][info][gc,start    ] GC(6) Pause Young (Mixed) (G1 Evacuation Pause)
[2.485s][info][gc,task     ] GC(6) Using 4 workers of 4 for evacuation
[2.495s][info][gc,phases   ] GC(6)   Pre Evacuate Collection Set: 0.0ms
[2.495s][info][gc,phases   ] GC(6)   Merge Heap Roots: 0.0ms
[2.495s][info][gc,phases   ] GC(6)   Evacuate Collection Set: 9.5ms
[2.495s][info][gc,phases   ] GC(6)   Post Evacuate Collection Set: 0.3ms
[2.495s][info][gc,phases   ] GC(6)   Other: 0.1ms
[2.495s][info][gc,heap     ] GC(6) Eden regions: 12->0(305)
[2.495s][info][gc,heap     ] GC(6) Survivor regions: 13->2(4)
[2.495s][info][gc,heap     ] GC(6) Old regions: 4->15
[2.495s][info][gc,heap     ] GC(6) Archive regions: 2->2
[2.495s][info][gc,heap     ] GC(6) Humongous regions: 0->0
[2.495s][info][gc,metaspace] GC(6) Metaspace: 33344K(33792K)->33344K(33792K) NonClass: 29230K(29504K)->29230K(29504K) Class: 4113K(4288K)->4113K(4288K)
[2.495s][info][gc          ] GC(6) Pause Young (Mixed) (G1 Evacuation Pause) 29M->17M(512M) 9.994ms
[2.495s][info][gc,cpu      ] GC(6) User=0.03s Sys=0.00s Real=0.01s
[2.785s][info][gc,start    ] GC(7) Pause Young (Concurrent Start) (Metadata GC Threshold)
[2.785s][info][gc,task     ] GC(7) Using 4 workers of 4 for evacuation
[2.789s][info][gc,phases   ] GC(7)   Pre Evacuate Collection Set: 0.1ms
[2.789s][info][gc,phases   ] GC(7)   Merge Heap Roots: 0.1ms
[2.789s][info][gc,phases   ] GC(7)   Evacuate Collection Set: 3.9ms
[2.789s][info][gc,phases   ] GC(7)   Post Evacuate Collection Set: 0.3ms
[2.789s][info][gc,phases   ] GC(7)   Other: 0.1ms
[2.789s][info][gc,heap     ] GC(7) Eden regions: 132->0(303)
[2.789s][info][gc,heap     ] GC(7) Survivor regions: 2->4(39)
[2.789s][info][gc,heap     ] GC(7) Old regions: 15->15
[2.789s][info][gc,heap     ] GC(7) Archive regions: 2->2
[2.789s][info][gc,heap     ] GC(7) Humongous regions: 0->0
[2.789s][info][gc,metaspace] GC(7) Metaspace: 35645K(36096K)->35645K(36096K) NonClass: 31192K(31424K)->31192K(31424K) Class: 4452K(4672K)->4452K(4672K)
[2.789s][info][gc          ] GC(7) Pause Young (Concurrent Start) (Metadata GC Threshold) 149M->19M(512M) 4.452ms
[2.789s][info][gc,cpu      ] GC(7) User=0.01s Sys=0.00s Real=0.01s
[2.789s][info][gc          ] GC(8) Concurrent Mark Cycle
[2.790s][info][gc,marking  ] GC(8) Concurrent Clear Claimed Marks
[2.790s][info][gc,marking  ] GC(8) Concurrent Clear Claimed Marks 0.021ms
[2.790s][info][gc,marking  ] GC(8) Concurrent Scan Root Regions
[2.794s][info][gc,marking  ] GC(8) Concurrent Scan Root Regions 4.337ms
[2.794s][info][gc,marking  ] GC(8) Concurrent Mark
[2.794s][info][gc,marking  ] GC(8) Concurrent Mark From Roots
[2.794s][info][gc,task     ] GC(8) Using 1 workers of 1 for marking
[2.819s][info][gc,marking  ] GC(8) Concurrent Mark From Roots 24.645ms
[2.819s][info][gc,marking  ] GC(8) Concurrent Preclean
[2.819s][info][gc,marking  ] GC(8) Concurrent Preclean 0.086ms
[2.819s][info][gc,start    ] GC(8) Pause Remark
[2.824s][info][gc          ] GC(8) Pause Remark 23M->23M(512M) 5.279ms
[2.824s][info][gc,cpu      ] GC(8) User=0.01s Sys=0.00s Real=0.01s
[2.824s][info][gc,marking  ] GC(8) Concurrent Mark 30.378ms
[2.824s][info][gc,marking  ] GC(8) Concurrent Rebuild Remembered Sets
[2.824s][info][gc,marking  ] GC(8) Concurrent Rebuild Remembered Sets 0.005ms
[2.825s][info][gc,start    ] GC(8) Pause Cleanup
[2.825s][info][gc          ] GC(8) Pause Cleanup 23M->23M(512M) 0.025ms
[2.825s][info][gc,cpu      ] GC(8) User=0.00s Sys=0.00s Real=0.00s
[2.825s][info][gc,marking  ] GC(8) Concurrent Cleanup for Next Mark
[2.829s][info][gc,marking  ] GC(8) Concurrent Cleanup for Next Mark 4.154ms
[2.829s][info][gc          ] GC(8) Concurrent Mark Cycle 39.360ms
[264.925s][info][gc,start    ] GC(9) Pause Young (Concurrent Start) (Metadata GC Threshold)
[264.925s][info][gc,task     ] GC(9) Using 4 workers of 4 for evacuation
[264.936s][info][gc,phases   ] GC(9)   Pre Evacuate Collection Set: 0.1ms
[264.936s][info][gc,phases   ] GC(9)   Merge Heap Roots: 0.1ms
[264.936s][info][gc,phases   ] GC(9)   Evacuate Collection Set: 9.9ms
[264.936s][info][gc,phases   ] GC(9)   Post Evacuate Collection Set: 0.7ms
[264.936s][info][gc,phases   ] GC(9)   Other: 0.2ms
[264.936s][info][gc,heap     ] GC(9) Eden regions: 233->0(296)
[264.936s][info][gc,heap     ] GC(9) Survivor regions: 4->11(39)
[264.936s][info][gc,heap     ] GC(9) Old regions: 15->15
[264.936s][info][gc,heap     ] GC(9) Archive regions: 2->2
[264.936s][info][gc,heap     ] GC(9) Humongous regions: 0->0
[264.936s][info][gc,metaspace] GC(9) Metaspace: 60278K(60736K)->60278K(60736K) NonClass: 52930K(53120K)->52930K(53120K) Class: 7347K(7616K)->7347K(7616K)
[264.936s][info][gc          ] GC(9) Pause Young (Concurrent Start) (Metadata GC Threshold) 252M->26M(512M) 11.118ms
[264.936s][info][gc,cpu      ] GC(9) User=0.03s Sys=0.01s Real=0.01s
[264.936s][info][gc          ] GC(10) Concurrent Mark Cycle
[264.936s][info][gc,marking  ] GC(10) Concurrent Clear Claimed Marks
[264.936s][info][gc,marking  ] GC(10) Concurrent Clear Claimed Marks 0.044ms
[264.936s][info][gc,marking  ] GC(10) Concurrent Scan Root Regions
[264.945s][info][gc,marking  ] GC(10) Concurrent Scan Root Regions 8.485ms
[264.945s][info][gc,marking  ] GC(10) Concurrent Mark
[264.945s][info][gc,marking  ] GC(10) Concurrent Mark From Roots
[264.945s][info][gc,task     ] GC(10) Using 1 workers of 1 for marking
[264.962s][info][gc,marking  ] GC(10) Concurrent Mark From Roots 16.923ms
[264.962s][info][gc,marking  ] GC(10) Concurrent Preclean
[264.962s][info][gc,marking  ] GC(10) Concurrent Preclean 0.081ms
[264.962s][info][gc,start    ] GC(10) Pause Remark
[264.964s][info][gc          ] GC(10) Pause Remark 34M->34M(512M) 2.473ms
[264.964s][info][gc,cpu      ] GC(10) User=0.01s Sys=0.00s Real=0.00s
[264.964s][info][gc,marking  ] GC(10) Concurrent Mark 19.746ms
[264.965s][info][gc,marking  ] GC(10) Concurrent Rebuild Remembered Sets
[264.965s][info][gc,marking  ] GC(10) Concurrent Rebuild Remembered Sets 0.007ms
[264.965s][info][gc,start    ] GC(10) Pause Cleanup
[264.965s][info][gc          ] GC(10) Pause Cleanup 34M->34M(512M) 0.014ms
[264.965s][info][gc,cpu      ] GC(10) User=0.00s Sys=0.00s Real=0.00s
[264.965s][info][gc,marking  ] GC(10) Concurrent Cleanup for Next Mark
[264.965s][info][gc,marking  ] GC(10) Concurrent Cleanup for Next Mark 0.666ms
[264.965s][info][gc          ] GC(10) Concurrent Mark Cycle 29.255ms
[6534.469s][info][gc,start    ] GC(11) Pause Young (Concurrent Start) (G1 Evacuation Pause)
[6534.469s][info][gc,task     ] GC(11) Using 4 workers of 4 for evacuation
[6534.479s][info][gc,phases   ] GC(11)   Pre Evacuate Collection Set: 0.1ms
[6534.479s][info][gc,phases   ] GC(11)   Merge Heap Roots: 0.1ms
[6534.479s][info][gc,phases   ] GC(11)   Evacuate Collection Set: 8.3ms
[6534.479s][info][gc,phases   ] GC(11)   Post Evacuate Collection Set: 1.2ms
[6534.479s][info][gc,phases   ] GC(11)   Other: 0.2ms
[6534.479s][info][gc,heap     ] GC(11) Eden regions: 296->0(294)
[6534.479s][info][gc,heap     ] GC(11) Survivor regions: 11->13(39)
[6534.479s][info][gc,heap     ] GC(11) Old regions: 15->15
[6534.479s][info][gc,heap     ] GC(11) Archive regions: 2->2
[6534.479s][info][gc,heap     ] GC(11) Humongous regions: 0->0
[6534.479s][info][gc,metaspace] GC(11) Metaspace: 64697K(65280K)->64697K(65280K) NonClass: 56965K(57280K)->56965K(57280K) Class: 7731K(8000K)->7731K(8000K)
[6534.479s][info][gc          ] GC(11) Pause Young (Concurrent Start) (G1 Evacuation Pause) 322M->28M(512M) 9.984ms
[6534.479s][info][gc,cpu      ] GC(11) User=0.03s Sys=0.00s Real=0.01s
[6534.479s][info][gc          ] GC(12) Concurrent Mark Cycle
[6534.479s][info][gc,marking  ] GC(12) Concurrent Clear Claimed Marks
[6534.479s][info][gc,marking  ] GC(12) Concurrent Clear Claimed Marks 0.052ms
[6534.479s][info][gc,marking  ] GC(12) Concurrent Scan Root Regions
[6534.487s][info][gc,marking  ] GC(12) Concurrent Scan Root Regions 7.687ms
[6534.487s][info][gc,marking  ] GC(12) Concurrent Mark
[6534.487s][info][gc,marking  ] GC(12) Concurrent Mark From Roots
[6534.487s][info][gc,task     ] GC(12) Using 1 workers of 1 for marking
[6534.503s][info][gc,marking  ] GC(12) Concurrent Mark From Roots 15.801ms
[6534.503s][info][gc,marking  ] GC(12) Concurrent Preclean
[6534.503s][info][gc,marking  ] GC(12) Concurrent Preclean 0.308ms
[6534.503s][info][gc,start    ] GC(12) Pause Remark
[6534.510s][info][gc          ] GC(12) Pause Remark 33M->33M(512M) 6.632ms
[6534.510s][info][gc,cpu      ] GC(12) User=0.02s Sys=0.00s Real=0.01s
[6534.511s][info][gc,marking  ] GC(12) Concurrent Mark 24.143ms
[6534.511s][info][gc,marking  ] GC(12) Concurrent Rebuild Remembered Sets
[6534.520s][info][gc,marking  ] GC(12) Concurrent Rebuild Remembered Sets 8.844ms
[6534.520s][info][gc,start    ] GC(12) Pause Cleanup
[6534.520s][info][gc          ] GC(12) Pause Cleanup 33M->33M(512M) 0.088ms
[6534.520s][info][gc,cpu      ] GC(12) User=0.00s Sys=0.00s Real=0.00s
[6534.520s][info][gc,marking  ] GC(12) Concurrent Cleanup for Next Mark
[6534.521s][info][gc,marking  ] GC(12) Concurrent Cleanup for Next Mark 0.657ms
[6534.521s][info][gc          ] GC(12) Concurrent Mark Cycle 41.708ms
[6555.312s][info][gc,start    ] GC(13) Pause Young (Normal) (G1 Evacuation Pause)
[6555.312s][info][gc,task     ] GC(13) Using 4 workers of 4 for evacuation
[6555.320s][info][gc,phases   ] GC(13)   Pre Evacuate Collection Set: 0.1ms
[6555.320s][info][gc,phases   ] GC(13)   Merge Heap Roots: 0.1ms
[6555.320s][info][gc,phases   ] GC(13)   Evacuate Collection Set: 6.8ms
[6555.320s][info][gc,phases   ] GC(13)   Post Evacuate Collection Set: 1.1ms
[6555.320s][info][gc,phases   ] GC(13)   Other: 0.1ms
[6555.320s][info][gc,heap     ] GC(13) Eden regions: 294->0(294)
[6555.320s][info][gc,heap     ] GC(13) Survivor regions: 13->13(39)
[6555.320s][info][gc,heap     ] GC(13) Old regions: 15->15
[6555.320s][info][gc,heap     ] GC(13) Archive regions: 2->2
[6555.320s][info][gc,heap     ] GC(13) Humongous regions: 0->0
[6555.320s][info][gc,metaspace] GC(13) Metaspace: 64747K(65344K)->64747K(65344K) NonClass: 57071K(57344K)->57071K(57344K) Class: 7675K(8000K)->7675K(8000K)
[6555.320s][info][gc          ] GC(13) Pause Young (Normal) (G1 Evacuation Pause) 322M->28M(512M) 8.244ms
[6555.320s][info][gc,cpu      ] GC(13) User=0.03s Sys=0.00s Real=0.01s
[6576.498s][info][gc,start    ] GC(14) Pause Young (Normal) (G1 Evacuation Pause)
[6576.498s][info][gc,task     ] GC(14) Using 4 workers of 4 for evacuation
[6576.506s][info][gc,phases   ] GC(14)   Pre Evacuate Collection Set: 0.1ms
[6576.506s][info][gc,phases   ] GC(14)   Merge Heap Roots: 0.1ms
[6576.506s][info][gc,phases   ] GC(14)   Evacuate Collection Set: 7.3ms
[6576.506s][info][gc,phases   ] GC(14)   Post Evacuate Collection Set: 1.0ms
[6576.506s][info][gc,phases   ] GC(14)   Other: 0.1ms
[6576.506s][info][gc,heap     ] GC(14) Eden regions: 294->0(293)
[6576.506s][info][gc,heap     ] GC(14) Survivor regions: 13->14(39)
[6576.506s][info][gc,heap     ] GC(14) Old regions: 15->15
[6576.506s][info][gc,heap     ] GC(14) Archive regions: 2->2
[6576.506s][info][gc,heap     ] GC(14) Humongous regions: 0->0
[6576.506s][info][gc,metaspace] GC(14) Metaspace: 65003K(65600K)->65003K(65600K) NonClass: 57328K(57600K)->57328K(57600K) Class: 7675K(8000K)->7675K(8000K)
[6576.507s][info][gc          ] GC(14) Pause Young (Normal) (G1 Evacuation Pause) 322M->29M(512M) 8.693ms
[6576.507s][info][gc,cpu      ] GC(14) User=0.03s Sys=0.00s Real=0.01s
[6597.988s][info][gc,start    ] GC(15) Pause Young (Normal) (G1 Evacuation Pause)
[6597.988s][info][gc,task     ] GC(15) Using 4 workers of 4 for evacuation
[6597.997s][info][gc,phases   ] GC(15)   Pre Evacuate Collection Set: 0.1ms
[6597.997s][info][gc,phases   ] GC(15)   Merge Heap Roots: 0.1ms
[6597.997s][info][gc,phases   ] GC(15)   Evacuate Collection Set: 7.7ms
[6597.997s][info][gc,phases   ] GC(15)   Post Evacuate Collection Set: 1.2ms
[6597.997s][info][gc,phases   ] GC(15)   Other: 0.1ms
[6597.997s][info][gc,heap     ] GC(15) Eden regions: 293->0(292)
[6597.997s][info][gc,heap     ] GC(15) Survivor regions: 14->15(39)
[6597.997s][info][gc,heap     ] GC(15) Old regions: 15->15
[6597.997s][info][gc,heap     ] GC(15) Archive regions: 2->2
[6597.997s][info][gc,heap     ] GC(15) Humongous regions: 0->0
[6597.997s][info][gc,metaspace] GC(15) Metaspace: 65306K(65856K)->65306K(65856K) NonClass: 57631K(57856K)->57631K(57856K) Class: 7675K(8000K)->7675K(8000K)
[6597.997s][info][gc          ] GC(15) Pause Young (Normal) (G1 Evacuation Pause) 322M->30M(512M) 9.389ms
[6597.997s][info][gc,cpu      ] GC(15) User=0.04s Sys=0.00s Real=0.00s
[6619.862s][info][gc,start    ] GC(16) Pause Young (Normal) (G1 Evacuation Pause)
[6619.862s][info][gc,task     ] GC(16) Using 4 workers of 4 for evacuation
[6619.875s][info][gc,phases   ] GC(16)   Pre Evacuate Collection Set: 0.1ms
[6619.875s][info][gc,phases   ] GC(16)   Merge Heap Roots: 0.1ms
[6619.875s][info][gc,phases   ] GC(16)   Evacuate Collection Set: 9.5ms
[6619.875s][info][gc,phases   ] GC(16)   Post Evacuate Collection Set: 2.7ms
[6619.875s][info][gc,phases   ] GC(16)   Other: 0.1ms
[6619.875s][info][gc,heap     ] GC(16) Eden regions: 292->0(291)
[6619.875s][info][gc,heap     ] GC(16) Survivor regions: 15->16(39)
[6619.875s][info][gc,heap     ] GC(16) Old regions: 15->15
[6619.875s][info][gc,heap     ] GC(16) Archive regions: 2->2
[6619.875s][info][gc,heap     ] GC(16) Humongous regions: 0->0
[6619.875s][info][gc,metaspace] GC(16) Metaspace: 65603K(66176K)->65603K(66176K) NonClass: 57928K(58176K)->57928K(58176K) Class: 7675K(8000K)->7675K(8000K)
[6619.875s][info][gc          ] GC(16) Pause Young (Normal) (G1 Evacuation Pause) 322M->31M(512M) 12.583ms
[6619.875s][info][gc,cpu      ] GC(16) User=0.03s Sys=0.00s Real=0.01s
[6641.662s][info][gc,start    ] GC(17) Pause Young (Normal) (G1 Evacuation Pause)
[6641.662s][info][gc,task     ] GC(17) Using 4 workers of 4 for evacuation
[6641.673s][info][gc,phases   ] GC(17)   Pre Evacuate Collection Set: 0.1ms
[6641.673s][info][gc,phases   ] GC(17)   Merge Heap Roots: 0.1ms
[6641.673s][info][gc,phases   ] GC(17)   Evacuate Collection Set: 9.4ms
[6641.673s][info][gc,phases   ] GC(17)   Post Evacuate Collection Set: 1.4ms
[6641.673s][info][gc,phases   ] GC(17)   Other: 0.1ms
[6641.673s][info][gc,heap     ] GC(17) Eden regions: 291->0(288)
[6641.673s][info][gc,heap     ] GC(17) Survivor regions: 16->19(39)
[6641.673s][info][gc,heap     ] GC(17) Old regions: 15->15
[6641.673s][info][gc,heap     ] GC(17) Archive regions: 2->2
[6641.673s][info][gc,heap     ] GC(17) Humongous regions: 0->0
[6641.673s][info][gc,metaspace] GC(17) Metaspace: 65842K(66432K)->65842K(66432K) NonClass: 58158K(58432K)->58158K(58432K) Class: 7683K(8000K)->7683K(8000K)
[6641.673s][info][gc          ] GC(17) Pause Young (Normal) (G1 Evacuation Pause) 322M->34M(512M) 11.133ms
[6641.673s][info][gc,cpu      ] GC(17) User=0.03s Sys=0.00s Real=0.01s
[6662.576s][info][gc,start    ] GC(18) Pause Young (Normal) (G1 Evacuation Pause)
[6662.576s][info][gc,task     ] GC(18) Using 4 workers of 4 for evacuation
[6662.588s][info][gc,phases   ] GC(18)   Pre Evacuate Collection Set: 0.1ms
[6662.588s][info][gc,phases   ] GC(18)   Merge Heap Roots: 0.1ms
[6662.588s][info][gc,phases   ] GC(18)   Evacuate Collection Set: 10.4ms
[6662.588s][info][gc,phases   ] GC(18)   Post Evacuate Collection Set: 1.1ms
[6662.588s][info][gc,phases   ] GC(18)   Other: 0.1ms
[6662.588s][info][gc,heap     ] GC(18) Eden regions: 288->0(288)
[6662.588s][info][gc,heap     ] GC(18) Survivor regions: 19->19(39)
[6662.588s][info][gc,heap     ] GC(18) Old regions: 15->15
[6662.588s][info][gc,heap     ] GC(18) Archive regions: 2->2
[6662.588s][info][gc,heap     ] GC(18) Humongous regions: 0->0
[6662.588s][info][gc,metaspace] GC(18) Metaspace: 66647K(67264K)->66647K(67264K) NonClass: 58963K(59264K)->58963K(59264K) Class: 7684K(8000K)->7684K(8000K)
[6662.588s][info][gc          ] GC(18) Pause Young (Normal) (G1 Evacuation Pause) 322M->34M(512M) 11.846ms
[6662.588s][info][gc,cpu      ] GC(18) User=0.04s Sys=0.01s Real=0.02s
[6683.768s][info][gc,start    ] GC(19) Pause Young (Normal) (G1 Evacuation Pause)
[6683.768s][info][gc,task     ] GC(19) Using 4 workers of 4 for evacuation
[6683.784s][info][gc,phases   ] GC(19)   Pre Evacuate Collection Set: 0.1ms
[6683.784s][info][gc,phases   ] GC(19)   Merge Heap Roots: 0.1ms
[6683.784s][info][gc,phases   ] GC(19)   Evacuate Collection Set: 14.1ms
[6683.784s][info][gc,phases   ] GC(19)   Post Evacuate Collection Set: 1.7ms
[6683.784s][info][gc,phases   ] GC(19)   Other: 0.1ms
[6683.784s][info][gc,heap     ] GC(19) Eden regions: 288->0(287)
[6683.784s][info][gc,heap     ] GC(19) Survivor regions: 19->20(39)
[6683.784s][info][gc,heap     ] GC(19) Old regions: 15->15
[6683.784s][info][gc,heap     ] GC(19) Archive regions: 2->2
[6683.784s][info][gc,heap     ] GC(19) Humongous regions: 0->0
[6683.784s][info][gc,metaspace] GC(19) Metaspace: 66704K(67264K)->66704K(67264K) NonClass: 59017K(59264K)->59017K(59264K) Class: 7686K(8000K)->7686K(8000K)
[6683.784s][info][gc          ] GC(19) Pause Young (Normal) (G1 Evacuation Pause) 322M->35M(512M) 16.232ms
[6683.784s][info][gc,cpu      ] GC(19) User=0.04s Sys=0.00s Real=0.01s
[6705.006s][info][gc,start    ] GC(20) Pause Young (Normal) (G1 Evacuation Pause)
[6705.006s][info][gc,task     ] GC(20) Using 4 workers of 4 for evacuation
[6705.043s][info][gc,phases   ] GC(20)   Pre Evacuate Collection Set: 0.1ms
[6705.043s][info][gc,phases   ] GC(20)   Merge Heap Roots: 0.1ms
[6705.043s][info][gc,phases   ] GC(20)   Evacuate Collection Set: 28.6ms
[6705.043s][info][gc,phases   ] GC(20)   Post Evacuate Collection Set: 8.8ms
[6705.043s][info][gc,phases   ] GC(20)   Other: 0.1ms
[6705.043s][info][gc,heap     ] GC(20) Eden regions: 287->0(287)
[6705.043s][info][gc,heap     ] GC(20) Survivor regions: 20->20(39)
[6705.043s][info][gc,heap     ] GC(20) Old regions: 15->15
[6705.043s][info][gc,heap     ] GC(20) Archive regions: 2->2
[6705.043s][info][gc,heap     ] GC(20) Humongous regions: 0->0
[6705.043s][info][gc,metaspace] GC(20) Metaspace: 66769K(67328K)->66769K(67328K) NonClass: 59081K(59328K)->59081K(59328K) Class: 7687K(8000K)->7687K(8000K)
[6705.043s][info][gc          ] GC(20) Pause Young (Normal) (G1 Evacuation Pause) 322M->35M(512M) 37.892ms
[6705.043s][info][gc,cpu      ] GC(20) User=0.04s Sys=0.00s Real=0.04s
[6726.777s][info][gc,start    ] GC(21) Pause Young (Normal) (G1 Evacuation Pause)
[6726.777s][info][gc,task     ] GC(21) Using 4 workers of 4 for evacuation
[6726.790s][info][gc,phases   ] GC(21)   Pre Evacuate Collection Set: 0.1ms
[6726.790s][info][gc,phases   ] GC(21)   Merge Heap Roots: 0.1ms
[6726.790s][info][gc,phases   ] GC(21)   Evacuate Collection Set: 10.9ms
[6726.790s][info][gc,phases   ] GC(21)   Post Evacuate Collection Set: 1.6ms
[6726.790s][info][gc,phases   ] GC(21)   Other: 0.1ms
[6726.790s][info][gc,heap     ] GC(21) Eden regions: 287->0(287)
[6726.790s][info][gc,heap     ] GC(21) Survivor regions: 20->20(39)
[6726.790s][info][gc,heap     ] GC(21) Old regions: 15->15
[6726.790s][info][gc,heap     ] GC(21) Archive regions: 2->2
[6726.790s][info][gc,heap     ] GC(21) Humongous regions: 0->0
[6726.790s][info][gc,metaspace] GC(21) Metaspace: 66822K(67392K)->66822K(67392K) NonClass: 59134K(59392K)->59134K(59392K) Class: 7687K(8000K)->7687K(8000K)
[6726.790s][info][gc          ] GC(21) Pause Young (Normal) (G1 Evacuation Pause) 322M->35M(512M) 12.917ms
[6726.790s][info][gc,cpu      ] GC(21) User=0.05s Sys=0.00s Real=0.02s
