[0.003s][info][gc] Using G1
[0.005s][info][gc,init] Version: 17.0.6+9-LTS-190 (release)
[0.005s][info][gc,init] CPUs: 4 total, 4 available
[0.005s][info][gc,init] Memory: 15351M
[0.005s][info][gc,init] Large Page Support: Disabled
[0.005s][info][gc,init] NUMA Support: Disabled
[0.005s][info][gc,init] Compressed Oops: Enabled (32-bit)
[0.005s][info][gc,init] Heap Region Size: 1M
[0.005s][info][gc,init] Heap Min Capacity: 512M
[0.005s][info][gc,init] Heap Initial Capacity: 512M
[0.005s][info][gc,init] Heap Max Capacity: 1G
[0.005s][info][gc,init] Pre-touch: Disabled
[0.005s][info][gc,init] Parallel Workers: 4
[0.005s][info][gc,init] Concurrent Workers: 1
[0.005s][info][gc,init] Concurrent Refinement Workers: 4
[0.005s][info][gc,init] Periodic GC: Disabled
[0.005s][info][gc,metaspace] CDS archive(s) mapped at: [0x0000000800000000-0x0000000800be3000-0x0000000800be3000), size 12464128, SharedBaseAddress: 0x0000000800000000, ArchiveRelocationMode: 0.
[0.005s][info][gc,metaspace] Compressed class space mapped at: 0x0000000800c00000-0x0000000840c00000, reserved size: 1073741824
[0.005s][info][gc,metaspace] Narrow klass base: 0x0000000800000000, Narrow klass shift: 0, Narrow klass range: 0x100000000
[0.284s][info][gc,start    ] GC(0) Pause Young (Normal) (G1 Evacuation Pause)
[0.285s][info][gc,task     ] GC(0) Using 4 workers of 4 for evacuation
[0.288s][info][gc,phases   ] GC(0)   Pre Evacuate Collection Set: 0.1ms
[0.288s][info][gc,phases   ] GC(0)   Merge Heap Roots: 0.0ms
[0.288s][info][gc,phases   ] GC(0)   Evacuate Collection Set: 2.8ms
[0.288s][info][gc,phases   ] GC(0)   Post Evacuate Collection Set: 0.2ms
[0.288s][info][gc,phases   ] GC(0)   Other: 0.5ms
[0.288s][info][gc,heap     ] GC(0) Eden regions: 25->0(26)
[0.288s][info][gc,heap     ] GC(0) Survivor regions: 0->4(4)
[0.288s][info][gc,heap     ] GC(0) Old regions: 0->0
[0.288s][info][gc,heap     ] GC(0) Archive regions: 2->2
[0.288s][info][gc,heap     ] GC(0) Humongous regions: 0->0
[0.288s][info][gc,metaspace] GC(0) Metaspace: 2031K(2240K)->2031K(2240K) NonClass: 1823K(1920K)->1823K(1920K) Class: 208K(320K)->208K(320K)
[0.288s][info][gc          ] GC(0) Pause Young (Normal) (G1 Evacuation Pause) 25M->4M(514M) 3.668ms
[0.288s][info][gc,cpu      ] GC(0) User=0.02s Sys=0.00s Real=0.01s
[0.588s][info][gc,start    ] GC(1) Pause Young (Normal) (G1 Evacuation Pause)
[0.588s][info][gc,task     ] GC(1) Using 4 workers of 4 for evacuation
[0.592s][info][gc,phases   ] GC(1)   Pre Evacuate Collection Set: 0.1ms
[0.592s][info][gc,phases   ] GC(1)   Merge Heap Roots: 0.0ms
[0.592s][info][gc,phases   ] GC(1)   Evacuate Collection Set: 3.7ms
[0.592s][info][gc,phases   ] GC(1)   Post Evacuate Collection Set: 0.2ms
[0.592s][info][gc,phases   ] GC(1)   Other: 0.1ms
[0.592s][info][gc,heap     ] GC(1) Eden regions: 26->0(74)
[0.592s][info][gc,heap     ] GC(1) Survivor regions: 4->3(4)
[0.592s][info][gc,heap     ] GC(1) Old regions: 0->4
[0.592s][info][gc,heap     ] GC(1) Archive regions: 2->2
[0.592s][info][gc,heap     ] GC(1) Humongous regions: 0->0
[0.592s][info][gc,metaspace] GC(1) Metaspace: 6519K(6784K)->6519K(6784K) NonClass: 5751K(5888K)->5751K(5888K) Class: 768K(896K)->768K(896K)
[0.592s][info][gc          ] GC(1) Pause Young (Normal) (G1 Evacuation Pause) 30M->6M(514M) 4.156ms
[0.592s][info][gc,cpu      ] GC(1) User=0.01s Sys=0.00s Real=0.00s
[1.223s][info][gc,start    ] GC(2) Pause Young (Normal) (G1 Evacuation Pause)
[1.223s][info][gc,task     ] GC(2) Using 4 workers of 4 for evacuation
[1.229s][info][gc,phases   ] GC(2)   Pre Evacuate Collection Set: 0.1ms
[1.229s][info][gc,phases   ] GC(2)   Merge Heap Roots: 0.0ms
[1.229s][info][gc,phases   ] GC(2)   Evacuate Collection Set: 5.1ms
[1.229s][info][gc,phases   ] GC(2)   Post Evacuate Collection Set: 0.4ms
[1.229s][info][gc,phases   ] GC(2)   Other: 0.1ms
[1.229s][info][gc,heap     ] GC(2) Eden regions: 74->0(108)
[1.229s][info][gc,heap     ] GC(2) Survivor regions: 3->6(10)
[1.229s][info][gc,heap     ] GC(2) Old regions: 4->4
[1.229s][info][gc,heap     ] GC(2) Archive regions: 2->2
[1.229s][info][gc,heap     ] GC(2) Humongous regions: 0->0
[1.229s][info][gc,metaspace] GC(2) Metaspace: 17923K(18240K)->17923K(18240K) NonClass: 15674K(15872K)->15674K(15872K) Class: 2249K(2368K)->2249K(2368K)
[1.229s][info][gc          ] GC(2) Pause Young (Normal) (G1 Evacuation Pause) 80M->10M(514M) 5.806ms
[1.229s][info][gc,cpu      ] GC(2) User=0.03s Sys=0.00s Real=0.01s
[1.551s][info][gc,start    ] GC(3) Pause Young (Concurrent Start) (Metadata GC Threshold)
[1.551s][info][gc,task     ] GC(3) Using 4 workers of 4 for evacuation
[1.556s][info][gc,phases   ] GC(3)   Pre Evacuate Collection Set: 0.1ms
[1.556s][info][gc,phases   ] GC(3)   Merge Heap Roots: 0.0ms
[1.556s][info][gc,phases   ] GC(3)   Evacuate Collection Set: 4.2ms
[1.556s][info][gc,phases   ] GC(3)   Post Evacuate Collection Set: 0.4ms
[1.556s][info][gc,phases   ] GC(3)   Other: 0.1ms
[1.556s][info][gc,heap     ] GC(3) Eden regions: 36->0(155)
[1.556s][info][gc,heap     ] GC(3) Survivor regions: 6->8(15)
[1.556s][info][gc,heap     ] GC(3) Old regions: 4->4
[1.556s][info][gc,heap     ] GC(3) Archive regions: 2->2
[1.556s][info][gc,heap     ] GC(3) Humongous regions: 0->0
[1.556s][info][gc,metaspace] GC(3) Metaspace: 21185K(21504K)->21185K(21504K) NonClass: 18532K(18688K)->18532K(18688K) Class: 2652K(2816K)->2652K(2816K)
[1.556s][info][gc          ] GC(3) Pause Young (Concurrent Start) (Metadata GC Threshold) 46M->12M(514M) 4.938ms
[1.556s][info][gc,cpu      ] GC(3) User=0.01s Sys=0.00s Real=0.01s
[1.556s][info][gc          ] GC(4) Concurrent Mark Cycle
[1.556s][info][gc,marking  ] GC(4) Concurrent Clear Claimed Marks
[1.556s][info][gc,marking  ] GC(4) Concurrent Clear Claimed Marks 0.018ms
[1.556s][info][gc,marking  ] GC(4) Concurrent Scan Root Regions
[1.561s][info][gc,marking  ] GC(4) Concurrent Scan Root Regions 4.789ms
[1.561s][info][gc,marking  ] GC(4) Concurrent Mark
[1.561s][info][gc,marking  ] GC(4) Concurrent Mark From Roots
[1.561s][info][gc,task     ] GC(4) Using 1 workers of 1 for marking
[1.565s][info][gc,marking  ] GC(4) Concurrent Mark From Roots 4.680ms
[1.565s][info][gc,marking  ] GC(4) Concurrent Preclean
[1.565s][info][gc,marking  ] GC(4) Concurrent Preclean 0.047ms
[1.566s][info][gc,start    ] GC(4) Pause Remark
[1.567s][info][gc          ] GC(4) Pause Remark 13M->13M(512M) 1.585ms
[1.567s][info][gc,cpu      ] GC(4) User=0.01s Sys=0.00s Real=0.00s
[1.567s][info][gc,marking  ] GC(4) Concurrent Mark 6.819ms
[1.567s][info][gc,marking  ] GC(4) Concurrent Rebuild Remembered Sets
[1.570s][info][gc,marking  ] GC(4) Concurrent Rebuild Remembered Sets 2.667ms
[1.570s][info][gc,start    ] GC(4) Pause Cleanup
[1.570s][info][gc          ] GC(4) Pause Cleanup 13M->13M(512M) 0.067ms
[1.570s][info][gc,cpu      ] GC(4) User=0.00s Sys=0.00s Real=0.00s
[1.570s][info][gc,marking  ] GC(4) Concurrent Cleanup for Next Mark
[1.574s][info][gc,marking  ] GC(4) Concurrent Cleanup for Next Mark 3.424ms
[1.574s][info][gc          ] GC(4) Concurrent Mark Cycle 18.041ms
[2.374s][info][gc,start    ] GC(5) Pause Young (Prepare Mixed) (G1 Evacuation Pause)
[2.374s][info][gc,task     ] GC(5) Using 4 workers of 4 for evacuation
[2.384s][info][gc,phases   ] GC(5)   Pre Evacuate Collection Set: 0.1ms
[2.384s][info][gc,phases   ] GC(5)   Merge Heap Roots: 0.1ms
[2.384s][info][gc,phases   ] GC(5)   Evacuate Collection Set: 9.2ms
[2.384s][info][gc,phases   ] GC(5)   Post Evacuate Collection Set: 0.5ms
[2.384s][info][gc,phases   ] GC(5)   Other: 0.1ms
[2.384s][info][gc,heap     ] GC(5) Eden regions: 163->0(13)
[2.384s][info][gc,heap     ] GC(5) Survivor regions: 8->12(22)
[2.384s][info][gc,heap     ] GC(5) Old regions: 4->4
[2.384s][info][gc,heap     ] GC(5) Archive regions: 2->2
[2.384s][info][gc,heap     ] GC(5) Humongous regions: 1->0
[2.384s][info][gc,metaspace] GC(5) Metaspace: 33463K(33920K)->33463K(33920K) NonClass: 29326K(29568K)->29326K(29568K) Class: 4137K(4352K)->4137K(4352K)
[2.384s][info][gc          ] GC(5) Pause Young (Prepare Mixed) (G1 Evacuation Pause) 176M->16M(512M) 10.020ms
[2.384s][info][gc,cpu      ] GC(5) User=0.02s Sys=0.01s Real=0.01s
[2.402s][info][gc,start    ] GC(6) Pause Young (Mixed) (G1 Evacuation Pause)
[2.402s][info][gc,task     ] GC(6) Using 4 workers of 4 for evacuation
[2.414s][info][gc,phases   ] GC(6)   Pre Evacuate Collection Set: 0.0ms
[2.414s][info][gc,phases   ] GC(6)   Merge Heap Roots: 0.0ms
[2.414s][info][gc,phases   ] GC(6)   Evacuate Collection Set: 11.3ms
[2.414s][info][gc,phases   ] GC(6)   Post Evacuate Collection Set: 0.3ms
[2.414s][info][gc,phases   ] GC(6)   Other: 0.1ms
[2.414s][info][gc,heap     ] GC(6) Eden regions: 13->0(305)
[2.414s][info][gc,heap     ] GC(6) Survivor regions: 12->2(4)
[2.414s][info][gc,heap     ] GC(6) Old regions: 4->16
[2.414s][info][gc,heap     ] GC(6) Archive regions: 2->2
[2.414s][info][gc,heap     ] GC(6) Humongous regions: 0->0
[2.414s][info][gc,metaspace] GC(6) Metaspace: 33601K(34048K)->33601K(34048K) NonClass: 29435K(29696K)->29435K(29696K) Class: 4165K(4352K)->4165K(4352K)
[2.414s][info][gc          ] GC(6) Pause Young (Mixed) (G1 Evacuation Pause) 29M->18M(512M) 11.869ms
[2.414s][info][gc,cpu      ] GC(6) User=0.03s Sys=0.01s Real=0.01s
[2.649s][info][gc,start    ] GC(7) Pause Young (Concurrent Start) (Metadata GC Threshold)
[2.649s][info][gc,task     ] GC(7) Using 4 workers of 4 for evacuation
[2.659s][info][gc,phases   ] GC(7)   Pre Evacuate Collection Set: 0.1ms
[2.659s][info][gc,phases   ] GC(7)   Merge Heap Roots: 0.1ms
[2.659s][info][gc,phases   ] GC(7)   Evacuate Collection Set: 9.9ms
[2.659s][info][gc,phases   ] GC(7)   Post Evacuate Collection Set: 0.3ms
[2.659s][info][gc,phases   ] GC(7)   Other: 0.2ms
[2.659s][info][gc,heap     ] GC(7) Eden regions: 98->0(303)
[2.659s][info][gc,heap     ] GC(7) Survivor regions: 2->4(39)
[2.659s][info][gc,heap     ] GC(7) Old regions: 16->16
[2.659s][info][gc,heap     ] GC(7) Archive regions: 2->2
[2.659s][info][gc,heap     ] GC(7) Humongous regions: 0->0
[2.659s][info][gc,metaspace] GC(7) Metaspace: 35749K(36160K)->35749K(36160K) NonClass: 31282K(31488K)->31282K(31488K) Class: 4467K(4672K)->4467K(4672K)
[2.659s][info][gc          ] GC(7) Pause Young (Concurrent Start) (Metadata GC Threshold) 115M->19M(512M) 10.605ms
[2.659s][info][gc,cpu      ] GC(7) User=0.03s Sys=0.00s Real=0.01s
[2.659s][info][gc          ] GC(8) Concurrent Mark Cycle
[2.659s][info][gc,marking  ] GC(8) Concurrent Clear Claimed Marks
[2.659s][info][gc,marking  ] GC(8) Concurrent Clear Claimed Marks 0.023ms
[2.659s][info][gc,marking  ] GC(8) Concurrent Scan Root Regions
[2.662s][info][gc,marking  ] GC(8) Concurrent Scan Root Regions 2.431ms
[2.662s][info][gc,marking  ] GC(8) Concurrent Mark
[2.662s][info][gc,marking  ] GC(8) Concurrent Mark From Roots
[2.662s][info][gc,task     ] GC(8) Using 1 workers of 1 for marking
[2.683s][info][gc,marking  ] GC(8) Concurrent Mark From Roots 21.171ms
[2.683s][info][gc,marking  ] GC(8) Concurrent Preclean
[2.683s][info][gc,marking  ] GC(8) Concurrent Preclean 0.078ms
[2.683s][info][gc,start    ] GC(8) Pause Remark
[2.686s][info][gc          ] GC(8) Pause Remark 21M->21M(512M) 2.669ms
[2.686s][info][gc,cpu      ] GC(8) User=0.00s Sys=0.00s Real=0.00s
[2.686s][info][gc,marking  ] GC(8) Concurrent Mark 24.171ms
[2.686s][info][gc,marking  ] GC(8) Concurrent Rebuild Remembered Sets
[2.698s][info][gc,marking  ] GC(8) Concurrent Rebuild Remembered Sets 11.876ms
[2.698s][info][gc,start    ] GC(8) Pause Cleanup
[2.698s][info][gc          ] GC(8) Pause Cleanup 22M->22M(512M) 0.084ms
[2.698s][info][gc,cpu      ] GC(8) User=0.00s Sys=0.00s Real=0.00s
[2.698s][info][gc,marking  ] GC(8) Concurrent Cleanup for Next Mark
[2.702s][info][gc,marking  ] GC(8) Concurrent Cleanup for Next Mark 4.099ms
[2.702s][info][gc          ] GC(8) Concurrent Mark Cycle 43.085ms
[10.272s][info][gc,start    ] GC(9) Pause Young (Normal) (G1 Evacuation Pause)
[10.272s][info][gc,task     ] GC(9) Using 4 workers of 4 for evacuation
[10.283s][info][gc,phases   ] GC(9)   Pre Evacuate Collection Set: 0.1ms
[10.283s][info][gc,phases   ] GC(9)   Merge Heap Roots: 0.1ms
[10.283s][info][gc,phases   ] GC(9)   Evacuate Collection Set: 9.4ms
[10.283s][info][gc,phases   ] GC(9)   Post Evacuate Collection Set: 1.1ms
[10.283s][info][gc,phases   ] GC(9)   Other: 0.1ms
[10.283s][info][gc,heap     ] GC(9) Eden regions: 303->0(296)
[10.283s][info][gc,heap     ] GC(9) Survivor regions: 4->11(39)
[10.283s][info][gc,heap     ] GC(9) Old regions: 16->16
[10.283s][info][gc,heap     ] GC(9) Archive regions: 2->2
[10.283s][info][gc,heap     ] GC(9) Humongous regions: 0->0
[10.283s][info][gc,metaspace] GC(9) Metaspace: 56831K(57408K)->56831K(57408K) NonClass: 49795K(50112K)->49795K(50112K) Class: 7035K(7296K)->7035K(7296K)
[10.283s][info][gc          ] GC(9) Pause Young (Normal) (G1 Evacuation Pause) 322M->26M(512M) 10.884ms
[10.283s][info][gc,cpu      ] GC(9) User=0.02s Sys=0.01s Real=0.01s
[29.745s][info][gc,start    ] GC(10) Pause Young (Normal) (G1 Evacuation Pause)
[29.745s][info][gc,task     ] GC(10) Using 4 workers of 4 for evacuation
[29.753s][info][gc,phases   ] GC(10)   Pre Evacuate Collection Set: 0.1ms
[29.753s][info][gc,phases   ] GC(10)   Merge Heap Roots: 0.1ms
[29.753s][info][gc,phases   ] GC(10)   Evacuate Collection Set: 6.5ms
[29.753s][info][gc,phases   ] GC(10)   Post Evacuate Collection Set: 0.9ms
[29.753s][info][gc,phases   ] GC(10)   Other: 0.1ms
[29.753s][info][gc,heap     ] GC(10) Eden regions: 296->0(294)
[29.753s][info][gc,heap     ] GC(10) Survivor regions: 11->13(39)
[29.753s][info][gc,heap     ] GC(10) Old regions: 16->16
[29.753s][info][gc,heap     ] GC(10) Archive regions: 2->2
[29.753s][info][gc,heap     ] GC(10) Humongous regions: 0->0
[29.753s][info][gc,metaspace] GC(10) Metaspace: 57470K(58048K)->57470K(58048K) NonClass: 50434K(50752K)->50434K(50752K) Class: 7036K(7296K)->7036K(7296K)
[29.753s][info][gc          ] GC(10) Pause Young (Normal) (G1 Evacuation Pause) 322M->28M(512M) 7.754ms
[29.753s][info][gc,cpu      ] GC(10) User=0.02s Sys=0.00s Real=0.01s
[50.192s][info][gc,start    ] GC(11) Pause Young (Normal) (G1 Evacuation Pause)
[50.192s][info][gc,task     ] GC(11) Using 4 workers of 4 for evacuation
[50.200s][info][gc,phases   ] GC(11)   Pre Evacuate Collection Set: 0.1ms
[50.200s][info][gc,phases   ] GC(11)   Merge Heap Roots: 0.1ms
[50.200s][info][gc,phases   ] GC(11)   Evacuate Collection Set: 7.4ms
[50.200s][info][gc,phases   ] GC(11)   Post Evacuate Collection Set: 1.0ms
[50.200s][info][gc,phases   ] GC(11)   Other: 0.1ms
[50.201s][info][gc,heap     ] GC(11) Eden regions: 294->0(292)
[50.201s][info][gc,heap     ] GC(11) Survivor regions: 13->15(39)
[50.201s][info][gc,heap     ] GC(11) Old regions: 16->16
[50.201s][info][gc,heap     ] GC(11) Archive regions: 2->2
[50.201s][info][gc,heap     ] GC(11) Humongous regions: 0->0
[50.201s][info][gc,metaspace] GC(11) Metaspace: 57765K(58304K)->57765K(58304K) NonClass: 50728K(51008K)->50728K(51008K) Class: 7036K(7296K)->7036K(7296K)
[50.201s][info][gc          ] GC(11) Pause Young (Normal) (G1 Evacuation Pause) 322M->30M(512M) 8.766ms
[50.201s][info][gc,cpu      ] GC(11) User=0.03s Sys=0.00s Real=0.01s
[71.078s][info][gc,start    ] GC(12) Pause Young (Normal) (G1 Evacuation Pause)
[71.078s][info][gc,task     ] GC(12) Using 4 workers of 4 for evacuation
[71.088s][info][gc,phases   ] GC(12)   Pre Evacuate Collection Set: 0.1ms
[71.088s][info][gc,phases   ] GC(12)   Merge Heap Roots: 0.1ms
[71.088s][info][gc,phases   ] GC(12)   Evacuate Collection Set: 8.4ms
[71.088s][info][gc,phases   ] GC(12)   Post Evacuate Collection Set: 1.0ms
[71.088s][info][gc,phases   ] GC(12)   Other: 0.1ms
[71.088s][info][gc,heap     ] GC(12) Eden regions: 292->0(291)
[71.088s][info][gc,heap     ] GC(12) Survivor regions: 15->16(39)
[71.088s][info][gc,heap     ] GC(12) Old regions: 16->16
[71.088s][info][gc,heap     ] GC(12) Archive regions: 2->2
[71.088s][info][gc,heap     ] GC(12) Humongous regions: 0->0
[71.088s][info][gc,metaspace] GC(12) Metaspace: 58280K(58880K)->58280K(58880K) NonClass: 51242K(51584K)->51242K(51584K) Class: 7037K(7296K)->7037K(7296K)
[71.088s][info][gc          ] GC(12) Pause Young (Normal) (G1 Evacuation Pause) 322M->31M(512M) 9.721ms
[71.088s][info][gc,cpu      ] GC(12) User=0.03s Sys=0.00s Real=0.01s
[90.504s][info][gc,start    ] GC(13) Pause Young (Normal) (G1 Evacuation Pause)
[90.504s][info][gc,task     ] GC(13) Using 4 workers of 4 for evacuation
[90.513s][info][gc,phases   ] GC(13)   Pre Evacuate Collection Set: 0.1ms
[90.513s][info][gc,phases   ] GC(13)   Merge Heap Roots: 0.1ms
[90.513s][info][gc,phases   ] GC(13)   Evacuate Collection Set: 8.7ms
[90.513s][info][gc,phases   ] GC(13)   Post Evacuate Collection Set: 0.9ms
[90.513s][info][gc,phases   ] GC(13)   Other: 0.1ms
[90.513s][info][gc,heap     ] GC(13) Eden regions: 291->0(290)
[90.513s][info][gc,heap     ] GC(13) Survivor regions: 16->17(39)
[90.514s][info][gc,heap     ] GC(13) Old regions: 16->16
[90.514s][info][gc,heap     ] GC(13) Archive regions: 2->2
[90.514s][info][gc,heap     ] GC(13) Humongous regions: 0->0
[90.514s][info][gc,metaspace] GC(13) Metaspace: 58366K(59008K)->58366K(59008K) NonClass: 51327K(51648K)->51327K(51648K) Class: 7038K(7360K)->7038K(7360K)
[90.514s][info][gc          ] GC(13) Pause Young (Normal) (G1 Evacuation Pause) 322M->33M(512M) 10.040ms
[90.514s][info][gc,cpu      ] GC(13) User=0.04s Sys=0.00s Real=0.01s
