[0.020s][info][gc] Using G1
[0.022s][info][gc,init] Version: 17.0.6+9-LTS-190 (release)
[0.022s][info][gc,init] CPUs: 4 total, 4 available
[0.022s][info][gc,init] Memory: 15351M
[0.022s][info][gc,init] Large Page Support: Disabled
[0.022s][info][gc,init] NUMA Support: Disabled
[0.022s][info][gc,init] Compressed Oops: Enabled (32-bit)
[0.022s][info][gc,init] Heap Region Size: 1M
[0.022s][info][gc,init] Heap Min Capacity: 512M
[0.022s][info][gc,init] Heap Initial Capacity: 512M
[0.022s][info][gc,init] Heap Max Capacity: 1G
[0.022s][info][gc,init] Pre-touch: Disabled
[0.022s][info][gc,init] Parallel Workers: 4
[0.022s][info][gc,init] Concurrent Workers: 1
[0.022s][info][gc,init] Concurrent Refinement Workers: 4
[0.022s][info][gc,init] Periodic GC: Disabled
[0.022s][info][gc,metaspace] CDS archive(s) mapped at: [0x0000000800000000-0x0000000800be3000-0x0000000800be3000), size 12464128, SharedBaseAddress: 0x0000000800000000, ArchiveRelocationMode: 0.
[0.022s][info][gc,metaspace] Compressed class space mapped at: 0x0000000800c00000-0x0000000840c00000, reserved size: 1073741824
[0.022s][info][gc,metaspace] Narrow klass base: 0x0000000800000000, Narrow klass shift: 0, Narrow klass range: 0x100000000
[0.285s][info][gc,start    ] GC(0) Pause Young (Normal) (G1 Evacuation Pause)
[0.285s][info][gc,task     ] GC(0) Using 4 workers of 4 for evacuation
[0.288s][info][gc,phases   ] GC(0)   Pre Evacuate Collection Set: 0.1ms
[0.288s][info][gc,phases   ] GC(0)   Merge Heap Roots: 0.1ms
[0.288s][info][gc,phases   ] GC(0)   Evacuate Collection Set: 2.6ms
[0.288s][info][gc,phases   ] GC(0)   Post Evacuate Collection Set: 0.2ms
[0.288s][info][gc,phases   ] GC(0)   Other: 0.3ms
[0.288s][info][gc,heap     ] GC(0) Eden regions: 25->0(26)
[0.288s][info][gc,heap     ] GC(0) Survivor regions: 0->4(4)
[0.288s][info][gc,heap     ] GC(0) Old regions: 0->0
[0.288s][info][gc,heap     ] GC(0) Archive regions: 2->2
[0.288s][info][gc,heap     ] GC(0) Humongous regions: 0->0
[0.288s][info][gc,metaspace] GC(0) Metaspace: 2028K(2240K)->2028K(2240K) NonClass: 1820K(1920K)->1820K(1920K) Class: 208K(320K)->208K(320K)
[0.288s][info][gc          ] GC(0) Pause Young (Normal) (G1 Evacuation Pause) 25M->4M(514M) 3.220ms
[0.288s][info][gc,cpu      ] GC(0) User=0.01s Sys=0.01s Real=0.00s
[0.593s][info][gc,start    ] GC(1) Pause Young (Normal) (G1 Evacuation Pause)
[0.593s][info][gc,task     ] GC(1) Using 4 workers of 4 for evacuation
[0.598s][info][gc,phases   ] GC(1)   Pre Evacuate Collection Set: 0.1ms
[0.598s][info][gc,phases   ] GC(1)   Merge Heap Roots: 0.0ms
[0.598s][info][gc,phases   ] GC(1)   Evacuate Collection Set: 4.8ms
[0.598s][info][gc,phases   ] GC(1)   Post Evacuate Collection Set: 0.2ms
[0.598s][info][gc,phases   ] GC(1)   Other: 0.1ms
[0.598s][info][gc,heap     ] GC(1) Eden regions: 26->0(76)
[0.598s][info][gc,heap     ] GC(1) Survivor regions: 4->3(4)
[0.598s][info][gc,heap     ] GC(1) Old regions: 0->4
[0.598s][info][gc,heap     ] GC(1) Archive regions: 2->2
[0.598s][info][gc,heap     ] GC(1) Humongous regions: 0->0
[0.598s][info][gc,metaspace] GC(1) Metaspace: 6448K(6720K)->6448K(6720K) NonClass: 5691K(5824K)->5691K(5824K) Class: 756K(896K)->756K(896K)
[0.598s][info][gc          ] GC(1) Pause Young (Normal) (G1 Evacuation Pause) 30M->6M(514M) 5.177ms
[0.598s][info][gc,cpu      ] GC(1) User=0.01s Sys=0.01s Real=0.00s
[1.331s][info][gc,start    ] GC(2) Pause Young (Normal) (G1 Evacuation Pause)
[1.331s][info][gc,task     ] GC(2) Using 4 workers of 4 for evacuation
[1.339s][info][gc,phases   ] GC(2)   Pre Evacuate Collection Set: 0.1ms
[1.339s][info][gc,phases   ] GC(2)   Merge Heap Roots: 0.0ms
[1.339s][info][gc,phases   ] GC(2)   Evacuate Collection Set: 7.5ms
[1.339s][info][gc,phases   ] GC(2)   Post Evacuate Collection Set: 0.3ms
[1.339s][info][gc,phases   ] GC(2)   Other: 0.1ms
[1.339s][info][gc,heap     ] GC(2) Eden regions: 76->0(106)
[1.339s][info][gc,heap     ] GC(2) Survivor regions: 3->6(10)
[1.339s][info][gc,heap     ] GC(2) Old regions: 4->4
[1.339s][info][gc,heap     ] GC(2) Archive regions: 2->2
[1.339s][info][gc,heap     ] GC(2) Humongous regions: 0->0
[1.339s][info][gc,metaspace] GC(2) Metaspace: 18077K(18368K)->18077K(18368K) NonClass: 15809K(16000K)->15809K(16000K) Class: 2267K(2368K)->2267K(2368K)
[1.339s][info][gc          ] GC(2) Pause Young (Normal) (G1 Evacuation Pause) 82M->10M(514M) 8.170ms
[1.339s][info][gc,cpu      ] GC(2) User=0.03s Sys=0.00s Real=0.01s
[1.680s][info][gc,start    ] GC(3) Pause Young (Concurrent Start) (Metadata GC Threshold)
[1.680s][info][gc,task     ] GC(3) Using 4 workers of 4 for evacuation
[1.686s][info][gc,phases   ] GC(3)   Pre Evacuate Collection Set: 0.1ms
[1.686s][info][gc,phases   ] GC(3)   Merge Heap Roots: 0.0ms
[1.686s][info][gc,phases   ] GC(3)   Evacuate Collection Set: 4.9ms
[1.686s][info][gc,phases   ] GC(3)   Post Evacuate Collection Set: 0.5ms
[1.686s][info][gc,phases   ] GC(3)   Other: 0.1ms
[1.686s][info][gc,heap     ] GC(3) Eden regions: 33->0(149)
[1.686s][info][gc,heap     ] GC(3) Survivor regions: 6->8(14)
[1.686s][info][gc,heap     ] GC(3) Old regions: 4->4
[1.686s][info][gc,heap     ] GC(3) Archive regions: 2->2
[1.686s][info][gc,heap     ] GC(3) Humongous regions: 0->0
[1.686s][info][gc,metaspace] GC(3) Metaspace: 21193K(21504K)->21193K(21504K) NonClass: 18535K(18688K)->18535K(18688K) Class: 2657K(2816K)->2657K(2816K)
[1.686s][info][gc          ] GC(3) Pause Young (Concurrent Start) (Metadata GC Threshold) 43M->12M(514M) 5.775ms
[1.686s][info][gc,cpu      ] GC(3) User=0.02s Sys=0.00s Real=0.00s
[1.686s][info][gc          ] GC(4) Concurrent Mark Cycle
[1.686s][info][gc,marking  ] GC(4) Concurrent Clear Claimed Marks
[1.686s][info][gc,marking  ] GC(4) Concurrent Clear Claimed Marks 0.017ms
[1.686s][info][gc,marking  ] GC(4) Concurrent Scan Root Regions
[1.691s][info][gc,marking  ] GC(4) Concurrent Scan Root Regions 4.817ms
[1.691s][info][gc,marking  ] GC(4) Concurrent Mark
[1.691s][info][gc,marking  ] GC(4) Concurrent Mark From Roots
[1.691s][info][gc,task     ] GC(4) Using 1 workers of 1 for marking
[1.697s][info][gc,marking  ] GC(4) Concurrent Mark From Roots 5.923ms
[1.697s][info][gc,marking  ] GC(4) Concurrent Preclean
[1.697s][info][gc,marking  ] GC(4) Concurrent Preclean 0.052ms
[1.697s][info][gc,start    ] GC(4) Pause Remark
[1.700s][info][gc          ] GC(4) Pause Remark 13M->13M(512M) 2.407ms
[1.700s][info][gc,cpu      ] GC(4) User=0.01s Sys=0.01s Real=0.01s
[1.700s][info][gc,marking  ] GC(4) Concurrent Mark 8.631ms
[1.700s][info][gc,marking  ] GC(4) Concurrent Rebuild Remembered Sets
[1.703s][info][gc,marking  ] GC(4) Concurrent Rebuild Remembered Sets 2.758ms
[1.703s][info][gc,start    ] GC(4) Pause Cleanup
[1.703s][info][gc          ] GC(4) Pause Cleanup 13M->13M(512M) 0.135ms
[1.703s][info][gc,cpu      ] GC(4) User=0.01s Sys=0.00s Real=0.00s
[1.703s][info][gc,marking  ] GC(4) Concurrent Cleanup for Next Mark
[1.707s][info][gc,marking  ] GC(4) Concurrent Cleanup for Next Mark 3.808ms
[1.707s][info][gc          ] GC(4) Concurrent Mark Cycle 20.451ms
[2.384s][info][gc,start    ] GC(5) Pause Young (Prepare Mixed) (G1 Evacuation Pause)
[2.384s][info][gc,task     ] GC(5) Using 4 workers of 4 for evacuation
[2.393s][info][gc,phases   ] GC(5)   Pre Evacuate Collection Set: 0.1ms
[2.393s][info][gc,phases   ] GC(5)   Merge Heap Roots: 0.1ms
[2.393s][info][gc,phases   ] GC(5)   Evacuate Collection Set: 8.5ms
[2.393s][info][gc,phases   ] GC(5)   Post Evacuate Collection Set: 0.5ms
[2.393s][info][gc,phases   ] GC(5)   Other: 0.1ms
[2.393s][info][gc,heap     ] GC(5) Eden regions: 157->0(12)
[2.393s][info][gc,heap     ] GC(5) Survivor regions: 8->13(21)
[2.393s][info][gc,heap     ] GC(5) Old regions: 4->4
[2.393s][info][gc,heap     ] GC(5) Archive regions: 2->2
[2.393s][info][gc,heap     ] GC(5) Humongous regions: 1->0
[2.393s][info][gc,metaspace] GC(5) Metaspace: 33209K(33664K)->33209K(33664K) NonClass: 29118K(29376K)->29118K(29376K) Class: 4090K(4288K)->4090K(4288K)
[2.393s][info][gc          ] GC(5) Pause Young (Prepare Mixed) (G1 Evacuation Pause) 170M->17M(512M) 9.330ms
[2.393s][info][gc,cpu      ] GC(5) User=0.03s Sys=0.00s Real=0.01s
[2.410s][info][gc,start    ] GC(6) Pause Young (Mixed) (G1 Evacuation Pause)
[2.410s][info][gc,task     ] GC(6) Using 4 workers of 4 for evacuation
[2.420s][info][gc,phases   ] GC(6)   Pre Evacuate Collection Set: 0.0ms
[2.420s][info][gc,phases   ] GC(6)   Merge Heap Roots: 0.0ms
[2.420s][info][gc,phases   ] GC(6)   Evacuate Collection Set: 9.9ms
[2.420s][info][gc,phases   ] GC(6)   Post Evacuate Collection Set: 0.3ms
[2.420s][info][gc,phases   ] GC(6)   Other: 0.1ms
[2.420s][info][gc,heap     ] GC(6) Eden regions: 12->0(305)
[2.420s][info][gc,heap     ] GC(6) Survivor regions: 13->2(4)
[2.420s][info][gc,heap     ] GC(6) Old regions: 4->16
[2.420s][info][gc,heap     ] GC(6) Archive regions: 2->2
[2.420s][info][gc,heap     ] GC(6) Humongous regions: 0->0
[2.420s][info][gc,metaspace] GC(6) Metaspace: 33361K(33792K)->33361K(33792K) NonClass: 29246K(29504K)->29246K(29504K) Class: 4115K(4288K)->4115K(4288K)
[2.420s][info][gc          ] GC(6) Pause Young (Mixed) (G1 Evacuation Pause) 29M->18M(512M) 10.445ms
[2.420s][info][gc,cpu      ] GC(6) User=0.03s Sys=0.01s Real=0.02s
[2.684s][info][gc,start    ] GC(7) Pause Young (Concurrent Start) (Metadata GC Threshold)
[2.684s][info][gc,task     ] GC(7) Using 4 workers of 4 for evacuation
[2.688s][info][gc,phases   ] GC(7)   Pre Evacuate Collection Set: 0.1ms
[2.688s][info][gc,phases   ] GC(7)   Merge Heap Roots: 0.1ms
[2.688s][info][gc,phases   ] GC(7)   Evacuate Collection Set: 3.4ms
[2.688s][info][gc,phases   ] GC(7)   Post Evacuate Collection Set: 0.3ms
[2.688s][info][gc,phases   ] GC(7)   Other: 0.1ms
[2.688s][info][gc,heap     ] GC(7) Eden regions: 129->0(303)
[2.688s][info][gc,heap     ] GC(7) Survivor regions: 2->4(39)
[2.688s][info][gc,heap     ] GC(7) Old regions: 16->16
[2.688s][info][gc,heap     ] GC(7) Archive regions: 2->2
[2.688s][info][gc,heap     ] GC(7) Humongous regions: 0->0
[2.688s][info][gc,metaspace] GC(7) Metaspace: 35740K(36160K)->35740K(36160K) NonClass: 31273K(31488K)->31273K(31488K) Class: 4466K(4672K)->4466K(4672K)
[2.688s][info][gc          ] GC(7) Pause Young (Concurrent Start) (Metadata GC Threshold) 146M->19M(512M) 4.045ms
[2.688s][info][gc,cpu      ] GC(7) User=0.02s Sys=0.00s Real=0.00s
[2.688s][info][gc          ] GC(8) Concurrent Mark Cycle
[2.688s][info][gc,marking  ] GC(8) Concurrent Clear Claimed Marks
[2.688s][info][gc,marking  ] GC(8) Concurrent Clear Claimed Marks 0.022ms
[2.688s][info][gc,marking  ] GC(8) Concurrent Scan Root Regions
[2.692s][info][gc,marking  ] GC(8) Concurrent Scan Root Regions 3.521ms
[2.692s][info][gc,marking  ] GC(8) Concurrent Mark
[2.692s][info][gc,marking  ] GC(8) Concurrent Mark From Roots
[2.692s][info][gc,task     ] GC(8) Using 1 workers of 1 for marking
[2.719s][info][gc,marking  ] GC(8) Concurrent Mark From Roots 27.603ms
[2.719s][info][gc,marking  ] GC(8) Concurrent Preclean
[2.720s][info][gc,marking  ] GC(8) Concurrent Preclean 0.074ms
[2.720s][info][gc,start    ] GC(8) Pause Remark
[2.722s][info][gc          ] GC(8) Pause Remark 23M->23M(512M) 2.157ms
[2.722s][info][gc,cpu      ] GC(8) User=0.01s Sys=0.00s Real=0.00s
[2.722s][info][gc,marking  ] GC(8) Concurrent Mark 30.104ms
[2.722s][info][gc,marking  ] GC(8) Concurrent Rebuild Remembered Sets
[2.737s][info][gc,marking  ] GC(8) Concurrent Rebuild Remembered Sets 15.279ms
[2.738s][info][gc,start    ] GC(8) Pause Cleanup
[2.738s][info][gc          ] GC(8) Pause Cleanup 25M->25M(512M) 0.068ms
[2.738s][info][gc,cpu      ] GC(8) User=0.00s Sys=0.00s Real=0.00s
[2.738s][info][gc,marking  ] GC(8) Concurrent Cleanup for Next Mark
[2.742s][info][gc,marking  ] GC(8) Concurrent Cleanup for Next Mark 4.097ms
[2.742s][info][gc          ] GC(8) Concurrent Mark Cycle 53.571ms
[2695.124s][info][gc,start    ] GC(9) Pause Young (Concurrent Start) (Metadata GC Threshold)
[2695.124s][info][gc,task     ] GC(9) Using 4 workers of 4 for evacuation
[2695.134s][info][gc,phases   ] GC(9)   Pre Evacuate Collection Set: 0.1ms
[2695.134s][info][gc,phases   ] GC(9)   Merge Heap Roots: 0.1ms
[2695.134s][info][gc,phases   ] GC(9)   Evacuate Collection Set: 8.7ms
[2695.134s][info][gc,phases   ] GC(9)   Post Evacuate Collection Set: 0.8ms
[2695.134s][info][gc,phases   ] GC(9)   Other: 0.2ms
[2695.134s][info][gc,heap     ] GC(9) Eden regions: 259->0(297)
[2695.134s][info][gc,heap     ] GC(9) Survivor regions: 4->10(39)
[2695.134s][info][gc,heap     ] GC(9) Old regions: 16->16
[2695.134s][info][gc,heap     ] GC(9) Archive regions: 2->2
[2695.134s][info][gc,heap     ] GC(9) Humongous regions: 0->0
[2695.134s][info][gc,metaspace] GC(9) Metaspace: 60600K(61056K)->60600K(61056K) NonClass: 53264K(53504K)->53264K(53504K) Class: 7336K(7552K)->7336K(7552K)
[2695.134s][info][gc          ] GC(9) Pause Young (Concurrent Start) (Metadata GC Threshold) 277M->25M(512M) 10.003ms
[2695.134s][info][gc,cpu      ] GC(9) User=0.03s Sys=0.00s Real=0.01s
[2695.134s][info][gc          ] GC(10) Concurrent Mark Cycle
[2695.134s][info][gc,marking  ] GC(10) Concurrent Clear Claimed Marks
[2695.135s][info][gc,marking  ] GC(10) Concurrent Clear Claimed Marks 0.037ms
[2695.135s][info][gc,marking  ] GC(10) Concurrent Scan Root Regions
[2695.146s][info][gc,marking  ] GC(10) Concurrent Scan Root Regions 11.404ms
[2695.146s][info][gc,marking  ] GC(10) Concurrent Mark
[2695.146s][info][gc,marking  ] GC(10) Concurrent Mark From Roots
[2695.146s][info][gc,task     ] GC(10) Using 1 workers of 1 for marking
[2695.163s][info][gc,marking  ] GC(10) Concurrent Mark From Roots 17.116ms
[2695.163s][info][gc,marking  ] GC(10) Concurrent Preclean
[2695.163s][info][gc,marking  ] GC(10) Concurrent Preclean 0.348ms
[2695.164s][info][gc,start    ] GC(10) Pause Remark
[2695.171s][info][gc          ] GC(10) Pause Remark 29M->29M(512M) 6.973ms
[2695.171s][info][gc,cpu      ] GC(10) User=0.02s Sys=0.00s Real=0.00s
[2695.171s][info][gc,marking  ] GC(10) Concurrent Mark 24.645ms
[2695.171s][info][gc,marking  ] GC(10) Concurrent Rebuild Remembered Sets
[2695.181s][info][gc,marking  ] GC(10) Concurrent Rebuild Remembered Sets 10.202ms
[2695.181s][info][gc,start    ] GC(10) Pause Cleanup
[2695.181s][info][gc          ] GC(10) Pause Cleanup 29M->29M(512M) 0.087ms
[2695.181s][info][gc,cpu      ] GC(10) User=0.00s Sys=0.00s Real=0.00s
[2695.181s][info][gc,marking  ] GC(10) Concurrent Cleanup for Next Mark
[2695.182s][info][gc,marking  ] GC(10) Concurrent Cleanup for Next Mark 0.643ms
[2695.182s][info][gc          ] GC(10) Concurrent Mark Cycle 47.189ms
[2695.182s][info][gc,heap,exit] Heap
[2695.182s][info][gc,heap,exit]  garbage-first heap   total 524288K, used 30381K [0x00000000c0000000, 0x0000000100000000)
[2695.182s][info][gc,heap,exit]   region size 1024K, 14 young (14336K), 10 survivors (10240K)
[2695.182s][info][gc,heap,exit]  Metaspace       used 60529K, committed 61248K, reserved 1105920K
[2695.182s][info][gc,heap,exit]   class space    used 7313K, committed 7552K, reserved 1048576K
