[0.020s][info][gc] Using G1
[0.022s][info][gc,init] Version: 17.0.6+9-LTS-190 (release)
[0.022s][info][gc,init] CPUs: 4 total, 4 available
[0.022s][info][gc,init] Memory: 15351M
[0.022s][info][gc,init] Large Page Support: Disabled
[0.022s][info][gc,init] NUMA Support: Disabled
[0.022s][info][gc,init] Compressed Oops: Enabled (32-bit)
[0.022s][info][gc,init] Heap Region Size: 1M
[0.022s][info][gc,init] Heap Min Capacity: 512M
[0.022s][info][gc,init] Heap Initial Capacity: 512M
[0.022s][info][gc,init] Heap Max Capacity: 1G
[0.022s][info][gc,init] Pre-touch: Disabled
[0.022s][info][gc,init] Parallel Workers: 4
[0.022s][info][gc,init] Concurrent Workers: 1
[0.022s][info][gc,init] Concurrent Refinement Workers: 4
[0.022s][info][gc,init] Periodic GC: Disabled
[0.023s][info][gc,metaspace] CDS archive(s) mapped at: [0x0000000800000000-0x0000000800be3000-0x0000000800be3000), size 12464128, SharedBaseAddress: 0x0000000800000000, ArchiveRelocationMode: 0.
[0.023s][info][gc,metaspace] Compressed class space mapped at: 0x0000000800c00000-0x0000000840c00000, reserved size: 1073741824
[0.023s][info][gc,metaspace] Narrow klass base: 0x0000000800000000, Narrow klass shift: 0, Narrow klass range: 0x100000000
[0.329s][info][gc,start    ] GC(0) Pause Young (Normal) (G1 Evacuation Pause)
[0.331s][info][gc,task     ] GC(0) Using 4 workers of 4 for evacuation
[0.339s][info][gc,phases   ] GC(0)   Pre Evacuate Collection Set: 0.1ms
[0.339s][info][gc,phases   ] GC(0)   Merge Heap Roots: 0.0ms
[0.339s][info][gc,phases   ] GC(0)   Evacuate Collection Set: 7.7ms
[0.339s][info][gc,phases   ] GC(0)   Post Evacuate Collection Set: 0.2ms
[0.339s][info][gc,phases   ] GC(0)   Other: 2.2ms
[0.339s][info][gc,heap     ] GC(0) Eden regions: 25->0(26)
[0.339s][info][gc,heap     ] GC(0) Survivor regions: 0->4(4)
[0.339s][info][gc,heap     ] GC(0) Old regions: 0->0
[0.339s][info][gc,heap     ] GC(0) Archive regions: 2->2
[0.339s][info][gc,heap     ] GC(0) Humongous regions: 0->0
[0.339s][info][gc,metaspace] GC(0) Metaspace: 2032K(2240K)->2032K(2240K) NonClass: 1824K(1920K)->1824K(1920K) Class: 208K(320K)->208K(320K)
[0.339s][info][gc          ] GC(0) Pause Young (Normal) (G1 Evacuation Pause) 25M->4M(514M) 10.353ms
[0.339s][info][gc,cpu      ] GC(0) User=0.01s Sys=0.00s Real=0.01s
[0.662s][info][gc,start    ] GC(1) Pause Young (Normal) (G1 Evacuation Pause)
[0.662s][info][gc,task     ] GC(1) Using 4 workers of 4 for evacuation
[0.667s][info][gc,phases   ] GC(1)   Pre Evacuate Collection Set: 0.1ms
[0.667s][info][gc,phases   ] GC(1)   Merge Heap Roots: 0.0ms
[0.667s][info][gc,phases   ] GC(1)   Evacuate Collection Set: 4.9ms
[0.667s][info][gc,phases   ] GC(1)   Post Evacuate Collection Set: 0.3ms
[0.667s][info][gc,phases   ] GC(1)   Other: 0.1ms
[0.667s][info][gc,heap     ] GC(1) Eden regions: 26->0(76)
[0.667s][info][gc,heap     ] GC(1) Survivor regions: 4->3(4)
[0.667s][info][gc,heap     ] GC(1) Old regions: 0->4
[0.667s][info][gc,heap     ] GC(1) Archive regions: 2->2
[0.667s][info][gc,heap     ] GC(1) Humongous regions: 0->0
[0.667s][info][gc,metaspace] GC(1) Metaspace: 6389K(6656K)->6389K(6656K) NonClass: 5638K(5760K)->5638K(5760K) Class: 751K(896K)->751K(896K)
[0.667s][info][gc          ] GC(1) Pause Young (Normal) (G1 Evacuation Pause) 30M->6M(514M) 5.436ms
[0.667s][info][gc,cpu      ] GC(1) User=0.01s Sys=0.00s Real=0.01s
[1.481s][info][gc,start    ] GC(2) Pause Young (Normal) (G1 Evacuation Pause)
[1.481s][info][gc,task     ] GC(2) Using 4 workers of 4 for evacuation
[1.487s][info][gc,phases   ] GC(2)   Pre Evacuate Collection Set: 0.1ms
[1.487s][info][gc,phases   ] GC(2)   Merge Heap Roots: 0.0ms
[1.487s][info][gc,phases   ] GC(2)   Evacuate Collection Set: 5.3ms
[1.487s][info][gc,phases   ] GC(2)   Post Evacuate Collection Set: 0.6ms
[1.487s][info][gc,phases   ] GC(2)   Other: 0.1ms
[1.487s][info][gc,heap     ] GC(2) Eden regions: 76->0(116)
[1.487s][info][gc,heap     ] GC(2) Survivor regions: 3->6(10)
[1.487s][info][gc,heap     ] GC(2) Old regions: 4->4
[1.487s][info][gc,heap     ] GC(2) Archive regions: 2->2
[1.487s][info][gc,heap     ] GC(2) Humongous regions: 0->0
[1.487s][info][gc,metaspace] GC(2) Metaspace: 18000K(18304K)->18000K(18304K) NonClass: 15745K(15936K)->15745K(15936K) Class: 2254K(2368K)->2254K(2368K)
[1.487s][info][gc          ] GC(2) Pause Young (Normal) (G1 Evacuation Pause) 82M->10M(514M) 6.178ms
[1.487s][info][gc,cpu      ] GC(2) User=0.02s Sys=0.00s Real=0.00s
[1.858s][info][gc,start    ] GC(3) Pause Young (Concurrent Start) (Metadata GC Threshold)
[1.858s][info][gc,task     ] GC(3) Using 4 workers of 4 for evacuation
[1.865s][info][gc,phases   ] GC(3)   Pre Evacuate Collection Set: 0.1ms
[1.865s][info][gc,phases   ] GC(3)   Merge Heap Roots: 0.0ms
[1.865s][info][gc,phases   ] GC(3)   Evacuate Collection Set: 6.2ms
[1.865s][info][gc,phases   ] GC(3)   Post Evacuate Collection Set: 0.3ms
[1.865s][info][gc,phases   ] GC(3)   Other: 0.1ms
[1.865s][info][gc,heap     ] GC(3) Eden regions: 35->0(160)
[1.865s][info][gc,heap     ] GC(3) Survivor regions: 6->8(16)
[1.865s][info][gc,heap     ] GC(3) Old regions: 4->4
[1.865s][info][gc,heap     ] GC(3) Archive regions: 2->2
[1.865s][info][gc,heap     ] GC(3) Humongous regions: 0->0
[1.865s][info][gc,metaspace] GC(3) Metaspace: 21108K(21504K)->21108K(21504K) NonClass: 18458K(18624K)->18458K(18624K) Class: 2649K(2880K)->2649K(2880K)
[1.865s][info][gc          ] GC(3) Pause Young (Concurrent Start) (Metadata GC Threshold) 45M->12M(514M) 6.971ms
[1.865s][info][gc,cpu      ] GC(3) User=0.03s Sys=0.00s Real=0.00s
[1.865s][info][gc          ] GC(4) Concurrent Mark Cycle
[1.865s][info][gc,marking  ] GC(4) Concurrent Clear Claimed Marks
[1.865s][info][gc,marking  ] GC(4) Concurrent Clear Claimed Marks 0.020ms
[1.865s][info][gc,marking  ] GC(4) Concurrent Scan Root Regions
[1.872s][info][gc,marking  ] GC(4) Concurrent Scan Root Regions 7.357ms
[1.872s][info][gc,marking  ] GC(4) Concurrent Mark
[1.872s][info][gc,marking  ] GC(4) Concurrent Mark From Roots
[1.872s][info][gc,task     ] GC(4) Using 1 workers of 1 for marking
[1.879s][info][gc,marking  ] GC(4) Concurrent Mark From Roots 6.740ms
[1.879s][info][gc,marking  ] GC(4) Concurrent Preclean
[1.879s][info][gc,marking  ] GC(4) Concurrent Preclean 0.055ms
[1.879s][info][gc,start    ] GC(4) Pause Remark
[1.881s][info][gc          ] GC(4) Pause Remark 13M->13M(512M) 1.761ms
[1.881s][info][gc,cpu      ] GC(4) User=0.00s Sys=0.00s Real=0.00s
[1.881s][info][gc,marking  ] GC(4) Concurrent Mark 8.741ms
[1.881s][info][gc,marking  ] GC(4) Concurrent Rebuild Remembered Sets
[1.886s][info][gc,marking  ] GC(4) Concurrent Rebuild Remembered Sets 5.084ms
[1.886s][info][gc,start    ] GC(4) Pause Cleanup
[1.886s][info][gc          ] GC(4) Pause Cleanup 13M->13M(512M) 0.076ms
[1.886s][info][gc,cpu      ] GC(4) User=0.00s Sys=0.00s Real=0.00s
[1.886s][info][gc,marking  ] GC(4) Concurrent Cleanup for Next Mark
[1.893s][info][gc,marking  ] GC(4) Concurrent Cleanup for Next Mark 6.747ms
[1.893s][info][gc          ] GC(4) Concurrent Mark Cycle 28.257ms
[2.346s][info][gc,heap,exit] Heap
[2.346s][info][gc,heap,exit]  garbage-first heap   total 524288K, used 94253K [0x00000000c0000000, 0x0000000100000000)
[2.346s][info][gc,heap,exit]   region size 1024K, 89 young (91136K), 8 survivors (8192K)
[2.346s][info][gc,heap,exit]  Metaspace       used 28477K, committed 28864K, reserved 1081344K
[2.346s][info][gc,heap,exit]   class space    used 3610K, committed 3776K, reserved 1048576K
