[0.022s][info][gc] Using G1
[0.025s][info][gc,init] Version: 17.0.6+9-LTS-190 (release)
[0.025s][info][gc,init] CPUs: 4 total, 4 available
[0.025s][info][gc,init] Memory: 15351M
[0.025s][info][gc,init] Large Page Support: Disabled
[0.025s][info][gc,init] NUMA Support: Disabled
[0.025s][info][gc,init] Compressed Oops: Enabled (32-bit)
[0.025s][info][gc,init] Heap Region Size: 1M
[0.025s][info][gc,init] Heap Min Capacity: 512M
[0.025s][info][gc,init] Heap Initial Capacity: 512M
[0.025s][info][gc,init] Heap Max Capacity: 1G
[0.025s][info][gc,init] Pre-touch: Disabled
[0.025s][info][gc,init] Parallel Workers: 4
[0.025s][info][gc,init] Concurrent Workers: 1
[0.025s][info][gc,init] Concurrent Refinement Workers: 4
[0.025s][info][gc,init] Periodic GC: Disabled
[0.025s][info][gc,metaspace] CDS archive(s) mapped at: [0x0000000800000000-0x0000000800be3000-0x0000000800be3000), size 12464128, SharedBaseAddress: 0x0000000800000000, ArchiveRelocationMode: 0.
[0.025s][info][gc,metaspace] Compressed class space mapped at: 0x0000000800c00000-0x0000000840c00000, reserved size: 1073741824
[0.025s][info][gc,metaspace] Narrow klass base: 0x0000000800000000, Narrow klass shift: 0, Narrow klass range: 0x100000000
[0.389s][info][gc,start    ] GC(0) Pause Young (Normal) (G1 Evacuation Pause)
[0.389s][info][gc,task     ] GC(0) Using 4 workers of 4 for evacuation
[0.393s][info][gc,phases   ] GC(0)   Pre Evacuate Collection Set: 0.1ms
[0.393s][info][gc,phases   ] GC(0)   Merge Heap Roots: 0.1ms
[0.393s][info][gc,phases   ] GC(0)   Evacuate Collection Set: 3.2ms
[0.393s][info][gc,phases   ] GC(0)   Post Evacuate Collection Set: 0.2ms
[0.393s][info][gc,phases   ] GC(0)   Other: 0.4ms
[0.393s][info][gc,heap     ] GC(0) Eden regions: 25->0(27)
[0.393s][info][gc,heap     ] GC(0) Survivor regions: 0->4(4)
[0.393s][info][gc,heap     ] GC(0) Old regions: 0->0
[0.393s][info][gc,heap     ] GC(0) Archive regions: 2->2
[0.393s][info][gc,heap     ] GC(0) Humongous regions: 0->0
[0.393s][info][gc,metaspace] GC(0) Metaspace: 2022K(2240K)->2022K(2240K) NonClass: 1814K(1920K)->1814K(1920K) Class: 208K(320K)->208K(320K)
[0.393s][info][gc          ] GC(0) Pause Young (Normal) (G1 Evacuation Pause) 25M->4M(514M) 3.992ms
[0.393s][info][gc,cpu      ] GC(0) User=0.01s Sys=0.00s Real=0.01s
[0.828s][info][gc,start    ] GC(1) Pause Young (Normal) (G1 Evacuation Pause)
[0.828s][info][gc,task     ] GC(1) Using 4 workers of 4 for evacuation
[0.834s][info][gc,phases   ] GC(1)   Pre Evacuate Collection Set: 0.1ms
[0.834s][info][gc,phases   ] GC(1)   Merge Heap Roots: 0.0ms
[0.834s][info][gc,phases   ] GC(1)   Evacuate Collection Set: 6.0ms
[0.834s][info][gc,phases   ] GC(1)   Post Evacuate Collection Set: 0.2ms
[0.834s][info][gc,phases   ] GC(1)   Other: 0.1ms
[0.834s][info][gc,heap     ] GC(1) Eden regions: 27->0(120)
[0.834s][info][gc,heap     ] GC(1) Survivor regions: 4->2(4)
[0.834s][info][gc,heap     ] GC(1) Old regions: 0->4
[0.834s][info][gc,heap     ] GC(1) Archive regions: 2->2
[0.834s][info][gc,heap     ] GC(1) Humongous regions: 0->0
[0.834s][info][gc,metaspace] GC(1) Metaspace: 6539K(6784K)->6539K(6784K) NonClass: 5768K(5888K)->5768K(5888K) Class: 770K(896K)->770K(896K)
[0.834s][info][gc          ] GC(1) Pause Young (Normal) (G1 Evacuation Pause) 31M->6M(514M) 6.437ms
[0.834s][info][gc,cpu      ] GC(1) User=0.02s Sys=0.00s Real=0.01s
[2.164s][info][gc,start    ] GC(2) Pause Young (Concurrent Start) (Metadata GC Threshold)
[2.164s][info][gc,task     ] GC(2) Using 4 workers of 4 for evacuation
[2.172s][info][gc,phases   ] GC(2)   Pre Evacuate Collection Set: 0.1ms
[2.172s][info][gc,phases   ] GC(2)   Merge Heap Roots: 0.0ms
[2.172s][info][gc,phases   ] GC(2)   Evacuate Collection Set: 7.1ms
[2.172s][info][gc,phases   ] GC(2)   Post Evacuate Collection Set: 1.1ms
[2.172s][info][gc,phases   ] GC(2)   Other: 0.1ms
[2.172s][info][gc,heap     ] GC(2) Eden regions: 109->0(118)
[2.172s][info][gc,heap     ] GC(2) Survivor regions: 2->8(16)
[2.172s][info][gc,heap     ] GC(2) Old regions: 4->4
[2.172s][info][gc,heap     ] GC(2) Archive regions: 2->2
[2.172s][info][gc,heap     ] GC(2) Humongous regions: 0->0
[2.172s][info][gc,metaspace] GC(2) Metaspace: 21158K(21504K)->21158K(21504K) NonClass: 18498K(18688K)->18498K(18688K) Class: 2659K(2816K)->2659K(2816K)
[2.172s][info][gc          ] GC(2) Pause Young (Concurrent Start) (Metadata GC Threshold) 115M->12M(514M) 8.646ms
[2.172s][info][gc,cpu      ] GC(2) User=0.02s Sys=0.00s Real=0.00s
[2.172s][info][gc          ] GC(3) Concurrent Mark Cycle
[2.172s][info][gc,marking  ] GC(3) Concurrent Clear Claimed Marks
[2.172s][info][gc,marking  ] GC(3) Concurrent Clear Claimed Marks 0.020ms
[2.172s][info][gc,marking  ] GC(3) Concurrent Scan Root Regions
[2.179s][info][gc,marking  ] GC(3) Concurrent Scan Root Regions 6.199ms
[2.179s][info][gc,marking  ] GC(3) Concurrent Mark
[2.179s][info][gc,marking  ] GC(3) Concurrent Mark From Roots
[2.179s][info][gc,task     ] GC(3) Using 1 workers of 1 for marking
[2.185s][info][gc,marking  ] GC(3) Concurrent Mark From Roots 6.396ms
[2.185s][info][gc,marking  ] GC(3) Concurrent Preclean
[2.185s][info][gc,marking  ] GC(3) Concurrent Preclean 0.041ms
[2.185s][info][gc,start    ] GC(3) Pause Remark
[2.187s][info][gc          ] GC(3) Pause Remark 12M->12M(512M) 2.100ms
[2.187s][info][gc,cpu      ] GC(3) User=0.00s Sys=0.00s Real=0.00s
[2.188s][info][gc,marking  ] GC(3) Concurrent Mark 8.846ms
[2.188s][info][gc,marking  ] GC(3) Concurrent Rebuild Remembered Sets
[2.190s][info][gc,marking  ] GC(3) Concurrent Rebuild Remembered Sets 2.812ms
[2.191s][info][gc,start    ] GC(3) Pause Cleanup
[2.191s][info][gc          ] GC(3) Pause Cleanup 13M->13M(512M) 0.104ms
[2.191s][info][gc,cpu      ] GC(3) User=0.00s Sys=0.00s Real=0.00s
[2.191s][info][gc,marking  ] GC(3) Concurrent Cleanup for Next Mark
[2.194s][info][gc,marking  ] GC(3) Concurrent Cleanup for Next Mark 3.755ms
[2.194s][info][gc          ] GC(3) Concurrent Mark Cycle 22.090ms
[2.928s][info][gc,heap,exit] Heap
[2.928s][info][gc,heap,exit]  garbage-first heap   total 524288K, used 99543K [0x00000000c0000000, 0x0000000100000000)
[2.928s][info][gc,heap,exit]   region size 1024K, 93 young (95232K), 8 survivors (8192K)
[2.928s][info][gc,heap,exit]  Metaspace       used 28739K, committed 29184K, reserved 1081344K
[2.928s][info][gc,heap,exit]   class space    used 3655K, committed 3840K, reserved 1048576K
