[0.021s][info][gc] Using G1
[0.024s][info][gc,init] Version: 17.0.6+9-LTS-190 (release)
[0.024s][info][gc,init] CPUs: 4 total, 4 available
[0.024s][info][gc,init] Memory: 15351M
[0.024s][info][gc,init] Large Page Support: Disabled
[0.024s][info][gc,init] NUMA Support: Disabled
[0.024s][info][gc,init] Compressed Oops: Enabled (32-bit)
[0.024s][info][gc,init] Heap Region Size: 1M
[0.024s][info][gc,init] Heap Min Capacity: 512M
[0.024s][info][gc,init] Heap Initial Capacity: 512M
[0.024s][info][gc,init] Heap Max Capacity: 1G
[0.024s][info][gc,init] Pre-touch: Disabled
[0.024s][info][gc,init] Parallel Workers: 4
[0.024s][info][gc,init] Concurrent Workers: 1
[0.024s][info][gc,init] Concurrent Refinement Workers: 4
[0.024s][info][gc,init] Periodic GC: Disabled
[0.024s][info][gc,metaspace] CDS archive(s) mapped at: [0x0000000800000000-0x0000000800be3000-0x0000000800be3000), size 12464128, SharedBaseAddress: 0x0000000800000000, ArchiveRelocationMode: 0.
[0.024s][info][gc,metaspace] Compressed class space mapped at: 0x0000000800c00000-0x0000000840c00000, reserved size: 1073741824
[0.024s][info][gc,metaspace] Narrow klass base: 0x0000000800000000, Narrow klass shift: 0, Narrow klass range: 0x100000000
[0.288s][info][gc,start    ] GC(0) Pause Young (Normal) (G1 Evacuation Pause)
[0.288s][info][gc,task     ] GC(0) Using 4 workers of 4 for evacuation
[0.290s][info][gc,phases   ] GC(0)   Pre Evacuate Collection Set: 0.1ms
[0.291s][info][gc,phases   ] GC(0)   Merge Heap Roots: 0.0ms
[0.291s][info][gc,phases   ] GC(0)   Evacuate Collection Set: 2.2ms
[0.291s][info][gc,phases   ] GC(0)   Post Evacuate Collection Set: 0.2ms
[0.291s][info][gc,phases   ] GC(0)   Other: 0.3ms
[0.291s][info][gc,heap     ] GC(0) Eden regions: 25->0(27)
[0.291s][info][gc,heap     ] GC(0) Survivor regions: 0->4(4)
[0.291s][info][gc,heap     ] GC(0) Old regions: 0->0
[0.291s][info][gc,heap     ] GC(0) Archive regions: 2->2
[0.291s][info][gc,heap     ] GC(0) Humongous regions: 0->0
[0.291s][info][gc,metaspace] GC(0) Metaspace: 2032K(2240K)->2032K(2240K) NonClass: 1824K(1920K)->1824K(1920K) Class: 208K(320K)->208K(320K)
[0.291s][info][gc          ] GC(0) Pause Young (Normal) (G1 Evacuation Pause) 25M->4M(514M) 2.949ms
[0.291s][info][gc,cpu      ] GC(0) User=0.01s Sys=0.00s Real=0.00s
[0.568s][info][gc,start    ] GC(1) Pause Young (Normal) (G1 Evacuation Pause)
[0.568s][info][gc,task     ] GC(1) Using 4 workers of 4 for evacuation
[0.574s][info][gc,phases   ] GC(1)   Pre Evacuate Collection Set: 0.0ms
[0.574s][info][gc,phases   ] GC(1)   Merge Heap Roots: 0.0ms
[0.574s][info][gc,phases   ] GC(1)   Evacuate Collection Set: 5.5ms
[0.574s][info][gc,phases   ] GC(1)   Post Evacuate Collection Set: 0.3ms
[0.574s][info][gc,phases   ] GC(1)   Other: 0.1ms
[0.574s][info][gc,heap     ] GC(1) Eden regions: 27->0(85)
[0.574s][info][gc,heap     ] GC(1) Survivor regions: 4->2(4)
[0.574s][info][gc,heap     ] GC(1) Old regions: 0->4
[0.574s][info][gc,heap     ] GC(1) Archive regions: 2->2
[0.574s][info][gc,heap     ] GC(1) Humongous regions: 0->0
[0.574s][info][gc,metaspace] GC(1) Metaspace: 6523K(6784K)->6523K(6784K) NonClass: 5750K(5888K)->5750K(5888K) Class: 772K(896K)->772K(896K)
[0.574s][info][gc          ] GC(1) Pause Young (Normal) (G1 Evacuation Pause) 31M->6M(514M) 6.010ms
[0.574s][info][gc,cpu      ] GC(1) User=0.01s Sys=0.00s Real=0.01s
[1.317s][info][gc,start    ] GC(2) Pause Young (Normal) (G1 Evacuation Pause)
[1.317s][info][gc,task     ] GC(2) Using 4 workers of 4 for evacuation
[1.326s][info][gc,phases   ] GC(2)   Pre Evacuate Collection Set: 0.1ms
[1.326s][info][gc,phases   ] GC(2)   Merge Heap Roots: 0.0ms
[1.326s][info][gc,phases   ] GC(2)   Evacuate Collection Set: 8.8ms
[1.326s][info][gc,phases   ] GC(2)   Post Evacuate Collection Set: 0.5ms
[1.326s][info][gc,phases   ] GC(2)   Other: 0.1ms
[1.326s][info][gc,heap     ] GC(2) Eden regions: 85->0(112)
[1.326s][info][gc,heap     ] GC(2) Survivor regions: 2->7(11)
[1.326s][info][gc,heap     ] GC(2) Old regions: 4->4
[1.326s][info][gc,heap     ] GC(2) Archive regions: 2->2
[1.326s][info][gc,heap     ] GC(2) Humongous regions: 0->0
[1.326s][info][gc,metaspace] GC(2) Metaspace: 18594K(18816K)->18594K(18816K) NonClass: 16263K(16384K)->16263K(16384K) Class: 2330K(2432K)->2330K(2432K)
[1.326s][info][gc          ] GC(2) Pause Young (Normal) (G1 Evacuation Pause) 91M->11M(514M) 9.587ms
[1.326s][info][gc,cpu      ] GC(2) User=0.03s Sys=0.00s Real=0.01s
[1.582s][info][gc,start    ] GC(3) Pause Young (Concurrent Start) (Metadata GC Threshold)
[1.582s][info][gc,task     ] GC(3) Using 4 workers of 4 for evacuation
[1.588s][info][gc,phases   ] GC(3)   Pre Evacuate Collection Set: 0.1ms
[1.588s][info][gc,phases   ] GC(3)   Merge Heap Roots: 0.0ms
[1.588s][info][gc,phases   ] GC(3)   Evacuate Collection Set: 5.9ms
[1.588s][info][gc,phases   ] GC(3)   Post Evacuate Collection Set: 0.3ms
[1.588s][info][gc,phases   ] GC(3)   Other: 0.1ms
[1.588s][info][gc,heap     ] GC(3) Eden regions: 24->0(146)
[1.588s][info][gc,heap     ] GC(3) Survivor regions: 7->8(15)
[1.588s][info][gc,heap     ] GC(3) Old regions: 4->4
[1.588s][info][gc,heap     ] GC(3) Archive regions: 2->2
[1.588s][info][gc,heap     ] GC(3) Humongous regions: 0->0
[1.588s][info][gc,metaspace] GC(3) Metaspace: 21213K(21504K)->21213K(21504K) NonClass: 18555K(18688K)->18555K(18688K) Class: 2658K(2816K)->2658K(2816K)
[1.588s][info][gc          ] GC(3) Pause Young (Concurrent Start) (Metadata GC Threshold) 34M->12M(514M) 6.492ms
[1.588s][info][gc,cpu      ] GC(3) User=0.02s Sys=0.01s Real=0.00s
[1.588s][info][gc          ] GC(4) Concurrent Mark Cycle
[1.588s][info][gc,marking  ] GC(4) Concurrent Clear Claimed Marks
[1.588s][info][gc,marking  ] GC(4) Concurrent Clear Claimed Marks 0.020ms
[1.588s][info][gc,marking  ] GC(4) Concurrent Scan Root Regions
[1.594s][info][gc,marking  ] GC(4) Concurrent Scan Root Regions 5.426ms
[1.594s][info][gc,marking  ] GC(4) Concurrent Mark
[1.594s][info][gc,marking  ] GC(4) Concurrent Mark From Roots
[1.594s][info][gc,task     ] GC(4) Using 1 workers of 1 for marking
[1.600s][info][gc,marking  ] GC(4) Concurrent Mark From Roots 6.315ms
[1.600s][info][gc,marking  ] GC(4) Concurrent Preclean
[1.600s][info][gc,marking  ] GC(4) Concurrent Preclean 0.056ms
[1.600s][info][gc,start    ] GC(4) Pause Remark
[1.602s][info][gc          ] GC(4) Pause Remark 12M->12M(512M) 1.619ms
[1.602s][info][gc,cpu      ] GC(4) User=0.01s Sys=0.00s Real=0.00s
[1.602s][info][gc,marking  ] GC(4) Concurrent Mark 8.481ms
[1.602s][info][gc,marking  ] GC(4) Concurrent Rebuild Remembered Sets
[1.605s][info][gc,marking  ] GC(4) Concurrent Rebuild Remembered Sets 2.747ms
[1.605s][info][gc,start    ] GC(4) Pause Cleanup
[1.605s][info][gc          ] GC(4) Pause Cleanup 12M->12M(512M) 0.075ms
[1.605s][info][gc,cpu      ] GC(4) User=0.00s Sys=0.00s Real=0.00s
[1.605s][info][gc,marking  ] GC(4) Concurrent Cleanup for Next Mark
[1.609s][info][gc,marking  ] GC(4) Concurrent Cleanup for Next Mark 4.223ms
[1.609s][info][gc          ] GC(4) Concurrent Mark Cycle 21.283ms
[2.162s][info][gc,heap,exit] Heap
[2.162s][info][gc,heap,exit]  garbage-first heap   total 524288K, used 99690K [0x00000000c0000000, 0x0000000100000000)
[2.162s][info][gc,heap,exit]   region size 1024K, 93 young (95232K), 8 survivors (8192K)
[2.162s][info][gc,heap,exit]  Metaspace       used 28761K, committed 29184K, reserved 1081344K
[2.162s][info][gc,heap,exit]   class space    used 3653K, committed 3840K, reserved 1048576K
