[0.019s][info][gc] Using G1
[0.022s][info][gc,init] Version: 17.0.6+9-LTS-190 (release)
[0.022s][info][gc,init] CPUs: 4 total, 4 available
[0.022s][info][gc,init] Memory: 15351M
[0.022s][info][gc,init] Large Page Support: Disabled
[0.022s][info][gc,init] NUMA Support: Disabled
[0.022s][info][gc,init] Compressed Oops: Enabled (32-bit)
[0.022s][info][gc,init] Heap Region Size: 1M
[0.022s][info][gc,init] Heap Min Capacity: 512M
[0.022s][info][gc,init] Heap Initial Capacity: 512M
[0.022s][info][gc,init] Heap Max Capacity: 1G
[0.022s][info][gc,init] Pre-touch: Disabled
[0.022s][info][gc,init] Parallel Workers: 4
[0.022s][info][gc,init] Concurrent Workers: 1
[0.022s][info][gc,init] Concurrent Refinement Workers: 4
[0.022s][info][gc,init] Periodic GC: Disabled
[0.022s][info][gc,metaspace] CDS archive(s) mapped at: [0x0000000800000000-0x0000000800be3000-0x0000000800be3000), size 12464128, SharedBaseAddress: 0x0000000800000000, ArchiveRelocationMode: 0.
[0.022s][info][gc,metaspace] Compressed class space mapped at: 0x0000000800c00000-0x0000000840c00000, reserved size: 1073741824
[0.022s][info][gc,metaspace] Narrow klass base: 0x0000000800000000, Narrow klass shift: 0, Narrow klass range: 0x100000000
[0.297s][info][gc,start    ] GC(0) Pause Young (Normal) (G1 Evacuation Pause)
[0.298s][info][gc,task     ] GC(0) Using 4 workers of 4 for evacuation
[0.301s][info][gc,phases   ] GC(0)   Pre Evacuate Collection Set: 0.0ms
[0.301s][info][gc,phases   ] GC(0)   Merge Heap Roots: 0.1ms
[0.301s][info][gc,phases   ] GC(0)   Evacuate Collection Set: 2.8ms
[0.301s][info][gc,phases   ] GC(0)   Post Evacuate Collection Set: 0.2ms
[0.301s][info][gc,phases   ] GC(0)   Other: 0.3ms
[0.301s][info][gc,heap     ] GC(0) Eden regions: 25->0(26)
[0.301s][info][gc,heap     ] GC(0) Survivor regions: 0->4(4)
[0.301s][info][gc,heap     ] GC(0) Old regions: 0->0
[0.301s][info][gc,heap     ] GC(0) Archive regions: 2->2
[0.301s][info][gc,heap     ] GC(0) Humongous regions: 0->0
[0.301s][info][gc,metaspace] GC(0) Metaspace: 2027K(2240K)->2027K(2240K) NonClass: 1819K(1920K)->1819K(1920K) Class: 208K(320K)->208K(320K)
[0.301s][info][gc          ] GC(0) Pause Young (Normal) (G1 Evacuation Pause) 25M->4M(514M) 3.383ms
[0.301s][info][gc,cpu      ] GC(0) User=0.01s Sys=0.00s Real=0.00s
[0.605s][info][gc,start    ] GC(1) Pause Young (Normal) (G1 Evacuation Pause)
[0.605s][info][gc,task     ] GC(1) Using 4 workers of 4 for evacuation
[0.610s][info][gc,phases   ] GC(1)   Pre Evacuate Collection Set: 0.2ms
[0.610s][info][gc,phases   ] GC(1)   Merge Heap Roots: 0.0ms
[0.610s][info][gc,phases   ] GC(1)   Evacuate Collection Set: 4.3ms
[0.610s][info][gc,phases   ] GC(1)   Post Evacuate Collection Set: 0.2ms
[0.610s][info][gc,phases   ] GC(1)   Other: 0.1ms
[0.610s][info][gc,heap     ] GC(1) Eden regions: 26->0(78)
[0.610s][info][gc,heap     ] GC(1) Survivor regions: 4->3(4)
[0.610s][info][gc,heap     ] GC(1) Old regions: 0->4
[0.610s][info][gc,heap     ] GC(1) Archive regions: 2->2
[0.610s][info][gc,heap     ] GC(1) Humongous regions: 0->0
[0.610s][info][gc,metaspace] GC(1) Metaspace: 6420K(6656K)->6420K(6656K) NonClass: 5669K(5760K)->5669K(5760K) Class: 751K(896K)->751K(896K)
[0.610s][info][gc          ] GC(1) Pause Young (Normal) (G1 Evacuation Pause) 30M->6M(514M) 4.875ms
[0.610s][info][gc,cpu      ] GC(1) User=0.01s Sys=0.00s Real=0.00s
[1.330s][info][gc,start    ] GC(2) Pause Young (Normal) (G1 Evacuation Pause)
[1.330s][info][gc,task     ] GC(2) Using 4 workers of 4 for evacuation
[1.339s][info][gc,phases   ] GC(2)   Pre Evacuate Collection Set: 0.1ms
[1.339s][info][gc,phases   ] GC(2)   Merge Heap Roots: 0.0ms
[1.339s][info][gc,phases   ] GC(2)   Evacuate Collection Set: 8.9ms
[1.339s][info][gc,phases   ] GC(2)   Post Evacuate Collection Set: 0.4ms
[1.339s][info][gc,phases   ] GC(2)   Other: 0.1ms
[1.340s][info][gc,heap     ] GC(2) Eden regions: 78->0(118)
[1.340s][info][gc,heap     ] GC(2) Survivor regions: 3->7(11)
[1.340s][info][gc,heap     ] GC(2) Old regions: 4->4
[1.340s][info][gc,heap     ] GC(2) Archive regions: 2->2
[1.340s][info][gc,heap     ] GC(2) Humongous regions: 0->0
[1.340s][info][gc,metaspace] GC(2) Metaspace: 18140K(18432K)->18140K(18432K) NonClass: 15861K(16064K)->15861K(16064K) Class: 2278K(2368K)->2278K(2368K)
[1.340s][info][gc          ] GC(2) Pause Young (Normal) (G1 Evacuation Pause) 84M->10M(514M) 9.641ms
[1.340s][info][gc,cpu      ] GC(2) User=0.04s Sys=0.00s Real=0.01s
[1.670s][info][gc,start    ] GC(3) Pause Young (Concurrent Start) (Metadata GC Threshold)
[1.670s][info][gc,task     ] GC(3) Using 4 workers of 4 for evacuation
[1.681s][info][gc,phases   ] GC(3)   Pre Evacuate Collection Set: 0.1ms
[1.681s][info][gc,phases   ] GC(3)   Merge Heap Roots: 0.0ms
[1.681s][info][gc,phases   ] GC(3)   Evacuate Collection Set: 9.4ms
[1.681s][info][gc,phases   ] GC(3)   Post Evacuate Collection Set: 0.6ms
[1.681s][info][gc,phases   ] GC(3)   Other: 0.2ms
[1.681s][info][gc,heap     ] GC(3) Eden regions: 31->0(135)
[1.681s][info][gc,heap     ] GC(3) Survivor regions: 7->8(16)
[1.681s][info][gc,heap     ] GC(3) Old regions: 4->4
[1.681s][info][gc,heap     ] GC(3) Archive regions: 2->2
[1.681s][info][gc,heap     ] GC(3) Humongous regions: 0->0
[1.681s][info][gc,metaspace] GC(3) Metaspace: 21193K(21504K)->21193K(21504K) NonClass: 18538K(18688K)->18538K(18688K) Class: 2655K(2816K)->2655K(2816K)
[1.681s][info][gc          ] GC(3) Pause Young (Concurrent Start) (Metadata GC Threshold) 41M->12M(514M) 10.352ms
[1.681s][info][gc,cpu      ] GC(3) User=0.03s Sys=0.00s Real=0.00s
[1.681s][info][gc          ] GC(4) Concurrent Mark Cycle
[1.681s][info][gc,marking  ] GC(4) Concurrent Clear Claimed Marks
[1.681s][info][gc,marking  ] GC(4) Concurrent Clear Claimed Marks 0.019ms
[1.681s][info][gc,marking  ] GC(4) Concurrent Scan Root Regions
[1.686s][info][gc,marking  ] GC(4) Concurrent Scan Root Regions 5.393ms
[1.686s][info][gc,marking  ] GC(4) Concurrent Mark
[1.686s][info][gc,marking  ] GC(4) Concurrent Mark From Roots
[1.686s][info][gc,task     ] GC(4) Using 1 workers of 1 for marking
[1.692s][info][gc,marking  ] GC(4) Concurrent Mark From Roots 6.124ms
[1.692s][info][gc,marking  ] GC(4) Concurrent Preclean
[1.692s][info][gc,marking  ] GC(4) Concurrent Preclean 0.037ms
[1.693s][info][gc,start    ] GC(4) Pause Remark
[1.695s][info][gc          ] GC(4) Pause Remark 13M->13M(512M) 2.187ms
[1.695s][info][gc,cpu      ] GC(4) User=0.01s Sys=0.00s Real=0.00s
[1.695s][info][gc,marking  ] GC(4) Concurrent Mark 8.597ms
[1.695s][info][gc,marking  ] GC(4) Concurrent Rebuild Remembered Sets
[1.697s][info][gc,marking  ] GC(4) Concurrent Rebuild Remembered Sets 2.588ms
[1.698s][info][gc,start    ] GC(4) Pause Cleanup
[1.698s][info][gc          ] GC(4) Pause Cleanup 13M->13M(512M) 0.078ms
[1.698s][info][gc,cpu      ] GC(4) User=0.00s Sys=0.00s Real=0.00s
[1.698s][info][gc,marking  ] GC(4) Concurrent Cleanup for Next Mark
[1.702s][info][gc,marking  ] GC(4) Concurrent Cleanup for Next Mark 4.107ms
[1.702s][info][gc          ] GC(4) Concurrent Mark Cycle 21.197ms
[2.194s][info][gc,heap,exit] Heap
[2.194s][info][gc,heap,exit]  garbage-first heap   total 524288K, used 99379K [0x00000000c0000000, 0x0000000100000000)
[2.194s][info][gc,heap,exit]   region size 1024K, 93 young (95232K), 8 survivors (8192K)
[2.194s][info][gc,heap,exit]  Metaspace       used 28809K, committed 29248K, reserved 1081344K
[2.194s][info][gc,heap,exit]   class space    used 3653K, committed 3840K, reserved 1048576K
