[0.022s][info][gc] Using G1
[0.024s][info][gc,init] Version: 17.0.6+9-LTS-190 (release)
[0.024s][info][gc,init] CPUs: 4 total, 4 available
[0.024s][info][gc,init] Memory: 15351M
[0.024s][info][gc,init] Large Page Support: Disabled
[0.024s][info][gc,init] NUMA Support: Disabled
[0.024s][info][gc,init] Compressed Oops: Enabled (32-bit)
[0.024s][info][gc,init] Heap Region Size: 1M
[0.024s][info][gc,init] Heap Min Capacity: 512M
[0.024s][info][gc,init] Heap Initial Capacity: 512M
[0.024s][info][gc,init] Heap Max Capacity: 1G
[0.024s][info][gc,init] Pre-touch: Disabled
[0.024s][info][gc,init] Parallel Workers: 4
[0.024s][info][gc,init] Concurrent Workers: 1
[0.024s][info][gc,init] Concurrent Refinement Workers: 4
[0.024s][info][gc,init] Periodic GC: Disabled
[0.024s][info][gc,metaspace] CDS archive(s) mapped at: [0x0000000800000000-0x0000000800be3000-0x0000000800be3000), size 12464128, SharedBaseAddress: 0x0000000800000000, ArchiveRelocationMode: 0.
[0.024s][info][gc,metaspace] Compressed class space mapped at: 0x0000000800c00000-0x0000000840c00000, reserved size: 1073741824
[0.024s][info][gc,metaspace] Narrow klass base: 0x0000000800000000, Narrow klass shift: 0, Narrow klass range: 0x100000000
[0.271s][info][gc,start    ] GC(0) Pause Young (Normal) (G1 Evacuation Pause)
[0.272s][info][gc,task     ] GC(0) Using 4 workers of 4 for evacuation
[0.277s][info][gc,phases   ] GC(0)   Pre Evacuate Collection Set: 0.1ms
[0.277s][info][gc,phases   ] GC(0)   Merge Heap Roots: 0.0ms
[0.277s][info][gc,phases   ] GC(0)   Evacuate Collection Set: 4.9ms
[0.277s][info][gc,phases   ] GC(0)   Post Evacuate Collection Set: 0.2ms
[0.277s][info][gc,phases   ] GC(0)   Other: 0.4ms
[0.277s][info][gc,heap     ] GC(0) Eden regions: 25->0(27)
[0.277s][info][gc,heap     ] GC(0) Survivor regions: 0->4(4)
[0.277s][info][gc,heap     ] GC(0) Old regions: 0->0
[0.277s][info][gc,heap     ] GC(0) Archive regions: 2->2
[0.277s][info][gc,heap     ] GC(0) Humongous regions: 0->0
[0.277s][info][gc,metaspace] GC(0) Metaspace: 2032K(2240K)->2032K(2240K) NonClass: 1823K(1920K)->1823K(1920K) Class: 208K(320K)->208K(320K)
[0.277s][info][gc          ] GC(0) Pause Young (Normal) (G1 Evacuation Pause) 25M->4M(514M) 5.614ms
[0.277s][info][gc,cpu      ] GC(0) User=0.01s Sys=0.01s Real=0.01s
[0.583s][info][gc,start    ] GC(1) Pause Young (Normal) (G1 Evacuation Pause)
[0.583s][info][gc,task     ] GC(1) Using 4 workers of 4 for evacuation
[0.588s][info][gc,phases   ] GC(1)   Pre Evacuate Collection Set: 0.1ms
[0.588s][info][gc,phases   ] GC(1)   Merge Heap Roots: 0.0ms
[0.588s][info][gc,phases   ] GC(1)   Evacuate Collection Set: 4.8ms
[0.588s][info][gc,phases   ] GC(1)   Post Evacuate Collection Set: 0.3ms
[0.588s][info][gc,phases   ] GC(1)   Other: 0.1ms
[0.588s][info][gc,heap     ] GC(1) Eden regions: 27->0(74)
[0.588s][info][gc,heap     ] GC(1) Survivor regions: 4->3(4)
[0.588s][info][gc,heap     ] GC(1) Old regions: 0->4
[0.588s][info][gc,heap     ] GC(1) Archive regions: 2->2
[0.588s][info][gc,heap     ] GC(1) Humongous regions: 0->0
[0.588s][info][gc,metaspace] GC(1) Metaspace: 6712K(6976K)->6712K(6976K) NonClass: 5911K(6016K)->5911K(6016K) Class: 801K(960K)->801K(960K)
[0.588s][info][gc          ] GC(1) Pause Young (Normal) (G1 Evacuation Pause) 31M->6M(514M) 5.488ms
[0.588s][info][gc,cpu      ] GC(1) User=0.02s Sys=0.01s Real=0.01s
[1.199s][info][gc,start    ] GC(2) Pause Young (Normal) (G1 Evacuation Pause)
[1.199s][info][gc,task     ] GC(2) Using 4 workers of 4 for evacuation
[1.209s][info][gc,phases   ] GC(2)   Pre Evacuate Collection Set: 0.1ms
[1.209s][info][gc,phases   ] GC(2)   Merge Heap Roots: 0.0ms
[1.209s][info][gc,phases   ] GC(2)   Evacuate Collection Set: 7.5ms
[1.209s][info][gc,phases   ] GC(2)   Post Evacuate Collection Set: 1.6ms
[1.209s][info][gc,phases   ] GC(2)   Other: 0.1ms
[1.209s][info][gc,heap     ] GC(2) Eden regions: 74->0(125)
[1.209s][info][gc,heap     ] GC(2) Survivor regions: 3->6(10)
[1.209s][info][gc,heap     ] GC(2) Old regions: 4->4
[1.209s][info][gc,heap     ] GC(2) Archive regions: 2->2
[1.209s][info][gc,heap     ] GC(2) Humongous regions: 0->0
[1.209s][info][gc,metaspace] GC(2) Metaspace: 18001K(18304K)->18001K(18304K) NonClass: 15748K(15936K)->15748K(15936K) Class: 2252K(2368K)->2252K(2368K)
[1.209s][info][gc          ] GC(2) Pause Young (Normal) (G1 Evacuation Pause) 80M->10M(514M) 9.471ms
[1.209s][info][gc,cpu      ] GC(2) User=0.03s Sys=0.00s Real=0.01s
[1.535s][info][gc,start    ] GC(3) Pause Young (Concurrent Start) (Metadata GC Threshold)
[1.535s][info][gc,task     ] GC(3) Using 4 workers of 4 for evacuation
[1.540s][info][gc,phases   ] GC(3)   Pre Evacuate Collection Set: 0.1ms
[1.540s][info][gc,phases   ] GC(3)   Merge Heap Roots: 0.0ms
[1.540s][info][gc,phases   ] GC(3)   Evacuate Collection Set: 4.6ms
[1.540s][info][gc,phases   ] GC(3)   Post Evacuate Collection Set: 0.5ms
[1.540s][info][gc,phases   ] GC(3)   Other: 0.1ms
[1.540s][info][gc,heap     ] GC(3) Eden regions: 35->0(191)
[1.540s][info][gc,heap     ] GC(3) Survivor regions: 6->8(17)
[1.540s][info][gc,heap     ] GC(3) Old regions: 4->4
[1.540s][info][gc,heap     ] GC(3) Archive regions: 2->2
[1.540s][info][gc,heap     ] GC(3) Humongous regions: 0->0
[1.540s][info][gc,metaspace] GC(3) Metaspace: 21206K(21504K)->21206K(21504K) NonClass: 18555K(18688K)->18555K(18688K) Class: 2651K(2816K)->2651K(2816K)
[1.540s][info][gc          ] GC(3) Pause Young (Concurrent Start) (Metadata GC Threshold) 45M->12M(514M) 5.396ms
[1.540s][info][gc,cpu      ] GC(3) User=0.02s Sys=0.00s Real=0.01s
[1.540s][info][gc          ] GC(4) Concurrent Mark Cycle
[1.540s][info][gc,marking  ] GC(4) Concurrent Clear Claimed Marks
[1.540s][info][gc,marking  ] GC(4) Concurrent Clear Claimed Marks 0.024ms
[1.540s][info][gc,marking  ] GC(4) Concurrent Scan Root Regions
[1.544s][info][gc,marking  ] GC(4) Concurrent Scan Root Regions 3.598ms
[1.544s][info][gc,marking  ] GC(4) Concurrent Mark
[1.544s][info][gc,marking  ] GC(4) Concurrent Mark From Roots
[1.544s][info][gc,task     ] GC(4) Using 1 workers of 1 for marking
[1.550s][info][gc,marking  ] GC(4) Concurrent Mark From Roots 5.967ms
[1.550s][info][gc,marking  ] GC(4) Concurrent Preclean
[1.550s][info][gc,marking  ] GC(4) Concurrent Preclean 0.039ms
[1.550s][info][gc,start    ] GC(4) Pause Remark
[1.552s][info][gc          ] GC(4) Pause Remark 13M->13M(512M) 1.506ms
[1.552s][info][gc,cpu      ] GC(4) User=0.00s Sys=0.00s Real=0.00s
[1.552s][info][gc,marking  ] GC(4) Concurrent Mark 7.975ms
[1.552s][info][gc,marking  ] GC(4) Concurrent Rebuild Remembered Sets
[1.558s][info][gc,marking  ] GC(4) Concurrent Rebuild Remembered Sets 6.013ms
[1.558s][info][gc,start    ] GC(4) Pause Cleanup
[1.558s][info][gc          ] GC(4) Pause Cleanup 13M->13M(512M) 0.082ms
[1.558s][info][gc,cpu      ] GC(4) User=0.00s Sys=0.00s Real=0.00s
[1.558s][info][gc,marking  ] GC(4) Concurrent Cleanup for Next Mark
[1.562s][info][gc,marking  ] GC(4) Concurrent Cleanup for Next Mark 4.022ms
[1.562s][info][gc          ] GC(4) Concurrent Mark Cycle 22.120ms
[1.973s][info][gc,heap,exit] Heap
[1.973s][info][gc,heap,exit]  garbage-first heap   total 524288K, used 96546K [0x00000000c0000000, 0x0000000100000000)
[1.973s][info][gc,heap,exit]   region size 1024K, 90 young (92160K), 8 survivors (8192K)
[1.973s][info][gc,heap,exit]  Metaspace       used 28762K, committed 29184K, reserved 1081344K
[1.973s][info][gc,heap,exit]   class space    used 3650K, committed 3840K, reserved 1048576K
